// Jest Snapshot v1, https://goo.gl/fbAQLP

exports[`actionExecutionHandler action.name=PARTIAL_INGEST 1`] = `
Object {
  "entities": Array [],
  "errors": Array [
    Object {
      "_key": "bob",
      "_type": "github_member",
      "message": "github_pullrequest is the only supported entity type.",
    },
    Object {
      "_key": "j1-ingest/reimagined-barnacle/pull-requests/19",
      "_type": "github_pullrequest",
      "message": "Failed to collect data for entity.",
    },
    Object {
      "_key": "j1-ingest/reimagined-barnacle/pull-requests/190000",
      "_type": "github_pullrequest",
      "message": "Failed to collect data for entity.",
    },
  ],
}
`;
