// Jest Snapshot v1, https://goo.gl/fbAQLP

exports[`fetchApps exec handler 1`] = `
Object {
  "collectedEntities": Array [
    Object {
      "_class": Array [
        "Application",
      ],
      "_key": "GitHubAppInstallation_17214088",
      "_rawData": Array [
        Object {
          "name": "default",
          "rawData": Object {
            "access_tokens_url": "https://api.github.com/app/installations/17214088/access_tokens",
            "account": Object {
              "avatar_url": "https://avatars.githubusercontent.com/u/84923503?v=4",
              "events_url": "https://api.github.com/users/Kei-Institute/events{/privacy}",
              "followers_url": "https://api.github.com/users/Kei-Institute/followers",
              "following_url": "https://api.github.com/users/Kei-Institute/following{/other_user}",
              "gists_url": "https://api.github.com/users/Kei-Institute/gists{/gist_id}",
              "gravatar_id": "",
              "html_url": "https://github.com/Kei-Institute",
              "id": 84923503,
              "login": "Kei-Institute",
              "node_id": "MDEyOk9yZ2FuaXphdGlvbjg0OTIzNTAz",
              "organizations_url": "https://api.github.com/users/Kei-Institute/orgs",
              "received_events_url": "https://api.github.com/users/Kei-Institute/received_events",
              "repos_url": "https://api.github.com/users/Kei-Institute/repos",
              "site_admin": false,
              "starred_url": "https://api.github.com/users/Kei-Institute/starred{/owner}{/repo}",
              "subscriptions_url": "https://api.github.com/users/Kei-Institute/subscriptions",
              "type": "Organization",
              "url": "https://api.github.com/users/Kei-Institute",
            },
            "app_id": 117431,
            "app_slug": "jupiterone-kei-institute",
            "created_at": "2021-05-27T15:42:53.000Z",
            "events": Array [],
            "has_multiple_single_files": false,
            "html_url": "https://github.com/organizations/Kei-Institute/settings/installations/17214088",
            "id": 17214088,
            "permissions": Object {
              "actions": "read",
              "contents": "read",
              "environments": "read",
              "issues": "read",
              "members": "read",
              "metadata": "read",
              "organization_administration": "read",
              "organization_secrets": "read",
              "pull_requests": "read",
              "secrets": "read",
            },
            "repositories_url": "https://api.github.com/installation/repositories",
            "repository_selection": "all",
            "single_file_name": null,
            "single_file_paths": Array [],
            "suspended_at": null,
            "suspended_by": null,
            "target_id": 84923503,
            "target_type": "Organization",
            "updated_at": "2022-01-11T17:09:24.000Z",
          },
        },
      ],
      "_type": "github_app",
      "appId": 117431,
      "appSlug": "jupiterone-kei-institute",
      "createdOn": 1622130173000,
      "displayName": "jupiterone-kei-institute",
      "events": Array [],
      "hasMultipleSingleFiles": false,
      "installationId": 17214088,
      "name": "jupiterone-kei-institute",
      "permissions.actions": "read",
      "permissions.contents": "read",
      "permissions.environments": "read",
      "permissions.issues": "read",
      "permissions.members": "read",
      "permissions.metadata": "read",
      "permissions.organization-administration": "read",
      "permissions.organization-secrets": "read",
      "permissions.pull-requests": "read",
      "permissions.secrets": "read",
      "repositorySelection": "all",
      "singleFileName": "",
      "singleFilePaths": Array [],
      "suspendedOn": undefined,
      "targetId": 84923503,
      "targetType": "Organization",
      "updatedOn": 1641920964000,
      "webLink": "https://github.com/organizations/Kei-Institute/settings/installations/17214088",
    },
    Object {
      "_class": Array [
        "Application",
      ],
      "_key": "GitHubAppInstallation_18645336",
      "_rawData": Array [
        Object {
          "name": "default",
          "rawData": Object {
            "access_tokens_url": "https://api.github.com/app/installations/18645336/access_tokens",
            "account": Object {
              "avatar_url": "https://avatars.githubusercontent.com/u/84923503?v=4",
              "events_url": "https://api.github.com/users/Kei-Institute/events{/privacy}",
              "followers_url": "https://api.github.com/users/Kei-Institute/followers",
              "following_url": "https://api.github.com/users/Kei-Institute/following{/other_user}",
              "gists_url": "https://api.github.com/users/Kei-Institute/gists{/gist_id}",
              "gravatar_id": "",
              "html_url": "https://github.com/Kei-Institute",
              "id": 84923503,
              "login": "Kei-Institute",
              "node_id": "MDEyOk9yZ2FuaXphdGlvbjg0OTIzNTAz",
              "organizations_url": "https://api.github.com/users/Kei-Institute/orgs",
              "received_events_url": "https://api.github.com/users/Kei-Institute/received_events",
              "repos_url": "https://api.github.com/users/Kei-Institute/repos",
              "site_admin": false,
              "starred_url": "https://api.github.com/users/Kei-Institute/starred{/owner}{/repo}",
              "subscriptions_url": "https://api.github.com/users/Kei-Institute/subscriptions",
              "type": "Organization",
              "url": "https://api.github.com/users/Kei-Institute",
            },
            "app_id": 19640,
            "app_slug": "jupiterone-dev",
            "created_at": "2021-08-02T19:57:19.000Z",
            "events": Array [],
            "has_multiple_single_files": false,
            "html_url": "https://github.com/organizations/Kei-Institute/settings/installations/18645336",
            "id": 18645336,
            "permissions": Object {
              "actions": "read",
              "environments": "read",
              "issues": "read",
              "members": "read",
              "metadata": "read",
              "organization_administration": "read",
              "organization_secrets": "read",
              "pull_requests": "read",
              "secrets": "read",
              "statuses": "read",
              "vulnerability_alerts": "read",
            },
            "repositories_url": "https://api.github.com/installation/repositories",
            "repository_selection": "all",
            "single_file_name": null,
            "single_file_paths": Array [],
            "suspended_at": null,
            "suspended_by": null,
            "target_id": 84923503,
            "target_type": "Organization",
            "updated_at": "2022-01-03T23:25:17.000Z",
          },
        },
      ],
      "_type": "github_app",
      "appId": 19640,
      "appSlug": "jupiterone-dev",
      "createdOn": 1627934239000,
      "displayName": "jupiterone-dev",
      "events": Array [],
      "hasMultipleSingleFiles": false,
      "installationId": 18645336,
      "name": "jupiterone-dev",
      "permissions.actions": "read",
      "permissions.environments": "read",
      "permissions.issues": "read",
      "permissions.members": "read",
      "permissions.metadata": "read",
      "permissions.organization-administration": "read",
      "permissions.organization-secrets": "read",
      "permissions.pull-requests": "read",
      "permissions.secrets": "read",
      "permissions.statuses": "read",
      "permissions.vulnerability-alerts": "read",
      "repositorySelection": "all",
      "singleFileName": "",
      "singleFilePaths": Array [],
      "suspendedOn": undefined,
      "targetId": 84923503,
      "targetType": "Organization",
      "updatedOn": 1641252317000,
      "webLink": "https://github.com/organizations/Kei-Institute/settings/installations/18645336",
    },
    Object {
      "_class": Array [
        "Application",
      ],
      "_key": "GitHubAppInstallation_18830467",
      "_rawData": Array [
        Object {
          "name": "default",
          "rawData": Object {
            "access_tokens_url": "https://api.github.com/app/installations/18830467/access_tokens",
            "account": Object {
              "avatar_url": "https://avatars.githubusercontent.com/u/84923503?v=4",
              "events_url": "https://api.github.com/users/Kei-Institute/events{/privacy}",
              "followers_url": "https://api.github.com/users/Kei-Institute/followers",
              "following_url": "https://api.github.com/users/Kei-Institute/following{/other_user}",
              "gists_url": "https://api.github.com/users/Kei-Institute/gists{/gist_id}",
              "gravatar_id": "",
              "html_url": "https://github.com/Kei-Institute",
              "id": 84923503,
              "login": "Kei-Institute",
              "node_id": "MDEyOk9yZ2FuaXphdGlvbjg0OTIzNTAz",
              "organizations_url": "https://api.github.com/users/Kei-Institute/orgs",
              "received_events_url": "https://api.github.com/users/Kei-Institute/received_events",
              "repos_url": "https://api.github.com/users/Kei-Institute/repos",
              "site_admin": false,
              "starred_url": "https://api.github.com/users/Kei-Institute/starred{/owner}{/repo}",
              "subscriptions_url": "https://api.github.com/users/Kei-Institute/subscriptions",
              "type": "Organization",
              "url": "https://api.github.com/users/Kei-Institute",
            },
            "app_id": 20361,
            "app_slug": "jupiterone-io",
            "created_at": "2021-08-12T18:55:22.000Z",
            "events": Array [],
            "has_multiple_single_files": false,
            "html_url": "https://github.com/organizations/Kei-Institute/settings/installations/18830467",
            "id": 18830467,
            "permissions": Object {
              "actions": "read",
              "environments": "read",
              "issues": "read",
              "members": "read",
              "metadata": "read",
              "organization_administration": "read",
              "organization_secrets": "read",
              "pull_requests": "read",
              "secrets": "read",
            },
            "repositories_url": "https://api.github.com/installation/repositories",
            "repository_selection": "all",
            "single_file_name": null,
            "single_file_paths": Array [],
            "suspended_at": null,
            "suspended_by": null,
            "target_id": 84923503,
            "target_type": "Organization",
            "updated_at": "2022-01-03T22:26:51.000Z",
          },
        },
      ],
      "_type": "github_app",
      "appId": 20361,
      "appSlug": "jupiterone-io",
      "createdOn": 1628794522000,
      "displayName": "jupiterone-io",
      "events": Array [],
      "hasMultipleSingleFiles": false,
      "installationId": 18830467,
      "name": "jupiterone-io",
      "permissions.actions": "read",
      "permissions.environments": "read",
      "permissions.issues": "read",
      "permissions.members": "read",
      "permissions.metadata": "read",
      "permissions.organization-administration": "read",
      "permissions.organization-secrets": "read",
      "permissions.pull-requests": "read",
      "permissions.secrets": "read",
      "repositorySelection": "all",
      "singleFileName": "",
      "singleFilePaths": Array [],
      "suspendedOn": undefined,
      "targetId": 84923503,
      "targetType": "Organization",
      "updatedOn": 1641248811000,
      "webLink": "https://github.com/organizations/Kei-Institute/settings/installations/18830467",
    },
    Object {
      "_class": Array [
        "Application",
      ],
      "_key": "GitHubAppInstallation_19232829",
      "_rawData": Array [
        Object {
          "name": "default",
          "rawData": Object {
            "access_tokens_url": "https://api.github.com/app/installations/19232829/access_tokens",
            "account": Object {
              "avatar_url": "https://avatars.githubusercontent.com/u/84923503?v=4",
              "events_url": "https://api.github.com/users/Kei-Institute/events{/privacy}",
              "followers_url": "https://api.github.com/users/Kei-Institute/followers",
              "following_url": "https://api.github.com/users/Kei-Institute/following{/other_user}",
              "gists_url": "https://api.github.com/users/Kei-Institute/gists{/gist_id}",
              "gravatar_id": "",
              "html_url": "https://github.com/Kei-Institute",
              "id": 84923503,
              "login": "Kei-Institute",
              "node_id": "MDEyOk9yZ2FuaXphdGlvbjg0OTIzNTAz",
              "organizations_url": "https://api.github.com/users/Kei-Institute/orgs",
              "received_events_url": "https://api.github.com/users/Kei-Institute/received_events",
              "repos_url": "https://api.github.com/users/Kei-Institute/repos",
              "site_admin": false,
              "starred_url": "https://api.github.com/users/Kei-Institute/starred{/owner}{/repo}",
              "subscriptions_url": "https://api.github.com/users/Kei-Institute/subscriptions",
              "type": "Organization",
              "url": "https://api.github.com/users/Kei-Institute",
            },
            "app_id": 135931,
            "app_slug": "kai-institute-mknoedel",
            "created_at": "2021-09-02T18:37:08.000Z",
            "events": Array [],
            "has_multiple_single_files": false,
            "html_url": "https://github.com/organizations/Kei-Institute/settings/installations/19232829",
            "id": 19232829,
            "permissions": Object {
              "members": "read",
              "metadata": "read",
              "organization_administration": "read",
              "organization_secrets": "read",
              "secrets": "read",
            },
            "repositories_url": "https://api.github.com/installation/repositories",
            "repository_selection": "all",
            "single_file_name": null,
            "single_file_paths": Array [],
            "suspended_at": null,
            "suspended_by": null,
            "target_id": 84923503,
            "target_type": "Organization",
            "updated_at": "2021-09-02T18:58:19.000Z",
          },
        },
      ],
      "_type": "github_app",
      "appId": 135931,
      "appSlug": "kai-institute-mknoedel",
      "createdOn": 1630607828000,
      "displayName": "kai-institute-mknoedel",
      "events": Array [],
      "hasMultipleSingleFiles": false,
      "installationId": 19232829,
      "name": "kai-institute-mknoedel",
      "permissions.members": "read",
      "permissions.metadata": "read",
      "permissions.organization-administration": "read",
      "permissions.organization-secrets": "read",
      "permissions.secrets": "read",
      "repositorySelection": "all",
      "singleFileName": "",
      "singleFilePaths": Array [],
      "suspendedOn": undefined,
      "targetId": 84923503,
      "targetType": "Organization",
      "updatedOn": 1630609099000,
      "webLink": "https://github.com/organizations/Kei-Institute/settings/installations/19232829",
    },
  ],
  "collectedRelationships": Array [
    Object {
      "_class": "INSTALLED",
      "_fromEntityKey": "MDEyOk9yZ2FuaXphdGlvbjg0OTIzNTAz",
      "_key": "MDEyOk9yZ2FuaXphdGlvbjg0OTIzNTAz|installed|GitHubAppInstallation_17214088",
      "_toEntityKey": "GitHubAppInstallation_17214088",
      "_type": "github_account_installed_app",
      "displayName": "INSTALLED",
    },
    Object {
      "_class": "INSTALLED",
      "_fromEntityKey": "MDEyOk9yZ2FuaXphdGlvbjg0OTIzNTAz",
      "_key": "MDEyOk9yZ2FuaXphdGlvbjg0OTIzNTAz|installed|GitHubAppInstallation_18645336",
      "_toEntityKey": "GitHubAppInstallation_18645336",
      "_type": "github_account_installed_app",
      "displayName": "INSTALLED",
    },
    Object {
      "_class": "INSTALLED",
      "_fromEntityKey": "MDEyOk9yZ2FuaXphdGlvbjg0OTIzNTAz",
      "_key": "MDEyOk9yZ2FuaXphdGlvbjg0OTIzNTAz|installed|GitHubAppInstallation_18830467",
      "_toEntityKey": "GitHubAppInstallation_18830467",
      "_type": "github_account_installed_app",
      "displayName": "INSTALLED",
    },
    Object {
      "_class": "INSTALLED",
      "_fromEntityKey": "MDEyOk9yZ2FuaXphdGlvbjg0OTIzNTAz",
      "_key": "MDEyOk9yZ2FuaXphdGlvbjg0OTIzNTAz|installed|GitHubAppInstallation_19232829",
      "_toEntityKey": "GitHubAppInstallation_19232829",
      "_type": "github_account_installed_app",
      "displayName": "INSTALLED",
    },
  ],
  "encounteredTypes": Array [
    "github_account",
    "github_app",
    "github_account_installed_app",
  ],
  "numCollectedEntities": 4,
  "numCollectedRelationships": 4,
}
`;
