// Jest Snapshot v1, https://goo.gl/fbAQLP

exports[`fetchBranchProtectionRules exec handler 1`] = `
Object {
  "collectedEntities": Array [
    Object {
      "_class": Array [
        "Rule",
      ],
      "_key": "https://api.github.com/repos/j1-ingest/reimagined-barnacle/branches/main/protection",
      "_rawData": Array [
        Object {
          "name": "default",
          "rawData": Object {
            "allow_deletions": Object {
              "enabled": false,
            },
            "allow_force_pushes": Object {
              "enabled": false,
            },
            "block_creations": Object {
              "enabled": false,
            },
            "enforce_admins": Object {
              "enabled": true,
              "url": "https://api.github.com/repos/j1-ingest/reimagined-barnacle/branches/main/protection/enforce_admins",
            },
            "required_conversation_resolution": Object {
              "enabled": false,
            },
            "required_linear_history": Object {
              "enabled": false,
            },
            "required_pull_request_reviews": Object {
              "bypass_pull_request_allowances": Object {
                "apps": Array [],
                "teams": Array [
                  Object {
                    "description": "Is this team nested?",
                    "html_url": "https://github.com/orgs/j1-ingest/teams/j1-nested-team",
                    "id": 5790554,
                    "members_url": "https://api.github.com/organizations/100235621/team/5790554/members{/member}",
                    "name": "j1-nested-team",
                    "node_id": "T_kwDOBfl5Zc4AWFta",
                    "parent": Object {
                      "description": "Testing the GitHub Integration",
                      "html_url": "https://github.com/orgs/j1-ingest/teams/j1-github-ingest",
                      "id": 5759141,
                      "members_url": "https://api.github.com/organizations/100235621/team/5759141/members{/member}",
                      "name": "j1-github-ingest",
                      "node_id": "T_kwDOBfl5Zc4AV-Cl",
                      "permission": "pull",
                      "privacy": "closed",
                      "repositories_url": "https://api.github.com/organizations/100235621/team/5759141/repos",
                      "slug": "j1-github-ingest",
                      "url": "https://api.github.com/organizations/100235621/team/5759141",
                    },
                    "permission": "pull",
                    "privacy": "closed",
                    "repositories_url": "https://api.github.com/organizations/100235621/team/5790554/repos",
                    "slug": "j1-nested-team",
                    "url": "https://api.github.com/organizations/100235621/team/5790554",
                  },
                ],
                "users": Array [
                  Object {
                    "avatar_url": "https://avatars.githubusercontent.com/u/16562085?v=4",
                    "events_url": "https://api.github.com/users/electricgull/events{/privacy}",
                    "followers_url": "https://api.github.com/users/electricgull/followers",
                    "following_url": "https://api.github.com/users/electricgull/following{/other_user}",
                    "gists_url": "https://api.github.com/users/electricgull/gists{/gist_id}",
                    "gravatar_id": "",
                    "html_url": "https://github.com/electricgull",
                    "id": 16562085,
                    "login": "electricgull",
                    "node_id": "MDQ6VXNlcjE2NTYyMDg1",
                    "organizations_url": "https://api.github.com/users/electricgull/orgs",
                    "received_events_url": "https://api.github.com/users/electricgull/received_events",
                    "repos_url": "https://api.github.com/users/electricgull/repos",
                    "site_admin": false,
                    "starred_url": "https://api.github.com/users/electricgull/starred{/owner}{/repo}",
                    "subscriptions_url": "https://api.github.com/users/electricgull/subscriptions",
                    "type": "User",
                    "url": "https://api.github.com/users/electricgull",
                  },
                ],
              },
              "dismiss_stale_reviews": false,
              "require_code_owner_reviews": false,
              "required_approving_review_count": 1,
              "url": "https://api.github.com/repos/j1-ingest/reimagined-barnacle/branches/main/protection/required_pull_request_reviews",
            },
            "required_signatures": Object {
              "enabled": false,
              "url": "https://api.github.com/repos/j1-ingest/reimagined-barnacle/branches/main/protection/required_signatures",
            },
            "required_status_checks": Object {
              "checks": Array [],
              "contexts": Array [],
              "contexts_url": "https://api.github.com/repos/j1-ingest/reimagined-barnacle/branches/main/protection/required_status_checks/contexts",
              "strict": false,
              "url": "https://api.github.com/repos/j1-ingest/reimagined-barnacle/branches/main/protection/required_status_checks",
            },
            "url": "https://api.github.com/repos/j1-ingest/reimagined-barnacle/branches/main/protection",
          },
        },
      ],
      "_type": "github_branch_protection_rule",
      "allowDeletions": false,
      "allowForcePushes": false,
      "blockCreations": false,
      "bypassPullRequestAllowances": Array [
        "electricgull",
        "j1-nested-team",
      ],
      "displayName": "main",
      "enforceAdmins": true,
      "name": "main",
      "requireCodeOwnerReviews": false,
      "requiredApprovingReviewCount": 1,
      "requiredConversationResolution": false,
      "requiredLinearHistory": false,
      "requiredSignatures": false,
      "requiredStatusChecks": Array [],
      "url": "https://api.github.com/repos/j1-ingest/reimagined-barnacle/branches/main/protection",
    },
  ],
  "collectedRelationships": Array [
    Object {
      "_class": "HAS",
      "_fromEntityKey": "R_kgDOG-zMhA",
      "_key": "R_kgDOG-zMhA|has|https://api.github.com/repos/j1-ingest/reimagined-barnacle/branches/main/protection",
      "_toEntityKey": "https://api.github.com/repos/j1-ingest/reimagined-barnacle/branches/main/protection",
      "_type": "github_repo_has_branch_protection_rule",
      "displayName": "HAS",
    },
    Object {
      "_class": "OVERRIDES",
      "_fromEntityKey": "MDQ6VXNlcjE2NTYyMDg1",
      "_key": "MDQ6VXNlcjE2NTYyMDg1|overrides|https://api.github.com/repos/j1-ingest/reimagined-barnacle/branches/main/protection",
      "_toEntityKey": "https://api.github.com/repos/j1-ingest/reimagined-barnacle/branches/main/protection",
      "_type": "github_user_overrides_branch_protection_rule",
      "displayName": "OVERRIDES",
    },
    Object {
      "_class": "OVERRIDES",
      "_fromEntityKey": "T_kwDOBfl5Zc4AWFta",
      "_key": "T_kwDOBfl5Zc4AWFta|overrides|https://api.github.com/repos/j1-ingest/reimagined-barnacle/branches/main/protection",
      "_toEntityKey": "https://api.github.com/repos/j1-ingest/reimagined-barnacle/branches/main/protection",
      "_type": "github_team_overrides_branch_protection_rule",
      "displayName": "OVERRIDES",
    },
  ],
  "encounteredTypes": Array [
    "github_account",
    "github_repo",
    "github_team",
    "github_user",
    "github_app",
    "github_account_owns_repo",
    "github_account_has_team",
    "github_account_has_user",
    "github_user_manages_account",
    "github_team_has_user",
    "github_user_manages_team",
    "github_account_installed_app",
    "github_branch_protection_rule",
    "github_repo_has_branch_protection_rule",
    "github_user_overrides_branch_protection_rule",
    "github_team_overrides_branch_protection_rule",
  ],
  "numCollectedEntities": 1,
  "numCollectedRelationships": 3,
}
`;
