// Jest Snapshot v1, https://goo.gl/fbAQLP

exports[`fetchBranchProtectionRules exec handler 1`] = `
Object {
  "collectedData": Object {},
  "collectedEntities": Array [
    Object {
      "_class": Array [
        "Rule",
      ],
      "_key": "github_BPR_kwDOHNYdzc4BgwxI",
      "_rawData": Array [
        Object {
          "name": "default",
          "rawData": Object {
            "allowsDeletions": false,
            "allowsForcePushes": false,
            "blocksCreations": false,
            "bypassForcePushAllowances": Object {
              "apps": Array [],
              "teams": Array [],
              "users": Array [],
            },
            "bypassPullRequestAllowances": Object {
              "apps": Array [],
              "teams": Array [],
              "users": Array [],
            },
            "creator": Object {
              "login": "erichs",
            },
            "databaseId": 25365576,
            "dismissesStaleReviews": true,
            "id": "BPR_kwDOHNYdzc4BgwxI",
            "isAdminEnforced": true,
            "pattern": "main",
            "pushAllowances": Object {
              "apps": Array [],
              "teams": Array [],
              "users": Array [],
            },
            "repoName": "archived-web-testing-playground",
            "requiredApprovingReviewCount": 1,
            "requiredStatusCheckContexts": Array [],
            "requiredStatusChecks": Array [],
            "requiresApprovingReviews": true,
            "requiresCodeOwnerReviews": false,
            "requiresCommitSignatures": false,
            "requiresConversationResolution": false,
            "requiresLinearHistory": false,
            "requiresStatusChecks": false,
            "requiresStrictStatusChecks": true,
            "restrictsPushes": false,
            "restrictsReviewDismissals": false,
            "reviewDismissalAllowances": Object {
              "apps": Array [],
              "teams": Array [],
              "users": Array [],
            },
          },
        },
      ],
      "_type": "github_branch_protection_rule",
      "allowDeletions": false,
      "allowForcePushes": false,
      "blockCreations": false,
      "createdOn": undefined,
      "displayName": "main",
      "enforceAdmins": true,
      "id": "BPR_kwDOHNYdzc4BgwxI",
      "name": "main",
      "requireCodeOwnerReviews": false,
      "requiredApprovingReviewCount": 1,
      "requiredConversationResolution": false,
      "requiredLinearHistory": false,
      "requiredSignatures": false,
      "requiredStatusChecks": Array [],
      "webLink": "https://github.com/JupiterOne-Sandbox/archived-web-testing-playground/settings/branch_protection_rules/25365576",
    },
    Object {
      "_class": Array [
        "Rule",
      ],
      "_key": "github_BPR_kwDOIudGfM4ClgPk",
      "_rawData": Array [
        Object {
          "name": "default",
          "rawData": Object {
            "allowsDeletions": false,
            "allowsForcePushes": false,
            "blocksCreations": false,
            "bypassForcePushAllowances": Object {
              "apps": Array [],
              "teams": Array [],
              "users": Array [],
            },
            "bypassPullRequestAllowances": Object {
              "apps": Array [],
              "teams": Array [
                Object {
                  "__typename": "Team",
                  "id": "T_kwDOB0VI3c4Ab0na",
                  "name": "Integrations Team",
                },
              ],
              "users": Array [],
            },
            "creator": Object {
              "login": "RonaldEAM",
            },
            "databaseId": 43385828,
            "dismissesStaleReviews": false,
            "id": "BPR_kwDOIudGfM4ClgPk",
            "isAdminEnforced": false,
            "pattern": "main",
            "pushAllowances": Object {
              "apps": Array [],
              "teams": Array [],
              "users": Array [],
            },
            "repoName": "test-repo1",
            "requiredApprovingReviewCount": 1,
            "requiredStatusCheckContexts": Array [],
            "requiredStatusChecks": Array [],
            "requiresApprovingReviews": true,
            "requiresCodeOwnerReviews": false,
            "requiresCommitSignatures": false,
            "requiresConversationResolution": false,
            "requiresLinearHistory": false,
            "requiresStatusChecks": false,
            "requiresStrictStatusChecks": true,
            "restrictsPushes": false,
            "restrictsReviewDismissals": false,
            "reviewDismissalAllowances": Object {
              "apps": Array [],
              "teams": Array [],
              "users": Array [],
            },
          },
        },
      ],
      "_type": "github_branch_protection_rule",
      "allowDeletions": false,
      "allowForcePushes": false,
      "blockCreations": false,
      "createdOn": undefined,
      "displayName": "main",
      "enforceAdmins": false,
      "id": "BPR_kwDOIudGfM4ClgPk",
      "name": "main",
      "requireCodeOwnerReviews": false,
      "requiredApprovingReviewCount": 1,
      "requiredConversationResolution": false,
      "requiredLinearHistory": false,
      "requiredSignatures": false,
      "requiredStatusChecks": Array [],
      "webLink": "https://github.com/JupiterOne-Sandbox/test-repo1/settings/branch_protection_rules/43385828",
    },
    Object {
      "_class": Array [
        "Rule",
      ],
      "_key": "github_BPR_kwDOI2pL-M4CCLN0",
      "_rawData": Array [
        Object {
          "name": "default",
          "rawData": Object {
            "allowsDeletions": false,
            "allowsForcePushes": false,
            "blocksCreations": false,
            "bypassForcePushAllowances": Object {
              "apps": Array [],
              "teams": Array [],
              "users": Array [],
            },
            "bypassPullRequestAllowances": Object {
              "apps": Array [],
              "teams": Array [],
              "users": Array [
                Object {
                  "__typename": "User",
                  "email": "samuel.poulton@jupiterone.com",
                  "id": "MDQ6VXNlcjU5MjMwMDI=",
                  "login": "VDubber",
                },
              ],
            },
            "creator": Object {
              "login": "VDubber",
            },
            "databaseId": 34124660,
            "dismissesStaleReviews": false,
            "id": "BPR_kwDOI2pL-M4CCLN0",
            "isAdminEnforced": false,
            "pattern": "main",
            "pushAllowances": Object {
              "apps": Array [],
              "teams": Array [],
              "users": Array [],
            },
            "repoName": "reimagined-barnacle",
            "requiredApprovingReviewCount": 1,
            "requiredStatusCheckContexts": Array [],
            "requiredStatusChecks": Array [],
            "requiresApprovingReviews": true,
            "requiresCodeOwnerReviews": false,
            "requiresCommitSignatures": false,
            "requiresConversationResolution": false,
            "requiresLinearHistory": false,
            "requiresStatusChecks": false,
            "requiresStrictStatusChecks": true,
            "restrictsPushes": false,
            "restrictsReviewDismissals": false,
            "reviewDismissalAllowances": Object {
              "apps": Array [],
              "teams": Array [],
              "users": Array [],
            },
          },
        },
      ],
      "_type": "github_branch_protection_rule",
      "allowDeletions": false,
      "allowForcePushes": false,
      "blockCreations": false,
      "createdOn": undefined,
      "displayName": "main",
      "enforceAdmins": false,
      "id": "BPR_kwDOI2pL-M4CCLN0",
      "name": "main",
      "requireCodeOwnerReviews": false,
      "requiredApprovingReviewCount": 1,
      "requiredConversationResolution": false,
      "requiredLinearHistory": false,
      "requiredSignatures": false,
      "requiredStatusChecks": Array [],
      "webLink": "https://github.com/JupiterOne-Sandbox/reimagined-barnacle/settings/branch_protection_rules/34124660",
    },
    Object {
      "_class": Array [
        "Rule",
      ],
      "_key": "github_BPR_kwDOI2pNd84CAaOB",
      "_rawData": Array [
        Object {
          "name": "default",
          "rawData": Object {
            "allowsDeletions": false,
            "allowsForcePushes": false,
            "blocksCreations": false,
            "bypassForcePushAllowances": Object {
              "apps": Array [],
              "teams": Array [],
              "users": Array [],
            },
            "bypassPullRequestAllowances": Object {
              "apps": Array [],
              "teams": Array [],
              "users": Array [
                Object {
                  "__typename": "User",
                  "email": "samuel.poulton@jupiterone.com",
                  "id": "MDQ6VXNlcjU5MjMwMDI=",
                  "login": "VDubber",
                },
              ],
            },
            "creator": Object {
              "login": "VDubber",
            },
            "databaseId": 33661825,
            "dismissesStaleReviews": true,
            "id": "BPR_kwDOI2pNd84CAaOB",
            "isAdminEnforced": false,
            "pattern": "main",
            "pushAllowances": Object {
              "apps": Array [],
              "teams": Array [],
              "users": Array [],
            },
            "repoName": "ubiquitous-umbrella",
            "requiredApprovingReviewCount": 1,
            "requiredStatusCheckContexts": Array [],
            "requiredStatusChecks": Array [],
            "requiresApprovingReviews": true,
            "requiresCodeOwnerReviews": false,
            "requiresCommitSignatures": false,
            "requiresConversationResolution": false,
            "requiresLinearHistory": false,
            "requiresStatusChecks": true,
            "requiresStrictStatusChecks": true,
            "restrictsPushes": false,
            "restrictsReviewDismissals": false,
            "reviewDismissalAllowances": Object {
              "apps": Array [],
              "teams": Array [],
              "users": Array [],
            },
          },
        },
      ],
      "_type": "github_branch_protection_rule",
      "allowDeletions": false,
      "allowForcePushes": false,
      "blockCreations": false,
      "createdOn": undefined,
      "displayName": "main",
      "enforceAdmins": false,
      "id": "BPR_kwDOI2pNd84CAaOB",
      "name": "main",
      "requireCodeOwnerReviews": false,
      "requiredApprovingReviewCount": 1,
      "requiredConversationResolution": false,
      "requiredLinearHistory": false,
      "requiredSignatures": false,
      "requiredStatusChecks": Array [],
      "webLink": "https://github.com/JupiterOne-Sandbox/ubiquitous-umbrella/settings/branch_protection_rules/33661825",
    },
    Object {
      "_class": Array [
        "Rule",
      ],
      "_key": "github_BPR_kwDOJjTBjM4CP1CT",
      "_rawData": Array [
        Object {
          "name": "default",
          "rawData": Object {
            "allowsDeletions": false,
            "allowsForcePushes": false,
            "blocksCreations": false,
            "bypassForcePushAllowances": Object {
              "apps": Array [],
              "teams": Array [],
              "users": Array [],
            },
            "bypassPullRequestAllowances": Object {
              "apps": Array [],
              "teams": Array [],
              "users": Array [],
            },
            "creator": Object {
              "login": "nealajpatel",
            },
            "databaseId": 37703827,
            "dismissesStaleReviews": false,
            "id": "BPR_kwDOJjTBjM4CP1CT",
            "isAdminEnforced": false,
            "pattern": "main",
            "pushAllowances": Object {
              "apps": Array [],
              "teams": Array [],
              "users": Array [],
            },
            "repoName": "ops-platform-jobs",
            "requiredApprovingReviewCount": 1,
            "requiredStatusCheckContexts": Array [],
            "requiredStatusChecks": Array [],
            "requiresApprovingReviews": true,
            "requiresCodeOwnerReviews": true,
            "requiresCommitSignatures": false,
            "requiresConversationResolution": false,
            "requiresLinearHistory": false,
            "requiresStatusChecks": false,
            "requiresStrictStatusChecks": true,
            "restrictsPushes": false,
            "restrictsReviewDismissals": false,
            "reviewDismissalAllowances": Object {
              "apps": Array [],
              "teams": Array [],
              "users": Array [],
            },
          },
        },
      ],
      "_type": "github_branch_protection_rule",
      "allowDeletions": false,
      "allowForcePushes": false,
      "blockCreations": false,
      "createdOn": undefined,
      "displayName": "main",
      "enforceAdmins": false,
      "id": "BPR_kwDOJjTBjM4CP1CT",
      "name": "main",
      "requireCodeOwnerReviews": true,
      "requiredApprovingReviewCount": 1,
      "requiredConversationResolution": false,
      "requiredLinearHistory": false,
      "requiredSignatures": false,
      "requiredStatusChecks": Array [],
      "webLink": "https://github.com/JupiterOne-Sandbox/ops-platform-jobs/settings/branch_protection_rules/37703827",
    },
    Object {
      "_class": Array [
        "Rule",
      ],
      "_key": "github_BPR_kwDOJyTpo84CTk7W",
      "_rawData": Array [
        Object {
          "name": "default",
          "rawData": Object {
            "allowsDeletions": false,
            "allowsForcePushes": false,
            "blocksCreations": false,
            "bypassForcePushAllowances": Object {
              "apps": Array [],
              "teams": Array [],
              "users": Array [],
            },
            "bypassPullRequestAllowances": Object {
              "apps": Array [],
              "teams": Array [],
              "users": Array [],
            },
            "creator": Object {
              "login": "electricgull",
            },
            "databaseId": 38686422,
            "dismissesStaleReviews": false,
            "id": "BPR_kwDOJyTpo84CTk7W",
            "isAdminEnforced": false,
            "pattern": "main",
            "pushAllowances": Object {
              "apps": Array [],
              "teams": Array [],
              "users": Array [],
            },
            "repoName": "integration-deployments-test",
            "requiredApprovingReviewCount": null,
            "requiredStatusCheckContexts": Array [],
            "requiredStatusChecks": Array [],
            "requiresApprovingReviews": false,
            "requiresCodeOwnerReviews": false,
            "requiresCommitSignatures": false,
            "requiresConversationResolution": false,
            "requiresLinearHistory": false,
            "requiresStatusChecks": false,
            "requiresStrictStatusChecks": true,
            "restrictsPushes": false,
            "restrictsReviewDismissals": false,
            "reviewDismissalAllowances": Object {
              "apps": Array [],
              "teams": Array [],
              "users": Array [],
            },
          },
        },
      ],
      "_type": "github_branch_protection_rule",
      "allowDeletions": false,
      "allowForcePushes": false,
      "blockCreations": false,
      "createdOn": undefined,
      "displayName": "main",
      "enforceAdmins": false,
      "id": "BPR_kwDOJyTpo84CTk7W",
      "name": "main",
      "requireCodeOwnerReviews": false,
      "requiredApprovingReviewCount": null,
      "requiredConversationResolution": false,
      "requiredLinearHistory": false,
      "requiredSignatures": false,
      "requiredStatusChecks": Array [],
      "webLink": "https://github.com/JupiterOne-Sandbox/integration-deployments-test/settings/branch_protection_rules/38686422",
    },
    Object {
      "_class": Array [
        "Rule",
      ],
      "_key": "github_BPR_kwDOJyTpo84CYbAY",
      "_rawData": Array [
        Object {
          "name": "default",
          "rawData": Object {
            "allowsDeletions": false,
            "allowsForcePushes": false,
            "blocksCreations": false,
            "bypassForcePushAllowances": Object {
              "apps": Array [],
              "teams": Array [],
              "users": Array [],
            },
            "bypassPullRequestAllowances": Object {
              "apps": Array [],
              "teams": Array [],
              "users": Array [],
            },
            "creator": Object {
              "login": "adam-in-ict",
            },
            "databaseId": 39956504,
            "dismissesStaleReviews": false,
            "id": "BPR_kwDOJyTpo84CYbAY",
            "isAdminEnforced": false,
            "pattern": "Test-branch-protection",
            "pushAllowances": Object {
              "apps": Array [],
              "teams": Array [],
              "users": Array [],
            },
            "repoName": "integration-deployments-test",
            "requiredApprovingReviewCount": 1,
            "requiredStatusCheckContexts": Array [],
            "requiredStatusChecks": Array [],
            "requiresApprovingReviews": true,
            "requiresCodeOwnerReviews": false,
            "requiresCommitSignatures": false,
            "requiresConversationResolution": false,
            "requiresLinearHistory": false,
            "requiresStatusChecks": false,
            "requiresStrictStatusChecks": true,
            "restrictsPushes": false,
            "restrictsReviewDismissals": false,
            "reviewDismissalAllowances": Object {
              "apps": Array [],
              "teams": Array [],
              "users": Array [],
            },
          },
        },
      ],
      "_type": "github_branch_protection_rule",
      "allowDeletions": false,
      "allowForcePushes": false,
      "blockCreations": false,
      "createdOn": undefined,
      "displayName": "Test-branch-protection",
      "enforceAdmins": false,
      "id": "BPR_kwDOJyTpo84CYbAY",
      "name": "Test-branch-protection",
      "requireCodeOwnerReviews": false,
      "requiredApprovingReviewCount": 1,
      "requiredConversationResolution": false,
      "requiredLinearHistory": false,
      "requiredSignatures": false,
      "requiredStatusChecks": Array [],
      "webLink": "https://github.com/JupiterOne-Sandbox/integration-deployments-test/settings/branch_protection_rules/39956504",
    },
  ],
  "collectedRelationships": Array [
    Object {
      "_class": "HAS",
      "_fromEntityKey": "R_kgDOHNYdzQ",
      "_key": "R_kgDOHNYdzQ|has|github_BPR_kwDOHNYdzc4BgwxI",
      "_toEntityKey": "github_BPR_kwDOHNYdzc4BgwxI",
      "_type": "github_repo_has_branch_protection_rule",
      "displayName": "HAS",
    },
    Object {
      "_class": "HAS",
      "_fromEntityKey": "R_kgDOIudGfA",
      "_key": "R_kgDOIudGfA|has|github_BPR_kwDOIudGfM4ClgPk",
      "_toEntityKey": "github_BPR_kwDOIudGfM4ClgPk",
      "_type": "github_repo_has_branch_protection_rule",
      "displayName": "HAS",
    },
    Object {
      "_class": "OVERRIDES",
      "_fromEntityKey": "T_kwDOB0VI3c4Ab0na",
      "_key": "T_kwDOB0VI3c4Ab0na|overrides|github_BPR_kwDOIudGfM4ClgPk",
      "_toEntityKey": "github_BPR_kwDOIudGfM4ClgPk",
      "_type": "github_team_overrides_branch_protection_rule",
      "bypassPullRequestAllowance": true,
      "displayName": "OVERRIDES",
    },
    Object {
      "_class": "HAS",
      "_fromEntityKey": "R_kgDOI2pL-A",
      "_key": "R_kgDOI2pL-A|has|github_BPR_kwDOI2pL-M4CCLN0",
      "_toEntityKey": "github_BPR_kwDOI2pL-M4CCLN0",
      "_type": "github_repo_has_branch_protection_rule",
      "displayName": "HAS",
    },
    Object {
      "_class": "OVERRIDES",
      "_fromEntityKey": "MDQ6VXNlcjU5MjMwMDI=",
      "_key": "MDQ6VXNlcjU5MjMwMDI=|overrides|github_BPR_kwDOI2pL-M4CCLN0",
      "_toEntityKey": "github_BPR_kwDOI2pL-M4CCLN0",
      "_type": "github_user_overrides_branch_protection_rule",
      "bypassPullRequestAllowance": true,
      "displayName": "OVERRIDES",
    },
    Object {
      "_class": "HAS",
      "_fromEntityKey": "R_kgDOI2pNdw",
      "_key": "R_kgDOI2pNdw|has|github_BPR_kwDOI2pNd84CAaOB",
      "_toEntityKey": "github_BPR_kwDOI2pNd84CAaOB",
      "_type": "github_repo_has_branch_protection_rule",
      "displayName": "HAS",
    },
    Object {
      "_class": "OVERRIDES",
      "_fromEntityKey": "MDQ6VXNlcjU5MjMwMDI=",
      "_key": "MDQ6VXNlcjU5MjMwMDI=|overrides|github_BPR_kwDOI2pNd84CAaOB",
      "_toEntityKey": "github_BPR_kwDOI2pNd84CAaOB",
      "_type": "github_user_overrides_branch_protection_rule",
      "bypassPullRequestAllowance": true,
      "displayName": "OVERRIDES",
    },
    Object {
      "_class": "HAS",
      "_fromEntityKey": "R_kgDOJjTBjA",
      "_key": "R_kgDOJjTBjA|has|github_BPR_kwDOJjTBjM4CP1CT",
      "_toEntityKey": "github_BPR_kwDOJjTBjM4CP1CT",
      "_type": "github_repo_has_branch_protection_rule",
      "displayName": "HAS",
    },
    Object {
      "_class": "HAS",
      "_fromEntityKey": "R_kgDOJyTpow",
      "_key": "R_kgDOJyTpow|has|github_BPR_kwDOJyTpo84CTk7W",
      "_toEntityKey": "github_BPR_kwDOJyTpo84CTk7W",
      "_type": "github_repo_has_branch_protection_rule",
      "displayName": "HAS",
    },
    Object {
      "_class": "HAS",
      "_fromEntityKey": "R_kgDOJyTpow",
      "_key": "R_kgDOJyTpow|has|github_BPR_kwDOJyTpo84CYbAY",
      "_toEntityKey": "github_BPR_kwDOJyTpo84CYbAY",
      "_type": "github_repo_has_branch_protection_rule",
      "displayName": "HAS",
    },
  ],
  "encounteredEntityKeys": Set {
    "github_BPR_kwDOHNYdzc4BgwxI",
    "github_BPR_kwDOIudGfM4ClgPk",
    "github_BPR_kwDOI2pL-M4CCLN0",
    "github_BPR_kwDOI2pNd84CAaOB",
    "github_BPR_kwDOJjTBjM4CP1CT",
    "github_BPR_kwDOJyTpo84CTk7W",
    "github_BPR_kwDOJyTpo84CYbAY",
    "O_kgDOB0VI3Q",
    "R_kgDOHNYdzQ",
    "R_kgDOIudGfA",
    "R_kgDOIudewQ",
    "R_kgDOIwifvQ",
    "R_kgDOIx9bTw",
    "R_kgDOI2pIIA",
    "R_kgDOI2pLFA",
    "R_kgDOI2pL-A",
    "R_kgDOI2pNdw",
    "R_kgDOI8BHIg",
    "R_kgDOJjTBjA",
    "R_kgDOJyTpow",
    "R_kgDOJ54ckg",
    "R_kgDOKN6ggA",
    "MDQ6VXNlcjEyODM4ODQ=",
    "MDQ6VXNlcjIzMzYyNjI=",
    "MDQ6VXNlcjU5MjMwMDI=",
    "MDQ6VXNlcjcxOTA2OTY=",
    "MDQ6VXNlcjEwMDkwNjQ3",
    "MDQ6VXNlcjE2NTYyMDg1",
    "MDQ6VXNlcjMxMjE4NTA3",
    "MDQ6VXNlcjU1NzcxODIz",
    "MDQ6VXNlcjczODM2MDA4",
    "U_kgDOBaVAgQ",
    "U_kgDOB-K3TQ",
    "T_kwDOB0VI3c4Ab0na",
    "T_kwDOB0VI3c4AeONM",
    "GitHubAppInstallation_32841752",
    "GitHubAppInstallation_33163496",
    "GitHubAppInstallation_33428980",
    "GitHubAppInstallation_37325234",
    "GitHubAppInstallation_37574647",
    "GitHubAppInstallation_37691598",
    "GitHubAppInstallation_40105103",
    "GitHubAppInstallation_41350494",
  },
  "encounteredTypes": Array [
    "github_account",
    "github_repo",
    "github_user",
    "github_team",
    "github_app",
    "github_account_owns_repo",
    "github_account_has_user",
    "github_user_manages_account",
    "github_account_has_team",
    "github_account_installed_app",
    "github_branch_protection_rule",
    "github_repo_has_branch_protection_rule",
    "github_team_overrides_branch_protection_rule",
    "github_user_overrides_branch_protection_rule",
  ],
}
`;
