// Jest Snapshot v1, https://goo.gl/fbAQLP

exports[`fetchCodeScanningAlerts exec handler 1`] = `
Object {
  "collectedEntities": Array [
    Object {
      "_class": Array [
        "Finding",
      ],
      "_key": "ghva_test-repo2_4",
      "_type": "github_finding",
      "category": "application",
      "createdOn": 1673449199000,
      "dismissedOn": null,
      "displayName": "js/unused-local-variable",
      "fixedOn": null,
      "name": "js/unused-local-variable",
      "number": 4,
      "numericSeverity": 1,
      "open": true,
      "path": "index.js",
      "priority": "note",
      "repository": "test-repo2",
      "repositoryId": "R_kgDOIwifvQ",
      "repositoryName": "test-repo2",
      "severity": "",
      "state": "open",
      "status": "open",
      "summary": "Unused variable, import, function or class",
      "toolName": "CodeQL",
      "toolVersion": "2.11.5",
      "weblink": "https://github.com/JupiterOne-Sandbox/test-repo2/security/code-scanning/4",
    },
    Object {
      "_class": Array [
        "Finding",
      ],
      "_key": "ghva_test-repo2_3",
      "_type": "github_finding",
      "category": "application",
      "createdOn": 1673449199000,
      "dismissedOn": null,
      "displayName": "js/redos",
      "fixedOn": null,
      "name": "js/redos",
      "number": 3,
      "numericSeverity": 4,
      "open": true,
      "path": "index.js",
      "priority": "error",
      "repository": "test-repo2",
      "repositoryId": "R_kgDOIwifvQ",
      "repositoryName": "test-repo2",
      "severity": "high",
      "state": "open",
      "status": "open",
      "summary": "Inefficient regular expression",
      "toolName": "CodeQL",
      "toolVersion": "2.11.5",
      "weblink": "https://github.com/JupiterOne-Sandbox/test-repo2/security/code-scanning/3",
    },
    Object {
      "_class": Array [
        "Finding",
      ],
      "_key": "ghva_test-repo2_2",
      "_type": "github_finding",
      "category": "application",
      "createdOn": 1673448288000,
      "dismissedOn": null,
      "displayName": "js/unused-local-variable",
      "fixedOn": null,
      "name": "js/unused-local-variable",
      "number": 2,
      "numericSeverity": 1,
      "open": true,
      "path": "index.js",
      "priority": "note",
      "repository": "test-repo2",
      "repositoryId": "R_kgDOIwifvQ",
      "repositoryName": "test-repo2",
      "severity": "",
      "state": "open",
      "status": "open",
      "summary": "Unused variable, import, function or class",
      "toolName": "CodeQL",
      "toolVersion": "2.11.5",
      "weblink": "https://github.com/JupiterOne-Sandbox/test-repo2/security/code-scanning/2",
    },
    Object {
      "_class": Array [
        "Finding",
      ],
      "_key": "ghva_test-repo2_1",
      "_type": "github_finding",
      "category": "application",
      "createdOn": 1673448288000,
      "dismissedOn": null,
      "displayName": "js/missing-variable-declaration",
      "fixedOn": null,
      "name": "js/missing-variable-declaration",
      "number": 1,
      "numericSeverity": 1,
      "open": true,
      "path": "index.js",
      "priority": "warning",
      "repository": "test-repo2",
      "repositoryId": "R_kgDOIwifvQ",
      "repositoryName": "test-repo2",
      "severity": "",
      "state": "open",
      "status": "open",
      "summary": "Missing variable declaration",
      "toolName": "CodeQL",
      "toolVersion": "2.11.5",
      "weblink": "https://github.com/JupiterOne-Sandbox/test-repo2/security/code-scanning/1",
    },
    Object {
      "_class": Array [
        "Finding",
      ],
      "_key": "ghva_test-repo1_2",
      "_type": "github_finding",
      "category": "application",
      "createdOn": 1672934191000,
      "dismissedOn": null,
      "displayName": "js/unused-local-variable",
      "fixedOn": null,
      "name": "js/unused-local-variable",
      "number": 2,
      "numericSeverity": 1,
      "open": true,
      "path": "index.js",
      "priority": "note",
      "repository": "test-repo1",
      "repositoryId": "R_kgDOIudGfA",
      "repositoryName": "test-repo1",
      "severity": "",
      "state": "open",
      "status": "open",
      "summary": "Unused variable, import, function or class",
      "toolName": "CodeQL",
      "toolVersion": "2.11.5",
      "weblink": "https://github.com/JupiterOne-Sandbox/test-repo1/security/code-scanning/2",
    },
    Object {
      "_class": Array [
        "Finding",
      ],
      "_key": "ghva_test-repo1_1",
      "_type": "github_finding",
      "category": "application",
      "createdOn": 1672934191000,
      "dismissedOn": null,
      "displayName": "js/missing-variable-declaration",
      "fixedOn": null,
      "name": "js/missing-variable-declaration",
      "number": 1,
      "numericSeverity": 1,
      "open": true,
      "path": "index.js",
      "priority": "warning",
      "repository": "test-repo1",
      "repositoryId": "R_kgDOIudGfA",
      "repositoryName": "test-repo1",
      "severity": "",
      "state": "open",
      "status": "open",
      "summary": "Missing variable declaration",
      "toolName": "CodeQL",
      "toolVersion": "2.11.5",
      "weblink": "https://github.com/JupiterOne-Sandbox/test-repo1/security/code-scanning/1",
    },
  ],
  "collectedRelationships": Array [
    Object {
      "_class": "HAS",
      "_fromEntityKey": "R_kgDOIwifvQ",
      "_key": "R_kgDOIwifvQ|has|ghva_test-repo2_4",
      "_toEntityKey": "ghva_test-repo2_4",
      "_type": "github_repo_has_finding",
      "displayName": "HAS",
    },
    Object {
      "_class": "HAS",
      "_fromEntityKey": "R_kgDOIwifvQ",
      "_key": "R_kgDOIwifvQ|has|ghva_test-repo2_3",
      "_toEntityKey": "ghva_test-repo2_3",
      "_type": "github_repo_has_finding",
      "displayName": "HAS",
    },
    Object {
      "_class": "HAS",
      "_fromEntityKey": "R_kgDOIwifvQ",
      "_key": "R_kgDOIwifvQ|has|ghva_test-repo2_2",
      "_toEntityKey": "ghva_test-repo2_2",
      "_type": "github_repo_has_finding",
      "displayName": "HAS",
    },
    Object {
      "_class": "HAS",
      "_fromEntityKey": "R_kgDOIwifvQ",
      "_key": "R_kgDOIwifvQ|has|ghva_test-repo2_1",
      "_toEntityKey": "ghva_test-repo2_1",
      "_type": "github_repo_has_finding",
      "displayName": "HAS",
    },
    Object {
      "_class": "HAS",
      "_fromEntityKey": "R_kgDOIudGfA",
      "_key": "R_kgDOIudGfA|has|ghva_test-repo1_2",
      "_toEntityKey": "ghva_test-repo1_2",
      "_type": "github_repo_has_finding",
      "displayName": "HAS",
    },
    Object {
      "_class": "HAS",
      "_fromEntityKey": "R_kgDOIudGfA",
      "_key": "R_kgDOIudGfA|has|ghva_test-repo1_1",
      "_toEntityKey": "ghva_test-repo1_1",
      "_type": "github_repo_has_finding",
      "displayName": "HAS",
    },
  ],
  "encounteredTypes": Array [
    "github_account",
    "github_repo",
    "github_account_owns_repo",
    "github_finding",
    "github_repo_has_finding",
  ],
  "numCollectedEntities": 6,
  "numCollectedRelationships": 6,
}
`;
