// Jest Snapshot v1, https://goo.gl/fbAQLP

exports[`fetchCollaborators exec handler 1`] = `
Object {
  "collectedEntities": Array [
    Object {
      "_class": Array [
        "User",
      ],
      "_key": "U_kgDOBhhlDg",
      "_rawData": Array [
        Object {
          "name": "default",
          "rawData": Object {
            "id": "U_kgDOBhhlDg",
            "login": "spjupiter",
            "name": null,
            "permission": "WRITE",
            "repositoryId": "R_kgDOG-zMhA",
          },
        },
      ],
      "_type": "github_user",
      "active": true,
      "displayName": "spjupiter",
      "id": "U_kgDOBhhlDg",
      "login": "spjupiter",
      "mfaEnabled": undefined,
      "name": "spjupiter",
      "node": "U_kgDOBhhlDg",
      "role": "OUTSIDE",
      "siteAdmin": false,
      "username": "spjupiter",
      "webLink": "https://github.com/spjupiter",
    },
  ],
  "collectedRelationships": Array [
    Object {
      "_class": "ALLOWS",
      "_fromEntityKey": "R_kgDOG5ypUQ",
      "_key": "R_kgDOG5ypUQ|allows|MDQ6VXNlcjM3NzE5MjQ=",
      "_toEntityKey": "MDQ6VXNlcjM3NzE5MjQ=",
      "_type": "github_repo_allows_user",
      "adminPermission": true,
      "displayName": "ALLOWS",
      "maintainPermission": true,
      "pullPermission": true,
      "pushPermission": true,
      "role": "ADMIN",
      "triagePermission": true,
    },
    Object {
      "_class": "ALLOWS",
      "_fromEntityKey": "R_kgDOG5ypUQ",
      "_key": "R_kgDOG5ypUQ|allows|MDQ6VXNlcjQyMDI5OTM=",
      "_toEntityKey": "MDQ6VXNlcjQyMDI5OTM=",
      "_type": "github_repo_allows_user",
      "adminPermission": true,
      "displayName": "ALLOWS",
      "maintainPermission": true,
      "pullPermission": true,
      "pushPermission": true,
      "role": "ADMIN",
      "triagePermission": true,
    },
    Object {
      "_class": "ALLOWS",
      "_fromEntityKey": "R_kgDOG5ypUQ",
      "_key": "R_kgDOG5ypUQ|allows|MDQ6VXNlcjU5MjMwMDI=",
      "_toEntityKey": "MDQ6VXNlcjU5MjMwMDI=",
      "_type": "github_repo_allows_user",
      "adminPermission": true,
      "displayName": "ALLOWS",
      "maintainPermission": true,
      "pullPermission": true,
      "pushPermission": true,
      "role": "ADMIN",
      "triagePermission": true,
    },
    Object {
      "_class": "ALLOWS",
      "_fromEntityKey": "R_kgDOG5ypUQ",
      "_key": "R_kgDOG5ypUQ|allows|MDQ6VXNlcjYxMzIzMDA=",
      "_toEntityKey": "MDQ6VXNlcjYxMzIzMDA=",
      "_type": "github_repo_allows_user",
      "adminPermission": true,
      "displayName": "ALLOWS",
      "maintainPermission": true,
      "pullPermission": true,
      "pushPermission": true,
      "role": "ADMIN",
      "triagePermission": true,
    },
    Object {
      "_class": "ALLOWS",
      "_fromEntityKey": "R_kgDOG5ypUQ",
      "_key": "R_kgDOG5ypUQ|allows|MDQ6VXNlcjE2NTYyMDg1",
      "_toEntityKey": "MDQ6VXNlcjE2NTYyMDg1",
      "_type": "github_repo_allows_user",
      "adminPermission": true,
      "displayName": "ALLOWS",
      "maintainPermission": true,
      "pullPermission": true,
      "pushPermission": true,
      "role": "ADMIN",
      "triagePermission": true,
    },
    Object {
      "_class": "ALLOWS",
      "_fromEntityKey": "R_kgDOG5ypUQ",
      "_key": "R_kgDOG5ypUQ|allows|MDQ6VXNlcjU1NzcxODIz",
      "_toEntityKey": "MDQ6VXNlcjU1NzcxODIz",
      "_type": "github_repo_allows_user",
      "adminPermission": true,
      "displayName": "ALLOWS",
      "maintainPermission": true,
      "pullPermission": true,
      "pushPermission": true,
      "role": "ADMIN",
      "triagePermission": true,
    },
    Object {
      "_class": "ALLOWS",
      "_fromEntityKey": "R_kgDOG5ypUQ",
      "_key": "R_kgDOG5ypUQ|allows|U_kgDOBgq4WA",
      "_toEntityKey": "U_kgDOBgq4WA",
      "_type": "github_repo_allows_user",
      "adminPermission": false,
      "displayName": "ALLOWS",
      "maintainPermission": false,
      "pullPermission": true,
      "pushPermission": false,
      "role": "READ",
      "triagePermission": false,
    },
    Object {
      "_class": "ALLOWS",
      "_fromEntityKey": "R_kgDOG-zMhA",
      "_key": "R_kgDOG-zMhA|allows|MDQ6VXNlcjM3NzE5MjQ=",
      "_toEntityKey": "MDQ6VXNlcjM3NzE5MjQ=",
      "_type": "github_repo_allows_user",
      "adminPermission": true,
      "displayName": "ALLOWS",
      "maintainPermission": true,
      "pullPermission": true,
      "pushPermission": true,
      "role": "ADMIN",
      "triagePermission": true,
    },
    Object {
      "_class": "ALLOWS",
      "_fromEntityKey": "R_kgDOG-zMhA",
      "_key": "R_kgDOG-zMhA|allows|MDQ6VXNlcjQyMDI5OTM=",
      "_toEntityKey": "MDQ6VXNlcjQyMDI5OTM=",
      "_type": "github_repo_allows_user",
      "adminPermission": true,
      "displayName": "ALLOWS",
      "maintainPermission": true,
      "pullPermission": true,
      "pushPermission": true,
      "role": "ADMIN",
      "triagePermission": true,
    },
    Object {
      "_class": "ALLOWS",
      "_fromEntityKey": "R_kgDOG-zMhA",
      "_key": "R_kgDOG-zMhA|allows|MDQ6VXNlcjU5MjMwMDI=",
      "_toEntityKey": "MDQ6VXNlcjU5MjMwMDI=",
      "_type": "github_repo_allows_user",
      "adminPermission": true,
      "displayName": "ALLOWS",
      "maintainPermission": true,
      "pullPermission": true,
      "pushPermission": true,
      "role": "ADMIN",
      "triagePermission": true,
    },
    Object {
      "_class": "ALLOWS",
      "_fromEntityKey": "R_kgDOG-zMhA",
      "_key": "R_kgDOG-zMhA|allows|MDQ6VXNlcjYxMzIzMDA=",
      "_toEntityKey": "MDQ6VXNlcjYxMzIzMDA=",
      "_type": "github_repo_allows_user",
      "adminPermission": true,
      "displayName": "ALLOWS",
      "maintainPermission": true,
      "pullPermission": true,
      "pushPermission": true,
      "role": "ADMIN",
      "triagePermission": true,
    },
    Object {
      "_class": "ALLOWS",
      "_fromEntityKey": "R_kgDOG-zMhA",
      "_key": "R_kgDOG-zMhA|allows|MDQ6VXNlcjE2NTYyMDg1",
      "_toEntityKey": "MDQ6VXNlcjE2NTYyMDg1",
      "_type": "github_repo_allows_user",
      "adminPermission": true,
      "displayName": "ALLOWS",
      "maintainPermission": true,
      "pullPermission": true,
      "pushPermission": true,
      "role": "ADMIN",
      "triagePermission": true,
    },
    Object {
      "_class": "ALLOWS",
      "_fromEntityKey": "R_kgDOG-zMhA",
      "_key": "R_kgDOG-zMhA|allows|MDQ6VXNlcjU1NzcxODIz",
      "_toEntityKey": "MDQ6VXNlcjU1NzcxODIz",
      "_type": "github_repo_allows_user",
      "adminPermission": true,
      "displayName": "ALLOWS",
      "maintainPermission": true,
      "pullPermission": true,
      "pushPermission": true,
      "role": "ADMIN",
      "triagePermission": true,
    },
    Object {
      "_class": "ALLOWS",
      "_fromEntityKey": "R_kgDOG-zMhA",
      "_key": "R_kgDOG-zMhA|allows|U_kgDOBgq4WA",
      "_toEntityKey": "U_kgDOBgq4WA",
      "_type": "github_repo_allows_user",
      "adminPermission": false,
      "displayName": "ALLOWS",
      "maintainPermission": false,
      "pullPermission": true,
      "pushPermission": false,
      "role": "READ",
      "triagePermission": false,
    },
    Object {
      "_class": "ALLOWS",
      "_fromEntityKey": "R_kgDOG-zMhA",
      "_key": "R_kgDOG-zMhA|allows|U_kgDOBhhlDg",
      "_toEntityKey": "U_kgDOBhhlDg",
      "_type": "github_repo_allows_user",
      "adminPermission": false,
      "displayName": "ALLOWS",
      "maintainPermission": false,
      "pullPermission": true,
      "pushPermission": true,
      "role": "WRITE",
      "triagePermission": true,
    },
    Object {
      "_class": "ALLOWS",
      "_fromEntityKey": "R_kgDOG_MJdQ",
      "_key": "R_kgDOG_MJdQ|allows|MDQ6VXNlcjM3NzE5MjQ=",
      "_toEntityKey": "MDQ6VXNlcjM3NzE5MjQ=",
      "_type": "github_repo_allows_user",
      "adminPermission": true,
      "displayName": "ALLOWS",
      "maintainPermission": true,
      "pullPermission": true,
      "pushPermission": true,
      "role": "ADMIN",
      "triagePermission": true,
    },
    Object {
      "_class": "ALLOWS",
      "_fromEntityKey": "R_kgDOG_MJdQ",
      "_key": "R_kgDOG_MJdQ|allows|MDQ6VXNlcjQyMDI5OTM=",
      "_toEntityKey": "MDQ6VXNlcjQyMDI5OTM=",
      "_type": "github_repo_allows_user",
      "adminPermission": true,
      "displayName": "ALLOWS",
      "maintainPermission": true,
      "pullPermission": true,
      "pushPermission": true,
      "role": "ADMIN",
      "triagePermission": true,
    },
    Object {
      "_class": "ALLOWS",
      "_fromEntityKey": "R_kgDOG_MJdQ",
      "_key": "R_kgDOG_MJdQ|allows|MDQ6VXNlcjU5MjMwMDI=",
      "_toEntityKey": "MDQ6VXNlcjU5MjMwMDI=",
      "_type": "github_repo_allows_user",
      "adminPermission": true,
      "displayName": "ALLOWS",
      "maintainPermission": true,
      "pullPermission": true,
      "pushPermission": true,
      "role": "ADMIN",
      "triagePermission": true,
    },
    Object {
      "_class": "ALLOWS",
      "_fromEntityKey": "R_kgDOG_MJdQ",
      "_key": "R_kgDOG_MJdQ|allows|MDQ6VXNlcjYxMzIzMDA=",
      "_toEntityKey": "MDQ6VXNlcjYxMzIzMDA=",
      "_type": "github_repo_allows_user",
      "adminPermission": true,
      "displayName": "ALLOWS",
      "maintainPermission": true,
      "pullPermission": true,
      "pushPermission": true,
      "role": "ADMIN",
      "triagePermission": true,
    },
    Object {
      "_class": "ALLOWS",
      "_fromEntityKey": "R_kgDOG_MJdQ",
      "_key": "R_kgDOG_MJdQ|allows|MDQ6VXNlcjE2NTYyMDg1",
      "_toEntityKey": "MDQ6VXNlcjE2NTYyMDg1",
      "_type": "github_repo_allows_user",
      "adminPermission": true,
      "displayName": "ALLOWS",
      "maintainPermission": true,
      "pullPermission": true,
      "pushPermission": true,
      "role": "ADMIN",
      "triagePermission": true,
    },
    Object {
      "_class": "ALLOWS",
      "_fromEntityKey": "R_kgDOG_MJdQ",
      "_key": "R_kgDOG_MJdQ|allows|MDQ6VXNlcjU1NzcxODIz",
      "_toEntityKey": "MDQ6VXNlcjU1NzcxODIz",
      "_type": "github_repo_allows_user",
      "adminPermission": true,
      "displayName": "ALLOWS",
      "maintainPermission": true,
      "pullPermission": true,
      "pushPermission": true,
      "role": "ADMIN",
      "triagePermission": true,
    },
    Object {
      "_class": "ALLOWS",
      "_fromEntityKey": "R_kgDOG_MJdQ",
      "_key": "R_kgDOG_MJdQ|allows|U_kgDOBgq4WA",
      "_toEntityKey": "U_kgDOBgq4WA",
      "_type": "github_repo_allows_user",
      "adminPermission": false,
      "displayName": "ALLOWS",
      "maintainPermission": false,
      "pullPermission": true,
      "pushPermission": false,
      "role": "READ",
      "triagePermission": false,
    },
    Object {
      "_class": "ALLOWS",
      "_fromEntityKey": "R_kgDOG_MLeg",
      "_key": "R_kgDOG_MLeg|allows|MDQ6VXNlcjM3NzE5MjQ=",
      "_toEntityKey": "MDQ6VXNlcjM3NzE5MjQ=",
      "_type": "github_repo_allows_user",
      "adminPermission": true,
      "displayName": "ALLOWS",
      "maintainPermission": true,
      "pullPermission": true,
      "pushPermission": true,
      "role": "ADMIN",
      "triagePermission": true,
    },
    Object {
      "_class": "ALLOWS",
      "_fromEntityKey": "R_kgDOG_MLeg",
      "_key": "R_kgDOG_MLeg|allows|MDQ6VXNlcjQyMDI5OTM=",
      "_toEntityKey": "MDQ6VXNlcjQyMDI5OTM=",
      "_type": "github_repo_allows_user",
      "adminPermission": true,
      "displayName": "ALLOWS",
      "maintainPermission": true,
      "pullPermission": true,
      "pushPermission": true,
      "role": "ADMIN",
      "triagePermission": true,
    },
    Object {
      "_class": "ALLOWS",
      "_fromEntityKey": "R_kgDOG_MLeg",
      "_key": "R_kgDOG_MLeg|allows|MDQ6VXNlcjU5MjMwMDI=",
      "_toEntityKey": "MDQ6VXNlcjU5MjMwMDI=",
      "_type": "github_repo_allows_user",
      "adminPermission": true,
      "displayName": "ALLOWS",
      "maintainPermission": true,
      "pullPermission": true,
      "pushPermission": true,
      "role": "ADMIN",
      "triagePermission": true,
    },
    Object {
      "_class": "ALLOWS",
      "_fromEntityKey": "R_kgDOG_MLeg",
      "_key": "R_kgDOG_MLeg|allows|MDQ6VXNlcjYxMzIzMDA=",
      "_toEntityKey": "MDQ6VXNlcjYxMzIzMDA=",
      "_type": "github_repo_allows_user",
      "adminPermission": true,
      "displayName": "ALLOWS",
      "maintainPermission": true,
      "pullPermission": true,
      "pushPermission": true,
      "role": "ADMIN",
      "triagePermission": true,
    },
    Object {
      "_class": "ALLOWS",
      "_fromEntityKey": "R_kgDOG_MLeg",
      "_key": "R_kgDOG_MLeg|allows|MDQ6VXNlcjE2NTYyMDg1",
      "_toEntityKey": "MDQ6VXNlcjE2NTYyMDg1",
      "_type": "github_repo_allows_user",
      "adminPermission": true,
      "displayName": "ALLOWS",
      "maintainPermission": true,
      "pullPermission": true,
      "pushPermission": true,
      "role": "ADMIN",
      "triagePermission": true,
    },
    Object {
      "_class": "ALLOWS",
      "_fromEntityKey": "R_kgDOG_MLeg",
      "_key": "R_kgDOG_MLeg|allows|MDQ6VXNlcjU1NzcxODIz",
      "_toEntityKey": "MDQ6VXNlcjU1NzcxODIz",
      "_type": "github_repo_allows_user",
      "adminPermission": true,
      "displayName": "ALLOWS",
      "maintainPermission": true,
      "pullPermission": true,
      "pushPermission": true,
      "role": "ADMIN",
      "triagePermission": true,
    },
    Object {
      "_class": "ALLOWS",
      "_fromEntityKey": "R_kgDOG_MLeg",
      "_key": "R_kgDOG_MLeg|allows|U_kgDOBgq4WA",
      "_toEntityKey": "U_kgDOBgq4WA",
      "_type": "github_repo_allows_user",
      "adminPermission": false,
      "displayName": "ALLOWS",
      "maintainPermission": false,
      "pullPermission": true,
      "pushPermission": false,
      "role": "READ",
      "triagePermission": false,
    },
    Object {
      "_class": "ALLOWS",
      "_fromEntityKey": "R_kgDOHDREFw",
      "_key": "R_kgDOHDREFw|allows|MDQ6VXNlcjM3NzE5MjQ=",
      "_toEntityKey": "MDQ6VXNlcjM3NzE5MjQ=",
      "_type": "github_repo_allows_user",
      "adminPermission": true,
      "displayName": "ALLOWS",
      "maintainPermission": true,
      "pullPermission": true,
      "pushPermission": true,
      "role": "ADMIN",
      "triagePermission": true,
    },
    Object {
      "_class": "ALLOWS",
      "_fromEntityKey": "R_kgDOHDREFw",
      "_key": "R_kgDOHDREFw|allows|MDQ6VXNlcjQyMDI5OTM=",
      "_toEntityKey": "MDQ6VXNlcjQyMDI5OTM=",
      "_type": "github_repo_allows_user",
      "adminPermission": true,
      "displayName": "ALLOWS",
      "maintainPermission": true,
      "pullPermission": true,
      "pushPermission": true,
      "role": "ADMIN",
      "triagePermission": true,
    },
    Object {
      "_class": "ALLOWS",
      "_fromEntityKey": "R_kgDOHDREFw",
      "_key": "R_kgDOHDREFw|allows|MDQ6VXNlcjU5MjMwMDI=",
      "_toEntityKey": "MDQ6VXNlcjU5MjMwMDI=",
      "_type": "github_repo_allows_user",
      "adminPermission": true,
      "displayName": "ALLOWS",
      "maintainPermission": true,
      "pullPermission": true,
      "pushPermission": true,
      "role": "ADMIN",
      "triagePermission": true,
    },
    Object {
      "_class": "ALLOWS",
      "_fromEntityKey": "R_kgDOHDREFw",
      "_key": "R_kgDOHDREFw|allows|MDQ6VXNlcjYxMzIzMDA=",
      "_toEntityKey": "MDQ6VXNlcjYxMzIzMDA=",
      "_type": "github_repo_allows_user",
      "adminPermission": true,
      "displayName": "ALLOWS",
      "maintainPermission": true,
      "pullPermission": true,
      "pushPermission": true,
      "role": "ADMIN",
      "triagePermission": true,
    },
    Object {
      "_class": "ALLOWS",
      "_fromEntityKey": "R_kgDOHDREFw",
      "_key": "R_kgDOHDREFw|allows|MDQ6VXNlcjE2NTYyMDg1",
      "_toEntityKey": "MDQ6VXNlcjE2NTYyMDg1",
      "_type": "github_repo_allows_user",
      "adminPermission": true,
      "displayName": "ALLOWS",
      "maintainPermission": true,
      "pullPermission": true,
      "pushPermission": true,
      "role": "ADMIN",
      "triagePermission": true,
    },
    Object {
      "_class": "ALLOWS",
      "_fromEntityKey": "R_kgDOHDREFw",
      "_key": "R_kgDOHDREFw|allows|MDQ6VXNlcjU1NzcxODIz",
      "_toEntityKey": "MDQ6VXNlcjU1NzcxODIz",
      "_type": "github_repo_allows_user",
      "adminPermission": true,
      "displayName": "ALLOWS",
      "maintainPermission": true,
      "pullPermission": true,
      "pushPermission": true,
      "role": "ADMIN",
      "triagePermission": true,
    },
    Object {
      "_class": "ALLOWS",
      "_fromEntityKey": "R_kgDOHDREFw",
      "_key": "R_kgDOHDREFw|allows|U_kgDOBgq4WA",
      "_toEntityKey": "U_kgDOBgq4WA",
      "_type": "github_repo_allows_user",
      "adminPermission": false,
      "displayName": "ALLOWS",
      "maintainPermission": false,
      "pullPermission": true,
      "pushPermission": false,
      "role": "READ",
      "triagePermission": false,
    },
    Object {
      "_class": "ALLOWS",
      "_fromEntityKey": "R_kgDOHDYIqQ",
      "_key": "R_kgDOHDYIqQ|allows|MDQ6VXNlcjM3NzE5MjQ=",
      "_toEntityKey": "MDQ6VXNlcjM3NzE5MjQ=",
      "_type": "github_repo_allows_user",
      "adminPermission": true,
      "displayName": "ALLOWS",
      "maintainPermission": true,
      "pullPermission": true,
      "pushPermission": true,
      "role": "ADMIN",
      "triagePermission": true,
    },
    Object {
      "_class": "ALLOWS",
      "_fromEntityKey": "R_kgDOHDYIqQ",
      "_key": "R_kgDOHDYIqQ|allows|MDQ6VXNlcjQyMDI5OTM=",
      "_toEntityKey": "MDQ6VXNlcjQyMDI5OTM=",
      "_type": "github_repo_allows_user",
      "adminPermission": true,
      "displayName": "ALLOWS",
      "maintainPermission": true,
      "pullPermission": true,
      "pushPermission": true,
      "role": "ADMIN",
      "triagePermission": true,
    },
    Object {
      "_class": "ALLOWS",
      "_fromEntityKey": "R_kgDOHDYIqQ",
      "_key": "R_kgDOHDYIqQ|allows|MDQ6VXNlcjU5MjMwMDI=",
      "_toEntityKey": "MDQ6VXNlcjU5MjMwMDI=",
      "_type": "github_repo_allows_user",
      "adminPermission": true,
      "displayName": "ALLOWS",
      "maintainPermission": true,
      "pullPermission": true,
      "pushPermission": true,
      "role": "ADMIN",
      "triagePermission": true,
    },
    Object {
      "_class": "ALLOWS",
      "_fromEntityKey": "R_kgDOHDYIqQ",
      "_key": "R_kgDOHDYIqQ|allows|MDQ6VXNlcjYxMzIzMDA=",
      "_toEntityKey": "MDQ6VXNlcjYxMzIzMDA=",
      "_type": "github_repo_allows_user",
      "adminPermission": true,
      "displayName": "ALLOWS",
      "maintainPermission": true,
      "pullPermission": true,
      "pushPermission": true,
      "role": "ADMIN",
      "triagePermission": true,
    },
    Object {
      "_class": "ALLOWS",
      "_fromEntityKey": "R_kgDOHDYIqQ",
      "_key": "R_kgDOHDYIqQ|allows|MDQ6VXNlcjE2NTYyMDg1",
      "_toEntityKey": "MDQ6VXNlcjE2NTYyMDg1",
      "_type": "github_repo_allows_user",
      "adminPermission": true,
      "displayName": "ALLOWS",
      "maintainPermission": true,
      "pullPermission": true,
      "pushPermission": true,
      "role": "ADMIN",
      "triagePermission": true,
    },
    Object {
      "_class": "ALLOWS",
      "_fromEntityKey": "R_kgDOHDYIqQ",
      "_key": "R_kgDOHDYIqQ|allows|MDQ6VXNlcjU1NzcxODIz",
      "_toEntityKey": "MDQ6VXNlcjU1NzcxODIz",
      "_type": "github_repo_allows_user",
      "adminPermission": true,
      "displayName": "ALLOWS",
      "maintainPermission": true,
      "pullPermission": true,
      "pushPermission": true,
      "role": "ADMIN",
      "triagePermission": true,
    },
    Object {
      "_class": "ALLOWS",
      "_fromEntityKey": "R_kgDOHDYIqQ",
      "_key": "R_kgDOHDYIqQ|allows|U_kgDOBgq4WA",
      "_toEntityKey": "U_kgDOBgq4WA",
      "_type": "github_repo_allows_user",
      "adminPermission": false,
      "displayName": "ALLOWS",
      "maintainPermission": false,
      "pullPermission": true,
      "pushPermission": false,
      "role": "READ",
      "triagePermission": false,
    },
    Object {
      "_class": "ALLOWS",
      "_fromEntityKey": "R_kgDOHXVLyg",
      "_key": "R_kgDOHXVLyg|allows|MDQ6VXNlcjM3NzE5MjQ=",
      "_toEntityKey": "MDQ6VXNlcjM3NzE5MjQ=",
      "_type": "github_repo_allows_user",
      "adminPermission": true,
      "displayName": "ALLOWS",
      "maintainPermission": true,
      "pullPermission": true,
      "pushPermission": true,
      "role": "ADMIN",
      "triagePermission": true,
    },
    Object {
      "_class": "ALLOWS",
      "_fromEntityKey": "R_kgDOHXVLyg",
      "_key": "R_kgDOHXVLyg|allows|MDQ6VXNlcjQyMDI5OTM=",
      "_toEntityKey": "MDQ6VXNlcjQyMDI5OTM=",
      "_type": "github_repo_allows_user",
      "adminPermission": true,
      "displayName": "ALLOWS",
      "maintainPermission": true,
      "pullPermission": true,
      "pushPermission": true,
      "role": "ADMIN",
      "triagePermission": true,
    },
    Object {
      "_class": "ALLOWS",
      "_fromEntityKey": "R_kgDOHXVLyg",
      "_key": "R_kgDOHXVLyg|allows|MDQ6VXNlcjU5MjMwMDI=",
      "_toEntityKey": "MDQ6VXNlcjU5MjMwMDI=",
      "_type": "github_repo_allows_user",
      "adminPermission": true,
      "displayName": "ALLOWS",
      "maintainPermission": true,
      "pullPermission": true,
      "pushPermission": true,
      "role": "ADMIN",
      "triagePermission": true,
    },
    Object {
      "_class": "ALLOWS",
      "_fromEntityKey": "R_kgDOHXVLyg",
      "_key": "R_kgDOHXVLyg|allows|MDQ6VXNlcjYxMzIzMDA=",
      "_toEntityKey": "MDQ6VXNlcjYxMzIzMDA=",
      "_type": "github_repo_allows_user",
      "adminPermission": true,
      "displayName": "ALLOWS",
      "maintainPermission": true,
      "pullPermission": true,
      "pushPermission": true,
      "role": "ADMIN",
      "triagePermission": true,
    },
    Object {
      "_class": "ALLOWS",
      "_fromEntityKey": "R_kgDOHXVLyg",
      "_key": "R_kgDOHXVLyg|allows|MDQ6VXNlcjE2NTYyMDg1",
      "_toEntityKey": "MDQ6VXNlcjE2NTYyMDg1",
      "_type": "github_repo_allows_user",
      "adminPermission": true,
      "displayName": "ALLOWS",
      "maintainPermission": true,
      "pullPermission": true,
      "pushPermission": true,
      "role": "ADMIN",
      "triagePermission": true,
    },
    Object {
      "_class": "ALLOWS",
      "_fromEntityKey": "R_kgDOHXVLyg",
      "_key": "R_kgDOHXVLyg|allows|MDQ6VXNlcjU1NzcxODIz",
      "_toEntityKey": "MDQ6VXNlcjU1NzcxODIz",
      "_type": "github_repo_allows_user",
      "adminPermission": true,
      "displayName": "ALLOWS",
      "maintainPermission": true,
      "pullPermission": true,
      "pushPermission": true,
      "role": "ADMIN",
      "triagePermission": true,
    },
    Object {
      "_class": "ALLOWS",
      "_fromEntityKey": "R_kgDOHXVLyg",
      "_key": "R_kgDOHXVLyg|allows|U_kgDOBgq4WA",
      "_toEntityKey": "U_kgDOBgq4WA",
      "_type": "github_repo_allows_user",
      "adminPermission": false,
      "displayName": "ALLOWS",
      "maintainPermission": false,
      "pullPermission": true,
      "pushPermission": false,
      "role": "READ",
      "triagePermission": false,
    },
  ],
  "encounteredTypes": Array [
    "github_account",
    "github_repo",
    "github_user",
    "github_account_owns_repo",
    "github_account_has_user",
    "github_user_manages_account",
    "github_repo_allows_user",
  ],
  "numCollectedEntities": 1,
  "numCollectedRelationships": 50,
}
`;
