// Jest Snapshot v1, https://goo.gl/fbAQLP

exports[`fetchCollaborators exec handler 1`] = `
Object {
  "collectedEntities": Array [
    Object {
      "_class": Array [
        "User",
      ],
      "_key": "U_kgDOBhhlDg",
      "_rawData": Array [
        Object {
          "name": "default",
          "rawData": Object {
            "id": "U_kgDOBhhlDg",
            "login": "spjupiter",
            "name": null,
            "permission": "WRITE",
            "repositoryId": "R_kgDOI8BHIg",
          },
        },
      ],
      "_type": "github_user",
      "active": true,
      "displayName": "spjupiter",
      "id": "U_kgDOBhhlDg",
      "login": "spjupiter",
      "mfaEnabled": undefined,
      "name": "spjupiter",
      "node": "U_kgDOBhhlDg",
      "role": "OUTSIDE",
      "siteAdmin": false,
      "username": "spjupiter",
      "webLink": "https://github.com/spjupiter",
    },
  ],
  "collectedRelationships": Array [
    Object {
      "_class": "ALLOWS",
      "_fromEntityKey": "R_kgDOHNYdzQ",
      "_key": "R_kgDOHNYdzQ|allows|MDQ6VXNlcjEyODM4ODQ=",
      "_toEntityKey": "MDQ6VXNlcjEyODM4ODQ=",
      "_type": "github_repo_allows_user",
      "adminPermission": true,
      "displayName": "ALLOWS",
      "maintainPermission": true,
      "pullPermission": true,
      "pushPermission": true,
      "role": "ADMIN",
      "triagePermission": true,
    },
    Object {
      "_class": "ALLOWS",
      "_fromEntityKey": "R_kgDOHNYdzQ",
      "_key": "R_kgDOHNYdzQ|allows|MDQ6VXNlcjIzMzYyNjI=",
      "_toEntityKey": "MDQ6VXNlcjIzMzYyNjI=",
      "_type": "github_repo_allows_user",
      "adminPermission": true,
      "displayName": "ALLOWS",
      "maintainPermission": true,
      "pullPermission": true,
      "pushPermission": true,
      "role": "ADMIN",
      "triagePermission": true,
    },
    Object {
      "_class": "ALLOWS",
      "_fromEntityKey": "R_kgDOHNYdzQ",
      "_key": "R_kgDOHNYdzQ|allows|MDQ6VXNlcjU5MjMwMDI=",
      "_toEntityKey": "MDQ6VXNlcjU5MjMwMDI=",
      "_type": "github_repo_allows_user",
      "adminPermission": true,
      "displayName": "ALLOWS",
      "maintainPermission": true,
      "pullPermission": true,
      "pushPermission": true,
      "role": "ADMIN",
      "triagePermission": true,
    },
    Object {
      "_class": "ALLOWS",
      "_fromEntityKey": "R_kgDOHNYdzQ",
      "_key": "R_kgDOHNYdzQ|allows|MDQ6VXNlcjcxOTA2OTY=",
      "_toEntityKey": "MDQ6VXNlcjcxOTA2OTY=",
      "_type": "github_repo_allows_user",
      "adminPermission": true,
      "displayName": "ALLOWS",
      "maintainPermission": true,
      "pullPermission": true,
      "pushPermission": true,
      "role": "ADMIN",
      "triagePermission": true,
    },
    Object {
      "_class": "ALLOWS",
      "_fromEntityKey": "R_kgDOHNYdzQ",
      "_key": "R_kgDOHNYdzQ|allows|MDQ6VXNlcjEwMDkwNjQ3",
      "_toEntityKey": "MDQ6VXNlcjEwMDkwNjQ3",
      "_type": "github_repo_allows_user",
      "adminPermission": true,
      "displayName": "ALLOWS",
      "maintainPermission": true,
      "pullPermission": true,
      "pushPermission": true,
      "role": "ADMIN",
      "triagePermission": true,
    },
    Object {
      "_class": "ALLOWS",
      "_fromEntityKey": "R_kgDOHNYdzQ",
      "_key": "R_kgDOHNYdzQ|allows|MDQ6VXNlcjE2NTYyMDg1",
      "_toEntityKey": "MDQ6VXNlcjE2NTYyMDg1",
      "_type": "github_repo_allows_user",
      "adminPermission": true,
      "displayName": "ALLOWS",
      "maintainPermission": true,
      "pullPermission": true,
      "pushPermission": true,
      "role": "ADMIN",
      "triagePermission": true,
    },
    Object {
      "_class": "ALLOWS",
      "_fromEntityKey": "R_kgDOHNYdzQ",
      "_key": "R_kgDOHNYdzQ|allows|MDQ6VXNlcjMxMjE4NTA3",
      "_toEntityKey": "MDQ6VXNlcjMxMjE4NTA3",
      "_type": "github_repo_allows_user",
      "adminPermission": true,
      "displayName": "ALLOWS",
      "maintainPermission": true,
      "pullPermission": true,
      "pushPermission": true,
      "role": "ADMIN",
      "triagePermission": true,
    },
    Object {
      "_class": "ALLOWS",
      "_fromEntityKey": "R_kgDOHNYdzQ",
      "_key": "R_kgDOHNYdzQ|allows|MDQ6VXNlcjU1NzcxODIz",
      "_toEntityKey": "MDQ6VXNlcjU1NzcxODIz",
      "_type": "github_repo_allows_user",
      "adminPermission": true,
      "displayName": "ALLOWS",
      "maintainPermission": true,
      "pullPermission": true,
      "pushPermission": true,
      "role": "ADMIN",
      "triagePermission": true,
    },
    Object {
      "_class": "ALLOWS",
      "_fromEntityKey": "R_kgDOHNYdzQ",
      "_key": "R_kgDOHNYdzQ|allows|MDQ6VXNlcjczODM2MDA4",
      "_toEntityKey": "MDQ6VXNlcjczODM2MDA4",
      "_type": "github_repo_allows_user",
      "adminPermission": true,
      "displayName": "ALLOWS",
      "maintainPermission": true,
      "pullPermission": true,
      "pushPermission": true,
      "role": "ADMIN",
      "triagePermission": true,
    },
    Object {
      "_class": "ALLOWS",
      "_fromEntityKey": "R_kgDOHNYdzQ",
      "_key": "R_kgDOHNYdzQ|allows|U_kgDOBaVAgQ",
      "_toEntityKey": "U_kgDOBaVAgQ",
      "_type": "github_repo_allows_user",
      "adminPermission": false,
      "displayName": "ALLOWS",
      "maintainPermission": false,
      "pullPermission": true,
      "pushPermission": false,
      "role": "READ",
      "triagePermission": false,
    },
    Object {
      "_class": "ALLOWS",
      "_fromEntityKey": "R_kgDOHNYdzQ",
      "_key": "R_kgDOHNYdzQ|allows|U_kgDOB-K3TQ",
      "_toEntityKey": "U_kgDOB-K3TQ",
      "_type": "github_repo_allows_user",
      "adminPermission": true,
      "displayName": "ALLOWS",
      "maintainPermission": true,
      "pullPermission": true,
      "pushPermission": true,
      "role": "ADMIN",
      "triagePermission": true,
    },
    Object {
      "_class": "ALLOWS",
      "_fromEntityKey": "R_kgDOIudGfA",
      "_key": "R_kgDOIudGfA|allows|MDQ6VXNlcjEyODM4ODQ=",
      "_toEntityKey": "MDQ6VXNlcjEyODM4ODQ=",
      "_type": "github_repo_allows_user",
      "adminPermission": true,
      "displayName": "ALLOWS",
      "maintainPermission": true,
      "pullPermission": true,
      "pushPermission": true,
      "role": "ADMIN",
      "triagePermission": true,
    },
    Object {
      "_class": "ALLOWS",
      "_fromEntityKey": "R_kgDOIudGfA",
      "_key": "R_kgDOIudGfA|allows|MDQ6VXNlcjIzMzYyNjI=",
      "_toEntityKey": "MDQ6VXNlcjIzMzYyNjI=",
      "_type": "github_repo_allows_user",
      "adminPermission": true,
      "displayName": "ALLOWS",
      "maintainPermission": true,
      "pullPermission": true,
      "pushPermission": true,
      "role": "ADMIN",
      "triagePermission": true,
    },
    Object {
      "_class": "ALLOWS",
      "_fromEntityKey": "R_kgDOIudGfA",
      "_key": "R_kgDOIudGfA|allows|MDQ6VXNlcjU5MjMwMDI=",
      "_toEntityKey": "MDQ6VXNlcjU5MjMwMDI=",
      "_type": "github_repo_allows_user",
      "adminPermission": true,
      "displayName": "ALLOWS",
      "maintainPermission": true,
      "pullPermission": true,
      "pushPermission": true,
      "role": "ADMIN",
      "triagePermission": true,
    },
    Object {
      "_class": "ALLOWS",
      "_fromEntityKey": "R_kgDOIudGfA",
      "_key": "R_kgDOIudGfA|allows|MDQ6VXNlcjcxOTA2OTY=",
      "_toEntityKey": "MDQ6VXNlcjcxOTA2OTY=",
      "_type": "github_repo_allows_user",
      "adminPermission": true,
      "displayName": "ALLOWS",
      "maintainPermission": true,
      "pullPermission": true,
      "pushPermission": true,
      "role": "ADMIN",
      "triagePermission": true,
    },
    Object {
      "_class": "ALLOWS",
      "_fromEntityKey": "R_kgDOIudGfA",
      "_key": "R_kgDOIudGfA|allows|MDQ6VXNlcjEwMDkwNjQ3",
      "_toEntityKey": "MDQ6VXNlcjEwMDkwNjQ3",
      "_type": "github_repo_allows_user",
      "adminPermission": true,
      "displayName": "ALLOWS",
      "maintainPermission": true,
      "pullPermission": true,
      "pushPermission": true,
      "role": "ADMIN",
      "triagePermission": true,
    },
    Object {
      "_class": "ALLOWS",
      "_fromEntityKey": "R_kgDOIudGfA",
      "_key": "R_kgDOIudGfA|allows|MDQ6VXNlcjE2NTYyMDg1",
      "_toEntityKey": "MDQ6VXNlcjE2NTYyMDg1",
      "_type": "github_repo_allows_user",
      "adminPermission": true,
      "displayName": "ALLOWS",
      "maintainPermission": true,
      "pullPermission": true,
      "pushPermission": true,
      "role": "ADMIN",
      "triagePermission": true,
    },
    Object {
      "_class": "ALLOWS",
      "_fromEntityKey": "R_kgDOIudGfA",
      "_key": "R_kgDOIudGfA|allows|MDQ6VXNlcjMxMjE4NTA3",
      "_toEntityKey": "MDQ6VXNlcjMxMjE4NTA3",
      "_type": "github_repo_allows_user",
      "adminPermission": true,
      "displayName": "ALLOWS",
      "maintainPermission": true,
      "pullPermission": true,
      "pushPermission": true,
      "role": "ADMIN",
      "triagePermission": true,
    },
    Object {
      "_class": "ALLOWS",
      "_fromEntityKey": "R_kgDOIudGfA",
      "_key": "R_kgDOIudGfA|allows|MDQ6VXNlcjU1NzcxODIz",
      "_toEntityKey": "MDQ6VXNlcjU1NzcxODIz",
      "_type": "github_repo_allows_user",
      "adminPermission": true,
      "displayName": "ALLOWS",
      "maintainPermission": true,
      "pullPermission": true,
      "pushPermission": true,
      "role": "ADMIN",
      "triagePermission": true,
    },
    Object {
      "_class": "ALLOWS",
      "_fromEntityKey": "R_kgDOIudGfA",
      "_key": "R_kgDOIudGfA|allows|MDQ6VXNlcjczODM2MDA4",
      "_toEntityKey": "MDQ6VXNlcjczODM2MDA4",
      "_type": "github_repo_allows_user",
      "adminPermission": true,
      "displayName": "ALLOWS",
      "maintainPermission": true,
      "pullPermission": true,
      "pushPermission": true,
      "role": "ADMIN",
      "triagePermission": true,
    },
    Object {
      "_class": "ALLOWS",
      "_fromEntityKey": "R_kgDOIudGfA",
      "_key": "R_kgDOIudGfA|allows|U_kgDOBaVAgQ",
      "_toEntityKey": "U_kgDOBaVAgQ",
      "_type": "github_repo_allows_user",
      "adminPermission": false,
      "displayName": "ALLOWS",
      "maintainPermission": false,
      "pullPermission": true,
      "pushPermission": true,
      "role": "WRITE",
      "triagePermission": true,
    },
    Object {
      "_class": "ALLOWS",
      "_fromEntityKey": "R_kgDOIudGfA",
      "_key": "R_kgDOIudGfA|allows|U_kgDOB-K3TQ",
      "_toEntityKey": "U_kgDOB-K3TQ",
      "_type": "github_repo_allows_user",
      "adminPermission": true,
      "displayName": "ALLOWS",
      "maintainPermission": true,
      "pullPermission": true,
      "pushPermission": true,
      "role": "ADMIN",
      "triagePermission": true,
    },
    Object {
      "_class": "ALLOWS",
      "_fromEntityKey": "R_kgDOIudewQ",
      "_key": "R_kgDOIudewQ|allows|MDQ6VXNlcjEyODM4ODQ=",
      "_toEntityKey": "MDQ6VXNlcjEyODM4ODQ=",
      "_type": "github_repo_allows_user",
      "adminPermission": true,
      "displayName": "ALLOWS",
      "maintainPermission": true,
      "pullPermission": true,
      "pushPermission": true,
      "role": "ADMIN",
      "triagePermission": true,
    },
    Object {
      "_class": "ALLOWS",
      "_fromEntityKey": "R_kgDOIudewQ",
      "_key": "R_kgDOIudewQ|allows|MDQ6VXNlcjIzMzYyNjI=",
      "_toEntityKey": "MDQ6VXNlcjIzMzYyNjI=",
      "_type": "github_repo_allows_user",
      "adminPermission": true,
      "displayName": "ALLOWS",
      "maintainPermission": true,
      "pullPermission": true,
      "pushPermission": true,
      "role": "ADMIN",
      "triagePermission": true,
    },
    Object {
      "_class": "ALLOWS",
      "_fromEntityKey": "R_kgDOIudewQ",
      "_key": "R_kgDOIudewQ|allows|MDQ6VXNlcjU5MjMwMDI=",
      "_toEntityKey": "MDQ6VXNlcjU5MjMwMDI=",
      "_type": "github_repo_allows_user",
      "adminPermission": true,
      "displayName": "ALLOWS",
      "maintainPermission": true,
      "pullPermission": true,
      "pushPermission": true,
      "role": "ADMIN",
      "triagePermission": true,
    },
    Object {
      "_class": "ALLOWS",
      "_fromEntityKey": "R_kgDOIudewQ",
      "_key": "R_kgDOIudewQ|allows|MDQ6VXNlcjcxOTA2OTY=",
      "_toEntityKey": "MDQ6VXNlcjcxOTA2OTY=",
      "_type": "github_repo_allows_user",
      "adminPermission": true,
      "displayName": "ALLOWS",
      "maintainPermission": true,
      "pullPermission": true,
      "pushPermission": true,
      "role": "ADMIN",
      "triagePermission": true,
    },
    Object {
      "_class": "ALLOWS",
      "_fromEntityKey": "R_kgDOIudewQ",
      "_key": "R_kgDOIudewQ|allows|MDQ6VXNlcjEwMDkwNjQ3",
      "_toEntityKey": "MDQ6VXNlcjEwMDkwNjQ3",
      "_type": "github_repo_allows_user",
      "adminPermission": true,
      "displayName": "ALLOWS",
      "maintainPermission": true,
      "pullPermission": true,
      "pushPermission": true,
      "role": "ADMIN",
      "triagePermission": true,
    },
    Object {
      "_class": "ALLOWS",
      "_fromEntityKey": "R_kgDOIudewQ",
      "_key": "R_kgDOIudewQ|allows|MDQ6VXNlcjE2NTYyMDg1",
      "_toEntityKey": "MDQ6VXNlcjE2NTYyMDg1",
      "_type": "github_repo_allows_user",
      "adminPermission": true,
      "displayName": "ALLOWS",
      "maintainPermission": true,
      "pullPermission": true,
      "pushPermission": true,
      "role": "ADMIN",
      "triagePermission": true,
    },
    Object {
      "_class": "ALLOWS",
      "_fromEntityKey": "R_kgDOIudewQ",
      "_key": "R_kgDOIudewQ|allows|MDQ6VXNlcjMxMjE4NTA3",
      "_toEntityKey": "MDQ6VXNlcjMxMjE4NTA3",
      "_type": "github_repo_allows_user",
      "adminPermission": true,
      "displayName": "ALLOWS",
      "maintainPermission": true,
      "pullPermission": true,
      "pushPermission": true,
      "role": "ADMIN",
      "triagePermission": true,
    },
    Object {
      "_class": "ALLOWS",
      "_fromEntityKey": "R_kgDOIudewQ",
      "_key": "R_kgDOIudewQ|allows|MDQ6VXNlcjU1NzcxODIz",
      "_toEntityKey": "MDQ6VXNlcjU1NzcxODIz",
      "_type": "github_repo_allows_user",
      "adminPermission": true,
      "displayName": "ALLOWS",
      "maintainPermission": true,
      "pullPermission": true,
      "pushPermission": true,
      "role": "ADMIN",
      "triagePermission": true,
    },
    Object {
      "_class": "ALLOWS",
      "_fromEntityKey": "R_kgDOIudewQ",
      "_key": "R_kgDOIudewQ|allows|MDQ6VXNlcjczODM2MDA4",
      "_toEntityKey": "MDQ6VXNlcjczODM2MDA4",
      "_type": "github_repo_allows_user",
      "adminPermission": true,
      "displayName": "ALLOWS",
      "maintainPermission": true,
      "pullPermission": true,
      "pushPermission": true,
      "role": "ADMIN",
      "triagePermission": true,
    },
    Object {
      "_class": "ALLOWS",
      "_fromEntityKey": "R_kgDOIudewQ",
      "_key": "R_kgDOIudewQ|allows|U_kgDOBaVAgQ",
      "_toEntityKey": "U_kgDOBaVAgQ",
      "_type": "github_repo_allows_user",
      "adminPermission": false,
      "displayName": "ALLOWS",
      "maintainPermission": false,
      "pullPermission": true,
      "pushPermission": false,
      "role": "READ",
      "triagePermission": false,
    },
    Object {
      "_class": "ALLOWS",
      "_fromEntityKey": "R_kgDOIudewQ",
      "_key": "R_kgDOIudewQ|allows|U_kgDOB-K3TQ",
      "_toEntityKey": "U_kgDOB-K3TQ",
      "_type": "github_repo_allows_user",
      "adminPermission": true,
      "displayName": "ALLOWS",
      "maintainPermission": true,
      "pullPermission": true,
      "pushPermission": true,
      "role": "ADMIN",
      "triagePermission": true,
    },
    Object {
      "_class": "ALLOWS",
      "_fromEntityKey": "R_kgDOIwifvQ",
      "_key": "R_kgDOIwifvQ|allows|MDQ6VXNlcjEyODM4ODQ=",
      "_toEntityKey": "MDQ6VXNlcjEyODM4ODQ=",
      "_type": "github_repo_allows_user",
      "adminPermission": true,
      "displayName": "ALLOWS",
      "maintainPermission": true,
      "pullPermission": true,
      "pushPermission": true,
      "role": "ADMIN",
      "triagePermission": true,
    },
    Object {
      "_class": "ALLOWS",
      "_fromEntityKey": "R_kgDOIwifvQ",
      "_key": "R_kgDOIwifvQ|allows|MDQ6VXNlcjIzMzYyNjI=",
      "_toEntityKey": "MDQ6VXNlcjIzMzYyNjI=",
      "_type": "github_repo_allows_user",
      "adminPermission": true,
      "displayName": "ALLOWS",
      "maintainPermission": true,
      "pullPermission": true,
      "pushPermission": true,
      "role": "ADMIN",
      "triagePermission": true,
    },
    Object {
      "_class": "ALLOWS",
      "_fromEntityKey": "R_kgDOIwifvQ",
      "_key": "R_kgDOIwifvQ|allows|MDQ6VXNlcjU5MjMwMDI=",
      "_toEntityKey": "MDQ6VXNlcjU5MjMwMDI=",
      "_type": "github_repo_allows_user",
      "adminPermission": true,
      "displayName": "ALLOWS",
      "maintainPermission": true,
      "pullPermission": true,
      "pushPermission": true,
      "role": "ADMIN",
      "triagePermission": true,
    },
    Object {
      "_class": "ALLOWS",
      "_fromEntityKey": "R_kgDOIwifvQ",
      "_key": "R_kgDOIwifvQ|allows|MDQ6VXNlcjcxOTA2OTY=",
      "_toEntityKey": "MDQ6VXNlcjcxOTA2OTY=",
      "_type": "github_repo_allows_user",
      "adminPermission": true,
      "displayName": "ALLOWS",
      "maintainPermission": true,
      "pullPermission": true,
      "pushPermission": true,
      "role": "ADMIN",
      "triagePermission": true,
    },
    Object {
      "_class": "ALLOWS",
      "_fromEntityKey": "R_kgDOIwifvQ",
      "_key": "R_kgDOIwifvQ|allows|MDQ6VXNlcjEwMDkwNjQ3",
      "_toEntityKey": "MDQ6VXNlcjEwMDkwNjQ3",
      "_type": "github_repo_allows_user",
      "adminPermission": true,
      "displayName": "ALLOWS",
      "maintainPermission": true,
      "pullPermission": true,
      "pushPermission": true,
      "role": "ADMIN",
      "triagePermission": true,
    },
    Object {
      "_class": "ALLOWS",
      "_fromEntityKey": "R_kgDOIwifvQ",
      "_key": "R_kgDOIwifvQ|allows|MDQ6VXNlcjE2NTYyMDg1",
      "_toEntityKey": "MDQ6VXNlcjE2NTYyMDg1",
      "_type": "github_repo_allows_user",
      "adminPermission": true,
      "displayName": "ALLOWS",
      "maintainPermission": true,
      "pullPermission": true,
      "pushPermission": true,
      "role": "ADMIN",
      "triagePermission": true,
    },
    Object {
      "_class": "ALLOWS",
      "_fromEntityKey": "R_kgDOIwifvQ",
      "_key": "R_kgDOIwifvQ|allows|MDQ6VXNlcjMxMjE4NTA3",
      "_toEntityKey": "MDQ6VXNlcjMxMjE4NTA3",
      "_type": "github_repo_allows_user",
      "adminPermission": true,
      "displayName": "ALLOWS",
      "maintainPermission": true,
      "pullPermission": true,
      "pushPermission": true,
      "role": "ADMIN",
      "triagePermission": true,
    },
    Object {
      "_class": "ALLOWS",
      "_fromEntityKey": "R_kgDOIwifvQ",
      "_key": "R_kgDOIwifvQ|allows|MDQ6VXNlcjU1NzcxODIz",
      "_toEntityKey": "MDQ6VXNlcjU1NzcxODIz",
      "_type": "github_repo_allows_user",
      "adminPermission": true,
      "displayName": "ALLOWS",
      "maintainPermission": true,
      "pullPermission": true,
      "pushPermission": true,
      "role": "ADMIN",
      "triagePermission": true,
    },
    Object {
      "_class": "ALLOWS",
      "_fromEntityKey": "R_kgDOIwifvQ",
      "_key": "R_kgDOIwifvQ|allows|MDQ6VXNlcjczODM2MDA4",
      "_toEntityKey": "MDQ6VXNlcjczODM2MDA4",
      "_type": "github_repo_allows_user",
      "adminPermission": true,
      "displayName": "ALLOWS",
      "maintainPermission": true,
      "pullPermission": true,
      "pushPermission": true,
      "role": "ADMIN",
      "triagePermission": true,
    },
    Object {
      "_class": "ALLOWS",
      "_fromEntityKey": "R_kgDOIwifvQ",
      "_key": "R_kgDOIwifvQ|allows|U_kgDOBaVAgQ",
      "_toEntityKey": "U_kgDOBaVAgQ",
      "_type": "github_repo_allows_user",
      "adminPermission": false,
      "displayName": "ALLOWS",
      "maintainPermission": false,
      "pullPermission": true,
      "pushPermission": false,
      "role": "READ",
      "triagePermission": false,
    },
    Object {
      "_class": "ALLOWS",
      "_fromEntityKey": "R_kgDOIwifvQ",
      "_key": "R_kgDOIwifvQ|allows|U_kgDOB-K3TQ",
      "_toEntityKey": "U_kgDOB-K3TQ",
      "_type": "github_repo_allows_user",
      "adminPermission": true,
      "displayName": "ALLOWS",
      "maintainPermission": true,
      "pullPermission": true,
      "pushPermission": true,
      "role": "ADMIN",
      "triagePermission": true,
    },
    Object {
      "_class": "ALLOWS",
      "_fromEntityKey": "R_kgDOIx9bTw",
      "_key": "R_kgDOIx9bTw|allows|MDQ6VXNlcjEyODM4ODQ=",
      "_toEntityKey": "MDQ6VXNlcjEyODM4ODQ=",
      "_type": "github_repo_allows_user",
      "adminPermission": true,
      "displayName": "ALLOWS",
      "maintainPermission": true,
      "pullPermission": true,
      "pushPermission": true,
      "role": "ADMIN",
      "triagePermission": true,
    },
    Object {
      "_class": "ALLOWS",
      "_fromEntityKey": "R_kgDOIx9bTw",
      "_key": "R_kgDOIx9bTw|allows|MDQ6VXNlcjIzMzYyNjI=",
      "_toEntityKey": "MDQ6VXNlcjIzMzYyNjI=",
      "_type": "github_repo_allows_user",
      "adminPermission": true,
      "displayName": "ALLOWS",
      "maintainPermission": true,
      "pullPermission": true,
      "pushPermission": true,
      "role": "ADMIN",
      "triagePermission": true,
    },
    Object {
      "_class": "ALLOWS",
      "_fromEntityKey": "R_kgDOIx9bTw",
      "_key": "R_kgDOIx9bTw|allows|MDQ6VXNlcjU5MjMwMDI=",
      "_toEntityKey": "MDQ6VXNlcjU5MjMwMDI=",
      "_type": "github_repo_allows_user",
      "adminPermission": true,
      "displayName": "ALLOWS",
      "maintainPermission": true,
      "pullPermission": true,
      "pushPermission": true,
      "role": "ADMIN",
      "triagePermission": true,
    },
    Object {
      "_class": "ALLOWS",
      "_fromEntityKey": "R_kgDOIx9bTw",
      "_key": "R_kgDOIx9bTw|allows|MDQ6VXNlcjcxOTA2OTY=",
      "_toEntityKey": "MDQ6VXNlcjcxOTA2OTY=",
      "_type": "github_repo_allows_user",
      "adminPermission": true,
      "displayName": "ALLOWS",
      "maintainPermission": true,
      "pullPermission": true,
      "pushPermission": true,
      "role": "ADMIN",
      "triagePermission": true,
    },
    Object {
      "_class": "ALLOWS",
      "_fromEntityKey": "R_kgDOIx9bTw",
      "_key": "R_kgDOIx9bTw|allows|MDQ6VXNlcjEwMDkwNjQ3",
      "_toEntityKey": "MDQ6VXNlcjEwMDkwNjQ3",
      "_type": "github_repo_allows_user",
      "adminPermission": true,
      "displayName": "ALLOWS",
      "maintainPermission": true,
      "pullPermission": true,
      "pushPermission": true,
      "role": "ADMIN",
      "triagePermission": true,
    },
    Object {
      "_class": "ALLOWS",
      "_fromEntityKey": "R_kgDOIx9bTw",
      "_key": "R_kgDOIx9bTw|allows|MDQ6VXNlcjE2NTYyMDg1",
      "_toEntityKey": "MDQ6VXNlcjE2NTYyMDg1",
      "_type": "github_repo_allows_user",
      "adminPermission": true,
      "displayName": "ALLOWS",
      "maintainPermission": true,
      "pullPermission": true,
      "pushPermission": true,
      "role": "ADMIN",
      "triagePermission": true,
    },
    Object {
      "_class": "ALLOWS",
      "_fromEntityKey": "R_kgDOIx9bTw",
      "_key": "R_kgDOIx9bTw|allows|MDQ6VXNlcjMxMjE4NTA3",
      "_toEntityKey": "MDQ6VXNlcjMxMjE4NTA3",
      "_type": "github_repo_allows_user",
      "adminPermission": true,
      "displayName": "ALLOWS",
      "maintainPermission": true,
      "pullPermission": true,
      "pushPermission": true,
      "role": "ADMIN",
      "triagePermission": true,
    },
    Object {
      "_class": "ALLOWS",
      "_fromEntityKey": "R_kgDOIx9bTw",
      "_key": "R_kgDOIx9bTw|allows|MDQ6VXNlcjU1NzcxODIz",
      "_toEntityKey": "MDQ6VXNlcjU1NzcxODIz",
      "_type": "github_repo_allows_user",
      "adminPermission": true,
      "displayName": "ALLOWS",
      "maintainPermission": true,
      "pullPermission": true,
      "pushPermission": true,
      "role": "ADMIN",
      "triagePermission": true,
    },
    Object {
      "_class": "ALLOWS",
      "_fromEntityKey": "R_kgDOIx9bTw",
      "_key": "R_kgDOIx9bTw|allows|MDQ6VXNlcjczODM2MDA4",
      "_toEntityKey": "MDQ6VXNlcjczODM2MDA4",
      "_type": "github_repo_allows_user",
      "adminPermission": true,
      "displayName": "ALLOWS",
      "maintainPermission": true,
      "pullPermission": true,
      "pushPermission": true,
      "role": "ADMIN",
      "triagePermission": true,
    },
    Object {
      "_class": "ALLOWS",
      "_fromEntityKey": "R_kgDOIx9bTw",
      "_key": "R_kgDOIx9bTw|allows|U_kgDOBaVAgQ",
      "_toEntityKey": "U_kgDOBaVAgQ",
      "_type": "github_repo_allows_user",
      "adminPermission": false,
      "displayName": "ALLOWS",
      "maintainPermission": false,
      "pullPermission": true,
      "pushPermission": false,
      "role": "READ",
      "triagePermission": false,
    },
    Object {
      "_class": "ALLOWS",
      "_fromEntityKey": "R_kgDOIx9bTw",
      "_key": "R_kgDOIx9bTw|allows|U_kgDOB-K3TQ",
      "_toEntityKey": "U_kgDOB-K3TQ",
      "_type": "github_repo_allows_user",
      "adminPermission": true,
      "displayName": "ALLOWS",
      "maintainPermission": true,
      "pullPermission": true,
      "pushPermission": true,
      "role": "ADMIN",
      "triagePermission": true,
    },
    Object {
      "_class": "ALLOWS",
      "_fromEntityKey": "R_kgDOI2pIIA",
      "_key": "R_kgDOI2pIIA|allows|MDQ6VXNlcjEyODM4ODQ=",
      "_toEntityKey": "MDQ6VXNlcjEyODM4ODQ=",
      "_type": "github_repo_allows_user",
      "adminPermission": true,
      "displayName": "ALLOWS",
      "maintainPermission": true,
      "pullPermission": true,
      "pushPermission": true,
      "role": "ADMIN",
      "triagePermission": true,
    },
    Object {
      "_class": "ALLOWS",
      "_fromEntityKey": "R_kgDOI2pIIA",
      "_key": "R_kgDOI2pIIA|allows|MDQ6VXNlcjIzMzYyNjI=",
      "_toEntityKey": "MDQ6VXNlcjIzMzYyNjI=",
      "_type": "github_repo_allows_user",
      "adminPermission": true,
      "displayName": "ALLOWS",
      "maintainPermission": true,
      "pullPermission": true,
      "pushPermission": true,
      "role": "ADMIN",
      "triagePermission": true,
    },
    Object {
      "_class": "ALLOWS",
      "_fromEntityKey": "R_kgDOI2pIIA",
      "_key": "R_kgDOI2pIIA|allows|MDQ6VXNlcjU5MjMwMDI=",
      "_toEntityKey": "MDQ6VXNlcjU5MjMwMDI=",
      "_type": "github_repo_allows_user",
      "adminPermission": true,
      "displayName": "ALLOWS",
      "maintainPermission": true,
      "pullPermission": true,
      "pushPermission": true,
      "role": "ADMIN",
      "triagePermission": true,
    },
    Object {
      "_class": "ALLOWS",
      "_fromEntityKey": "R_kgDOI2pIIA",
      "_key": "R_kgDOI2pIIA|allows|MDQ6VXNlcjcxOTA2OTY=",
      "_toEntityKey": "MDQ6VXNlcjcxOTA2OTY=",
      "_type": "github_repo_allows_user",
      "adminPermission": true,
      "displayName": "ALLOWS",
      "maintainPermission": true,
      "pullPermission": true,
      "pushPermission": true,
      "role": "ADMIN",
      "triagePermission": true,
    },
    Object {
      "_class": "ALLOWS",
      "_fromEntityKey": "R_kgDOI2pIIA",
      "_key": "R_kgDOI2pIIA|allows|MDQ6VXNlcjEwMDkwNjQ3",
      "_toEntityKey": "MDQ6VXNlcjEwMDkwNjQ3",
      "_type": "github_repo_allows_user",
      "adminPermission": true,
      "displayName": "ALLOWS",
      "maintainPermission": true,
      "pullPermission": true,
      "pushPermission": true,
      "role": "ADMIN",
      "triagePermission": true,
    },
    Object {
      "_class": "ALLOWS",
      "_fromEntityKey": "R_kgDOI2pIIA",
      "_key": "R_kgDOI2pIIA|allows|MDQ6VXNlcjE2NTYyMDg1",
      "_toEntityKey": "MDQ6VXNlcjE2NTYyMDg1",
      "_type": "github_repo_allows_user",
      "adminPermission": true,
      "displayName": "ALLOWS",
      "maintainPermission": true,
      "pullPermission": true,
      "pushPermission": true,
      "role": "ADMIN",
      "triagePermission": true,
    },
    Object {
      "_class": "ALLOWS",
      "_fromEntityKey": "R_kgDOI2pIIA",
      "_key": "R_kgDOI2pIIA|allows|MDQ6VXNlcjMxMjE4NTA3",
      "_toEntityKey": "MDQ6VXNlcjMxMjE4NTA3",
      "_type": "github_repo_allows_user",
      "adminPermission": true,
      "displayName": "ALLOWS",
      "maintainPermission": true,
      "pullPermission": true,
      "pushPermission": true,
      "role": "ADMIN",
      "triagePermission": true,
    },
    Object {
      "_class": "ALLOWS",
      "_fromEntityKey": "R_kgDOI2pIIA",
      "_key": "R_kgDOI2pIIA|allows|MDQ6VXNlcjU1NzcxODIz",
      "_toEntityKey": "MDQ6VXNlcjU1NzcxODIz",
      "_type": "github_repo_allows_user",
      "adminPermission": true,
      "displayName": "ALLOWS",
      "maintainPermission": true,
      "pullPermission": true,
      "pushPermission": true,
      "role": "ADMIN",
      "triagePermission": true,
    },
    Object {
      "_class": "ALLOWS",
      "_fromEntityKey": "R_kgDOI2pIIA",
      "_key": "R_kgDOI2pIIA|allows|MDQ6VXNlcjczODM2MDA4",
      "_toEntityKey": "MDQ6VXNlcjczODM2MDA4",
      "_type": "github_repo_allows_user",
      "adminPermission": true,
      "displayName": "ALLOWS",
      "maintainPermission": true,
      "pullPermission": true,
      "pushPermission": true,
      "role": "ADMIN",
      "triagePermission": true,
    },
    Object {
      "_class": "ALLOWS",
      "_fromEntityKey": "R_kgDOI2pIIA",
      "_key": "R_kgDOI2pIIA|allows|U_kgDOBaVAgQ",
      "_toEntityKey": "U_kgDOBaVAgQ",
      "_type": "github_repo_allows_user",
      "adminPermission": false,
      "displayName": "ALLOWS",
      "maintainPermission": false,
      "pullPermission": true,
      "pushPermission": false,
      "role": "READ",
      "triagePermission": false,
    },
    Object {
      "_class": "ALLOWS",
      "_fromEntityKey": "R_kgDOI2pIIA",
      "_key": "R_kgDOI2pIIA|allows|U_kgDOB-K3TQ",
      "_toEntityKey": "U_kgDOB-K3TQ",
      "_type": "github_repo_allows_user",
      "adminPermission": true,
      "displayName": "ALLOWS",
      "maintainPermission": true,
      "pullPermission": true,
      "pushPermission": true,
      "role": "ADMIN",
      "triagePermission": true,
    },
    Object {
      "_class": "ALLOWS",
      "_fromEntityKey": "R_kgDOI2pLFA",
      "_key": "R_kgDOI2pLFA|allows|MDQ6VXNlcjEyODM4ODQ=",
      "_toEntityKey": "MDQ6VXNlcjEyODM4ODQ=",
      "_type": "github_repo_allows_user",
      "adminPermission": true,
      "displayName": "ALLOWS",
      "maintainPermission": true,
      "pullPermission": true,
      "pushPermission": true,
      "role": "ADMIN",
      "triagePermission": true,
    },
    Object {
      "_class": "ALLOWS",
      "_fromEntityKey": "R_kgDOI2pLFA",
      "_key": "R_kgDOI2pLFA|allows|MDQ6VXNlcjIzMzYyNjI=",
      "_toEntityKey": "MDQ6VXNlcjIzMzYyNjI=",
      "_type": "github_repo_allows_user",
      "adminPermission": true,
      "displayName": "ALLOWS",
      "maintainPermission": true,
      "pullPermission": true,
      "pushPermission": true,
      "role": "ADMIN",
      "triagePermission": true,
    },
    Object {
      "_class": "ALLOWS",
      "_fromEntityKey": "R_kgDOI2pLFA",
      "_key": "R_kgDOI2pLFA|allows|MDQ6VXNlcjU5MjMwMDI=",
      "_toEntityKey": "MDQ6VXNlcjU5MjMwMDI=",
      "_type": "github_repo_allows_user",
      "adminPermission": true,
      "displayName": "ALLOWS",
      "maintainPermission": true,
      "pullPermission": true,
      "pushPermission": true,
      "role": "ADMIN",
      "triagePermission": true,
    },
    Object {
      "_class": "ALLOWS",
      "_fromEntityKey": "R_kgDOI2pLFA",
      "_key": "R_kgDOI2pLFA|allows|MDQ6VXNlcjcxOTA2OTY=",
      "_toEntityKey": "MDQ6VXNlcjcxOTA2OTY=",
      "_type": "github_repo_allows_user",
      "adminPermission": true,
      "displayName": "ALLOWS",
      "maintainPermission": true,
      "pullPermission": true,
      "pushPermission": true,
      "role": "ADMIN",
      "triagePermission": true,
    },
    Object {
      "_class": "ALLOWS",
      "_fromEntityKey": "R_kgDOI2pLFA",
      "_key": "R_kgDOI2pLFA|allows|MDQ6VXNlcjEwMDkwNjQ3",
      "_toEntityKey": "MDQ6VXNlcjEwMDkwNjQ3",
      "_type": "github_repo_allows_user",
      "adminPermission": true,
      "displayName": "ALLOWS",
      "maintainPermission": true,
      "pullPermission": true,
      "pushPermission": true,
      "role": "ADMIN",
      "triagePermission": true,
    },
    Object {
      "_class": "ALLOWS",
      "_fromEntityKey": "R_kgDOI2pLFA",
      "_key": "R_kgDOI2pLFA|allows|MDQ6VXNlcjE2NTYyMDg1",
      "_toEntityKey": "MDQ6VXNlcjE2NTYyMDg1",
      "_type": "github_repo_allows_user",
      "adminPermission": true,
      "displayName": "ALLOWS",
      "maintainPermission": true,
      "pullPermission": true,
      "pushPermission": true,
      "role": "ADMIN",
      "triagePermission": true,
    },
    Object {
      "_class": "ALLOWS",
      "_fromEntityKey": "R_kgDOI2pLFA",
      "_key": "R_kgDOI2pLFA|allows|MDQ6VXNlcjMxMjE4NTA3",
      "_toEntityKey": "MDQ6VXNlcjMxMjE4NTA3",
      "_type": "github_repo_allows_user",
      "adminPermission": true,
      "displayName": "ALLOWS",
      "maintainPermission": true,
      "pullPermission": true,
      "pushPermission": true,
      "role": "ADMIN",
      "triagePermission": true,
    },
    Object {
      "_class": "ALLOWS",
      "_fromEntityKey": "R_kgDOI2pLFA",
      "_key": "R_kgDOI2pLFA|allows|MDQ6VXNlcjU1NzcxODIz",
      "_toEntityKey": "MDQ6VXNlcjU1NzcxODIz",
      "_type": "github_repo_allows_user",
      "adminPermission": true,
      "displayName": "ALLOWS",
      "maintainPermission": true,
      "pullPermission": true,
      "pushPermission": true,
      "role": "ADMIN",
      "triagePermission": true,
    },
    Object {
      "_class": "ALLOWS",
      "_fromEntityKey": "R_kgDOI2pLFA",
      "_key": "R_kgDOI2pLFA|allows|MDQ6VXNlcjczODM2MDA4",
      "_toEntityKey": "MDQ6VXNlcjczODM2MDA4",
      "_type": "github_repo_allows_user",
      "adminPermission": true,
      "displayName": "ALLOWS",
      "maintainPermission": true,
      "pullPermission": true,
      "pushPermission": true,
      "role": "ADMIN",
      "triagePermission": true,
    },
    Object {
      "_class": "ALLOWS",
      "_fromEntityKey": "R_kgDOI2pLFA",
      "_key": "R_kgDOI2pLFA|allows|U_kgDOBaVAgQ",
      "_toEntityKey": "U_kgDOBaVAgQ",
      "_type": "github_repo_allows_user",
      "adminPermission": false,
      "displayName": "ALLOWS",
      "maintainPermission": false,
      "pullPermission": true,
      "pushPermission": false,
      "role": "READ",
      "triagePermission": false,
    },
    Object {
      "_class": "ALLOWS",
      "_fromEntityKey": "R_kgDOI2pLFA",
      "_key": "R_kgDOI2pLFA|allows|U_kgDOB-K3TQ",
      "_toEntityKey": "U_kgDOB-K3TQ",
      "_type": "github_repo_allows_user",
      "adminPermission": true,
      "displayName": "ALLOWS",
      "maintainPermission": true,
      "pullPermission": true,
      "pushPermission": true,
      "role": "ADMIN",
      "triagePermission": true,
    },
    Object {
      "_class": "ALLOWS",
      "_fromEntityKey": "R_kgDOI2pL-A",
      "_key": "R_kgDOI2pL-A|allows|MDQ6VXNlcjEyODM4ODQ=",
      "_toEntityKey": "MDQ6VXNlcjEyODM4ODQ=",
      "_type": "github_repo_allows_user",
      "adminPermission": true,
      "displayName": "ALLOWS",
      "maintainPermission": true,
      "pullPermission": true,
      "pushPermission": true,
      "role": "ADMIN",
      "triagePermission": true,
    },
    Object {
      "_class": "ALLOWS",
      "_fromEntityKey": "R_kgDOI2pL-A",
      "_key": "R_kgDOI2pL-A|allows|MDQ6VXNlcjIzMzYyNjI=",
      "_toEntityKey": "MDQ6VXNlcjIzMzYyNjI=",
      "_type": "github_repo_allows_user",
      "adminPermission": true,
      "displayName": "ALLOWS",
      "maintainPermission": true,
      "pullPermission": true,
      "pushPermission": true,
      "role": "ADMIN",
      "triagePermission": true,
    },
    Object {
      "_class": "ALLOWS",
      "_fromEntityKey": "R_kgDOI2pL-A",
      "_key": "R_kgDOI2pL-A|allows|MDQ6VXNlcjU5MjMwMDI=",
      "_toEntityKey": "MDQ6VXNlcjU5MjMwMDI=",
      "_type": "github_repo_allows_user",
      "adminPermission": true,
      "displayName": "ALLOWS",
      "maintainPermission": true,
      "pullPermission": true,
      "pushPermission": true,
      "role": "ADMIN",
      "triagePermission": true,
    },
    Object {
      "_class": "ALLOWS",
      "_fromEntityKey": "R_kgDOI2pL-A",
      "_key": "R_kgDOI2pL-A|allows|MDQ6VXNlcjcxOTA2OTY=",
      "_toEntityKey": "MDQ6VXNlcjcxOTA2OTY=",
      "_type": "github_repo_allows_user",
      "adminPermission": true,
      "displayName": "ALLOWS",
      "maintainPermission": true,
      "pullPermission": true,
      "pushPermission": true,
      "role": "ADMIN",
      "triagePermission": true,
    },
    Object {
      "_class": "ALLOWS",
      "_fromEntityKey": "R_kgDOI2pL-A",
      "_key": "R_kgDOI2pL-A|allows|MDQ6VXNlcjEwMDkwNjQ3",
      "_toEntityKey": "MDQ6VXNlcjEwMDkwNjQ3",
      "_type": "github_repo_allows_user",
      "adminPermission": true,
      "displayName": "ALLOWS",
      "maintainPermission": true,
      "pullPermission": true,
      "pushPermission": true,
      "role": "ADMIN",
      "triagePermission": true,
    },
    Object {
      "_class": "ALLOWS",
      "_fromEntityKey": "R_kgDOI2pL-A",
      "_key": "R_kgDOI2pL-A|allows|MDQ6VXNlcjE2NTYyMDg1",
      "_toEntityKey": "MDQ6VXNlcjE2NTYyMDg1",
      "_type": "github_repo_allows_user",
      "adminPermission": true,
      "displayName": "ALLOWS",
      "maintainPermission": true,
      "pullPermission": true,
      "pushPermission": true,
      "role": "ADMIN",
      "triagePermission": true,
    },
    Object {
      "_class": "ALLOWS",
      "_fromEntityKey": "R_kgDOI2pL-A",
      "_key": "R_kgDOI2pL-A|allows|MDQ6VXNlcjMxMjE4NTA3",
      "_toEntityKey": "MDQ6VXNlcjMxMjE4NTA3",
      "_type": "github_repo_allows_user",
      "adminPermission": true,
      "displayName": "ALLOWS",
      "maintainPermission": true,
      "pullPermission": true,
      "pushPermission": true,
      "role": "ADMIN",
      "triagePermission": true,
    },
    Object {
      "_class": "ALLOWS",
      "_fromEntityKey": "R_kgDOI2pL-A",
      "_key": "R_kgDOI2pL-A|allows|MDQ6VXNlcjU1NzcxODIz",
      "_toEntityKey": "MDQ6VXNlcjU1NzcxODIz",
      "_type": "github_repo_allows_user",
      "adminPermission": true,
      "displayName": "ALLOWS",
      "maintainPermission": true,
      "pullPermission": true,
      "pushPermission": true,
      "role": "ADMIN",
      "triagePermission": true,
    },
    Object {
      "_class": "ALLOWS",
      "_fromEntityKey": "R_kgDOI2pL-A",
      "_key": "R_kgDOI2pL-A|allows|MDQ6VXNlcjczODM2MDA4",
      "_toEntityKey": "MDQ6VXNlcjczODM2MDA4",
      "_type": "github_repo_allows_user",
      "adminPermission": true,
      "displayName": "ALLOWS",
      "maintainPermission": true,
      "pullPermission": true,
      "pushPermission": true,
      "role": "ADMIN",
      "triagePermission": true,
    },
    Object {
      "_class": "ALLOWS",
      "_fromEntityKey": "R_kgDOI2pL-A",
      "_key": "R_kgDOI2pL-A|allows|U_kgDOBaVAgQ",
      "_toEntityKey": "U_kgDOBaVAgQ",
      "_type": "github_repo_allows_user",
      "adminPermission": false,
      "displayName": "ALLOWS",
      "maintainPermission": false,
      "pullPermission": true,
      "pushPermission": false,
      "role": "READ",
      "triagePermission": false,
    },
    Object {
      "_class": "ALLOWS",
      "_fromEntityKey": "R_kgDOI2pL-A",
      "_key": "R_kgDOI2pL-A|allows|U_kgDOB-K3TQ",
      "_toEntityKey": "U_kgDOB-K3TQ",
      "_type": "github_repo_allows_user",
      "adminPermission": true,
      "displayName": "ALLOWS",
      "maintainPermission": true,
      "pullPermission": true,
      "pushPermission": true,
      "role": "ADMIN",
      "triagePermission": true,
    },
    Object {
      "_class": "ALLOWS",
      "_fromEntityKey": "R_kgDOI2pNdw",
      "_key": "R_kgDOI2pNdw|allows|MDQ6VXNlcjEyODM4ODQ=",
      "_toEntityKey": "MDQ6VXNlcjEyODM4ODQ=",
      "_type": "github_repo_allows_user",
      "adminPermission": true,
      "displayName": "ALLOWS",
      "maintainPermission": true,
      "pullPermission": true,
      "pushPermission": true,
      "role": "ADMIN",
      "triagePermission": true,
    },
    Object {
      "_class": "ALLOWS",
      "_fromEntityKey": "R_kgDOI2pNdw",
      "_key": "R_kgDOI2pNdw|allows|MDQ6VXNlcjIzMzYyNjI=",
      "_toEntityKey": "MDQ6VXNlcjIzMzYyNjI=",
      "_type": "github_repo_allows_user",
      "adminPermission": true,
      "displayName": "ALLOWS",
      "maintainPermission": true,
      "pullPermission": true,
      "pushPermission": true,
      "role": "ADMIN",
      "triagePermission": true,
    },
    Object {
      "_class": "ALLOWS",
      "_fromEntityKey": "R_kgDOI2pNdw",
      "_key": "R_kgDOI2pNdw|allows|MDQ6VXNlcjU5MjMwMDI=",
      "_toEntityKey": "MDQ6VXNlcjU5MjMwMDI=",
      "_type": "github_repo_allows_user",
      "adminPermission": true,
      "displayName": "ALLOWS",
      "maintainPermission": true,
      "pullPermission": true,
      "pushPermission": true,
      "role": "ADMIN",
      "triagePermission": true,
    },
    Object {
      "_class": "ALLOWS",
      "_fromEntityKey": "R_kgDOI2pNdw",
      "_key": "R_kgDOI2pNdw|allows|MDQ6VXNlcjcxOTA2OTY=",
      "_toEntityKey": "MDQ6VXNlcjcxOTA2OTY=",
      "_type": "github_repo_allows_user",
      "adminPermission": true,
      "displayName": "ALLOWS",
      "maintainPermission": true,
      "pullPermission": true,
      "pushPermission": true,
      "role": "ADMIN",
      "triagePermission": true,
    },
    Object {
      "_class": "ALLOWS",
      "_fromEntityKey": "R_kgDOI2pNdw",
      "_key": "R_kgDOI2pNdw|allows|MDQ6VXNlcjEwMDkwNjQ3",
      "_toEntityKey": "MDQ6VXNlcjEwMDkwNjQ3",
      "_type": "github_repo_allows_user",
      "adminPermission": true,
      "displayName": "ALLOWS",
      "maintainPermission": true,
      "pullPermission": true,
      "pushPermission": true,
      "role": "ADMIN",
      "triagePermission": true,
    },
    Object {
      "_class": "ALLOWS",
      "_fromEntityKey": "R_kgDOI2pNdw",
      "_key": "R_kgDOI2pNdw|allows|MDQ6VXNlcjE2NTYyMDg1",
      "_toEntityKey": "MDQ6VXNlcjE2NTYyMDg1",
      "_type": "github_repo_allows_user",
      "adminPermission": true,
      "displayName": "ALLOWS",
      "maintainPermission": true,
      "pullPermission": true,
      "pushPermission": true,
      "role": "ADMIN",
      "triagePermission": true,
    },
    Object {
      "_class": "ALLOWS",
      "_fromEntityKey": "R_kgDOI2pNdw",
      "_key": "R_kgDOI2pNdw|allows|MDQ6VXNlcjMxMjE4NTA3",
      "_toEntityKey": "MDQ6VXNlcjMxMjE4NTA3",
      "_type": "github_repo_allows_user",
      "adminPermission": true,
      "displayName": "ALLOWS",
      "maintainPermission": true,
      "pullPermission": true,
      "pushPermission": true,
      "role": "ADMIN",
      "triagePermission": true,
    },
    Object {
      "_class": "ALLOWS",
      "_fromEntityKey": "R_kgDOI2pNdw",
      "_key": "R_kgDOI2pNdw|allows|MDQ6VXNlcjU1NzcxODIz",
      "_toEntityKey": "MDQ6VXNlcjU1NzcxODIz",
      "_type": "github_repo_allows_user",
      "adminPermission": true,
      "displayName": "ALLOWS",
      "maintainPermission": true,
      "pullPermission": true,
      "pushPermission": true,
      "role": "ADMIN",
      "triagePermission": true,
    },
    Object {
      "_class": "ALLOWS",
      "_fromEntityKey": "R_kgDOI2pNdw",
      "_key": "R_kgDOI2pNdw|allows|MDQ6VXNlcjczODM2MDA4",
      "_toEntityKey": "MDQ6VXNlcjczODM2MDA4",
      "_type": "github_repo_allows_user",
      "adminPermission": true,
      "displayName": "ALLOWS",
      "maintainPermission": true,
      "pullPermission": true,
      "pushPermission": true,
      "role": "ADMIN",
      "triagePermission": true,
    },
    Object {
      "_class": "ALLOWS",
      "_fromEntityKey": "R_kgDOI2pNdw",
      "_key": "R_kgDOI2pNdw|allows|U_kgDOBaVAgQ",
      "_toEntityKey": "U_kgDOBaVAgQ",
      "_type": "github_repo_allows_user",
      "adminPermission": false,
      "displayName": "ALLOWS",
      "maintainPermission": false,
      "pullPermission": true,
      "pushPermission": false,
      "role": "READ",
      "triagePermission": false,
    },
    Object {
      "_class": "ALLOWS",
      "_fromEntityKey": "R_kgDOI2pNdw",
      "_key": "R_kgDOI2pNdw|allows|U_kgDOB-K3TQ",
      "_toEntityKey": "U_kgDOB-K3TQ",
      "_type": "github_repo_allows_user",
      "adminPermission": true,
      "displayName": "ALLOWS",
      "maintainPermission": true,
      "pullPermission": true,
      "pushPermission": true,
      "role": "ADMIN",
      "triagePermission": true,
    },
    Object {
      "_class": "ALLOWS",
      "_fromEntityKey": "R_kgDOI8BHIg",
      "_key": "R_kgDOI8BHIg|allows|MDQ6VXNlcjEyODM4ODQ=",
      "_toEntityKey": "MDQ6VXNlcjEyODM4ODQ=",
      "_type": "github_repo_allows_user",
      "adminPermission": true,
      "displayName": "ALLOWS",
      "maintainPermission": true,
      "pullPermission": true,
      "pushPermission": true,
      "role": "ADMIN",
      "triagePermission": true,
    },
    Object {
      "_class": "ALLOWS",
      "_fromEntityKey": "R_kgDOI8BHIg",
      "_key": "R_kgDOI8BHIg|allows|MDQ6VXNlcjIzMzYyNjI=",
      "_toEntityKey": "MDQ6VXNlcjIzMzYyNjI=",
      "_type": "github_repo_allows_user",
      "adminPermission": true,
      "displayName": "ALLOWS",
      "maintainPermission": true,
      "pullPermission": true,
      "pushPermission": true,
      "role": "ADMIN",
      "triagePermission": true,
    },
    Object {
      "_class": "ALLOWS",
      "_fromEntityKey": "R_kgDOI8BHIg",
      "_key": "R_kgDOI8BHIg|allows|MDQ6VXNlcjU5MjMwMDI=",
      "_toEntityKey": "MDQ6VXNlcjU5MjMwMDI=",
      "_type": "github_repo_allows_user",
      "adminPermission": true,
      "displayName": "ALLOWS",
      "maintainPermission": true,
      "pullPermission": true,
      "pushPermission": true,
      "role": "ADMIN",
      "triagePermission": true,
    },
    Object {
      "_class": "ALLOWS",
      "_fromEntityKey": "R_kgDOI8BHIg",
      "_key": "R_kgDOI8BHIg|allows|MDQ6VXNlcjcxOTA2OTY=",
      "_toEntityKey": "MDQ6VXNlcjcxOTA2OTY=",
      "_type": "github_repo_allows_user",
      "adminPermission": true,
      "displayName": "ALLOWS",
      "maintainPermission": true,
      "pullPermission": true,
      "pushPermission": true,
      "role": "ADMIN",
      "triagePermission": true,
    },
    Object {
      "_class": "ALLOWS",
      "_fromEntityKey": "R_kgDOI8BHIg",
      "_key": "R_kgDOI8BHIg|allows|MDQ6VXNlcjEwMDkwNjQ3",
      "_toEntityKey": "MDQ6VXNlcjEwMDkwNjQ3",
      "_type": "github_repo_allows_user",
      "adminPermission": true,
      "displayName": "ALLOWS",
      "maintainPermission": true,
      "pullPermission": true,
      "pushPermission": true,
      "role": "ADMIN",
      "triagePermission": true,
    },
    Object {
      "_class": "ALLOWS",
      "_fromEntityKey": "R_kgDOI8BHIg",
      "_key": "R_kgDOI8BHIg|allows|MDQ6VXNlcjE2NTYyMDg1",
      "_toEntityKey": "MDQ6VXNlcjE2NTYyMDg1",
      "_type": "github_repo_allows_user",
      "adminPermission": true,
      "displayName": "ALLOWS",
      "maintainPermission": true,
      "pullPermission": true,
      "pushPermission": true,
      "role": "ADMIN",
      "triagePermission": true,
    },
    Object {
      "_class": "ALLOWS",
      "_fromEntityKey": "R_kgDOI8BHIg",
      "_key": "R_kgDOI8BHIg|allows|MDQ6VXNlcjMxMjE4NTA3",
      "_toEntityKey": "MDQ6VXNlcjMxMjE4NTA3",
      "_type": "github_repo_allows_user",
      "adminPermission": true,
      "displayName": "ALLOWS",
      "maintainPermission": true,
      "pullPermission": true,
      "pushPermission": true,
      "role": "ADMIN",
      "triagePermission": true,
    },
    Object {
      "_class": "ALLOWS",
      "_fromEntityKey": "R_kgDOI8BHIg",
      "_key": "R_kgDOI8BHIg|allows|MDQ6VXNlcjU1NzcxODIz",
      "_toEntityKey": "MDQ6VXNlcjU1NzcxODIz",
      "_type": "github_repo_allows_user",
      "adminPermission": true,
      "displayName": "ALLOWS",
      "maintainPermission": true,
      "pullPermission": true,
      "pushPermission": true,
      "role": "ADMIN",
      "triagePermission": true,
    },
    Object {
      "_class": "ALLOWS",
      "_fromEntityKey": "R_kgDOI8BHIg",
      "_key": "R_kgDOI8BHIg|allows|MDQ6VXNlcjczODM2MDA4",
      "_toEntityKey": "MDQ6VXNlcjczODM2MDA4",
      "_type": "github_repo_allows_user",
      "adminPermission": true,
      "displayName": "ALLOWS",
      "maintainPermission": true,
      "pullPermission": true,
      "pushPermission": true,
      "role": "ADMIN",
      "triagePermission": true,
    },
    Object {
      "_class": "ALLOWS",
      "_fromEntityKey": "R_kgDOI8BHIg",
      "_key": "R_kgDOI8BHIg|allows|U_kgDOBaVAgQ",
      "_toEntityKey": "U_kgDOBaVAgQ",
      "_type": "github_repo_allows_user",
      "adminPermission": false,
      "displayName": "ALLOWS",
      "maintainPermission": false,
      "pullPermission": true,
      "pushPermission": false,
      "role": "READ",
      "triagePermission": false,
    },
    Object {
      "_class": "ALLOWS",
      "_fromEntityKey": "R_kgDOI8BHIg",
      "_key": "R_kgDOI8BHIg|allows|U_kgDOBhhlDg",
      "_toEntityKey": "U_kgDOBhhlDg",
      "_type": "github_repo_allows_user",
      "adminPermission": false,
      "displayName": "ALLOWS",
      "maintainPermission": false,
      "pullPermission": true,
      "pushPermission": true,
      "role": "WRITE",
      "triagePermission": true,
    },
    Object {
      "_class": "ALLOWS",
      "_fromEntityKey": "R_kgDOI8BHIg",
      "_key": "R_kgDOI8BHIg|allows|U_kgDOB-K3TQ",
      "_toEntityKey": "U_kgDOB-K3TQ",
      "_type": "github_repo_allows_user",
      "adminPermission": true,
      "displayName": "ALLOWS",
      "maintainPermission": true,
      "pullPermission": true,
      "pushPermission": true,
      "role": "ADMIN",
      "triagePermission": true,
    },
    Object {
      "_class": "ALLOWS",
      "_fromEntityKey": "R_kgDOJjTBjA",
      "_key": "R_kgDOJjTBjA|allows|MDQ6VXNlcjEyODM4ODQ=",
      "_toEntityKey": "MDQ6VXNlcjEyODM4ODQ=",
      "_type": "github_repo_allows_user",
      "adminPermission": true,
      "displayName": "ALLOWS",
      "maintainPermission": true,
      "pullPermission": true,
      "pushPermission": true,
      "role": "ADMIN",
      "triagePermission": true,
    },
    Object {
      "_class": "ALLOWS",
      "_fromEntityKey": "R_kgDOJjTBjA",
      "_key": "R_kgDOJjTBjA|allows|MDQ6VXNlcjIzMzYyNjI=",
      "_toEntityKey": "MDQ6VXNlcjIzMzYyNjI=",
      "_type": "github_repo_allows_user",
      "adminPermission": true,
      "displayName": "ALLOWS",
      "maintainPermission": true,
      "pullPermission": true,
      "pushPermission": true,
      "role": "ADMIN",
      "triagePermission": true,
    },
    Object {
      "_class": "ALLOWS",
      "_fromEntityKey": "R_kgDOJjTBjA",
      "_key": "R_kgDOJjTBjA|allows|MDQ6VXNlcjU5MjMwMDI=",
      "_toEntityKey": "MDQ6VXNlcjU5MjMwMDI=",
      "_type": "github_repo_allows_user",
      "adminPermission": true,
      "displayName": "ALLOWS",
      "maintainPermission": true,
      "pullPermission": true,
      "pushPermission": true,
      "role": "ADMIN",
      "triagePermission": true,
    },
    Object {
      "_class": "ALLOWS",
      "_fromEntityKey": "R_kgDOJjTBjA",
      "_key": "R_kgDOJjTBjA|allows|MDQ6VXNlcjcxOTA2OTY=",
      "_toEntityKey": "MDQ6VXNlcjcxOTA2OTY=",
      "_type": "github_repo_allows_user",
      "adminPermission": true,
      "displayName": "ALLOWS",
      "maintainPermission": true,
      "pullPermission": true,
      "pushPermission": true,
      "role": "ADMIN",
      "triagePermission": true,
    },
    Object {
      "_class": "ALLOWS",
      "_fromEntityKey": "R_kgDOJjTBjA",
      "_key": "R_kgDOJjTBjA|allows|MDQ6VXNlcjEwMDkwNjQ3",
      "_toEntityKey": "MDQ6VXNlcjEwMDkwNjQ3",
      "_type": "github_repo_allows_user",
      "adminPermission": true,
      "displayName": "ALLOWS",
      "maintainPermission": true,
      "pullPermission": true,
      "pushPermission": true,
      "role": "ADMIN",
      "triagePermission": true,
    },
    Object {
      "_class": "ALLOWS",
      "_fromEntityKey": "R_kgDOJjTBjA",
      "_key": "R_kgDOJjTBjA|allows|MDQ6VXNlcjE2NTYyMDg1",
      "_toEntityKey": "MDQ6VXNlcjE2NTYyMDg1",
      "_type": "github_repo_allows_user",
      "adminPermission": true,
      "displayName": "ALLOWS",
      "maintainPermission": true,
      "pullPermission": true,
      "pushPermission": true,
      "role": "ADMIN",
      "triagePermission": true,
    },
    Object {
      "_class": "ALLOWS",
      "_fromEntityKey": "R_kgDOJjTBjA",
      "_key": "R_kgDOJjTBjA|allows|MDQ6VXNlcjMxMjE4NTA3",
      "_toEntityKey": "MDQ6VXNlcjMxMjE4NTA3",
      "_type": "github_repo_allows_user",
      "adminPermission": true,
      "displayName": "ALLOWS",
      "maintainPermission": true,
      "pullPermission": true,
      "pushPermission": true,
      "role": "ADMIN",
      "triagePermission": true,
    },
    Object {
      "_class": "ALLOWS",
      "_fromEntityKey": "R_kgDOJjTBjA",
      "_key": "R_kgDOJjTBjA|allows|MDQ6VXNlcjU1NzcxODIz",
      "_toEntityKey": "MDQ6VXNlcjU1NzcxODIz",
      "_type": "github_repo_allows_user",
      "adminPermission": true,
      "displayName": "ALLOWS",
      "maintainPermission": true,
      "pullPermission": true,
      "pushPermission": true,
      "role": "ADMIN",
      "triagePermission": true,
    },
    Object {
      "_class": "ALLOWS",
      "_fromEntityKey": "R_kgDOJjTBjA",
      "_key": "R_kgDOJjTBjA|allows|MDQ6VXNlcjczODM2MDA4",
      "_toEntityKey": "MDQ6VXNlcjczODM2MDA4",
      "_type": "github_repo_allows_user",
      "adminPermission": true,
      "displayName": "ALLOWS",
      "maintainPermission": true,
      "pullPermission": true,
      "pushPermission": true,
      "role": "ADMIN",
      "triagePermission": true,
    },
    Object {
      "_class": "ALLOWS",
      "_fromEntityKey": "R_kgDOJjTBjA",
      "_key": "R_kgDOJjTBjA|allows|U_kgDOBaVAgQ",
      "_toEntityKey": "U_kgDOBaVAgQ",
      "_type": "github_repo_allows_user",
      "adminPermission": true,
      "displayName": "ALLOWS",
      "maintainPermission": true,
      "pullPermission": true,
      "pushPermission": true,
      "role": "ADMIN",
      "triagePermission": true,
    },
    Object {
      "_class": "ALLOWS",
      "_fromEntityKey": "R_kgDOJjTBjA",
      "_key": "R_kgDOJjTBjA|allows|U_kgDOB-K3TQ",
      "_toEntityKey": "U_kgDOB-K3TQ",
      "_type": "github_repo_allows_user",
      "adminPermission": true,
      "displayName": "ALLOWS",
      "maintainPermission": true,
      "pullPermission": true,
      "pushPermission": true,
      "role": "ADMIN",
      "triagePermission": true,
    },
    Object {
      "_class": "ALLOWS",
      "_fromEntityKey": "R_kgDOJyTpow",
      "_key": "R_kgDOJyTpow|allows|MDQ6VXNlcjEyODM4ODQ=",
      "_toEntityKey": "MDQ6VXNlcjEyODM4ODQ=",
      "_type": "github_repo_allows_user",
      "adminPermission": true,
      "displayName": "ALLOWS",
      "maintainPermission": true,
      "pullPermission": true,
      "pushPermission": true,
      "role": "ADMIN",
      "triagePermission": true,
    },
    Object {
      "_class": "ALLOWS",
      "_fromEntityKey": "R_kgDOJyTpow",
      "_key": "R_kgDOJyTpow|allows|MDQ6VXNlcjIzMzYyNjI=",
      "_toEntityKey": "MDQ6VXNlcjIzMzYyNjI=",
      "_type": "github_repo_allows_user",
      "adminPermission": true,
      "displayName": "ALLOWS",
      "maintainPermission": true,
      "pullPermission": true,
      "pushPermission": true,
      "role": "ADMIN",
      "triagePermission": true,
    },
    Object {
      "_class": "ALLOWS",
      "_fromEntityKey": "R_kgDOJyTpow",
      "_key": "R_kgDOJyTpow|allows|MDQ6VXNlcjU5MjMwMDI=",
      "_toEntityKey": "MDQ6VXNlcjU5MjMwMDI=",
      "_type": "github_repo_allows_user",
      "adminPermission": true,
      "displayName": "ALLOWS",
      "maintainPermission": true,
      "pullPermission": true,
      "pushPermission": true,
      "role": "ADMIN",
      "triagePermission": true,
    },
    Object {
      "_class": "ALLOWS",
      "_fromEntityKey": "R_kgDOJyTpow",
      "_key": "R_kgDOJyTpow|allows|MDQ6VXNlcjcxOTA2OTY=",
      "_toEntityKey": "MDQ6VXNlcjcxOTA2OTY=",
      "_type": "github_repo_allows_user",
      "adminPermission": true,
      "displayName": "ALLOWS",
      "maintainPermission": true,
      "pullPermission": true,
      "pushPermission": true,
      "role": "ADMIN",
      "triagePermission": true,
    },
    Object {
      "_class": "ALLOWS",
      "_fromEntityKey": "R_kgDOJyTpow",
      "_key": "R_kgDOJyTpow|allows|MDQ6VXNlcjEwMDkwNjQ3",
      "_toEntityKey": "MDQ6VXNlcjEwMDkwNjQ3",
      "_type": "github_repo_allows_user",
      "adminPermission": true,
      "displayName": "ALLOWS",
      "maintainPermission": true,
      "pullPermission": true,
      "pushPermission": true,
      "role": "ADMIN",
      "triagePermission": true,
    },
    Object {
      "_class": "ALLOWS",
      "_fromEntityKey": "R_kgDOJyTpow",
      "_key": "R_kgDOJyTpow|allows|MDQ6VXNlcjE2NTYyMDg1",
      "_toEntityKey": "MDQ6VXNlcjE2NTYyMDg1",
      "_type": "github_repo_allows_user",
      "adminPermission": true,
      "displayName": "ALLOWS",
      "maintainPermission": true,
      "pullPermission": true,
      "pushPermission": true,
      "role": "ADMIN",
      "triagePermission": true,
    },
    Object {
      "_class": "ALLOWS",
      "_fromEntityKey": "R_kgDOJyTpow",
      "_key": "R_kgDOJyTpow|allows|MDQ6VXNlcjMxMjE4NTA3",
      "_toEntityKey": "MDQ6VXNlcjMxMjE4NTA3",
      "_type": "github_repo_allows_user",
      "adminPermission": true,
      "displayName": "ALLOWS",
      "maintainPermission": true,
      "pullPermission": true,
      "pushPermission": true,
      "role": "ADMIN",
      "triagePermission": true,
    },
    Object {
      "_class": "ALLOWS",
      "_fromEntityKey": "R_kgDOJyTpow",
      "_key": "R_kgDOJyTpow|allows|MDQ6VXNlcjU1NzcxODIz",
      "_toEntityKey": "MDQ6VXNlcjU1NzcxODIz",
      "_type": "github_repo_allows_user",
      "adminPermission": true,
      "displayName": "ALLOWS",
      "maintainPermission": true,
      "pullPermission": true,
      "pushPermission": true,
      "role": "ADMIN",
      "triagePermission": true,
    },
    Object {
      "_class": "ALLOWS",
      "_fromEntityKey": "R_kgDOJyTpow",
      "_key": "R_kgDOJyTpow|allows|MDQ6VXNlcjczODM2MDA4",
      "_toEntityKey": "MDQ6VXNlcjczODM2MDA4",
      "_type": "github_repo_allows_user",
      "adminPermission": true,
      "displayName": "ALLOWS",
      "maintainPermission": true,
      "pullPermission": true,
      "pushPermission": true,
      "role": "ADMIN",
      "triagePermission": true,
    },
    Object {
      "_class": "ALLOWS",
      "_fromEntityKey": "R_kgDOJyTpow",
      "_key": "R_kgDOJyTpow|allows|U_kgDOBaVAgQ",
      "_toEntityKey": "U_kgDOBaVAgQ",
      "_type": "github_repo_allows_user",
      "adminPermission": false,
      "displayName": "ALLOWS",
      "maintainPermission": false,
      "pullPermission": true,
      "pushPermission": false,
      "role": "READ",
      "triagePermission": false,
    },
    Object {
      "_class": "ALLOWS",
      "_fromEntityKey": "R_kgDOJyTpow",
      "_key": "R_kgDOJyTpow|allows|U_kgDOB-K3TQ",
      "_toEntityKey": "U_kgDOB-K3TQ",
      "_type": "github_repo_allows_user",
      "adminPermission": true,
      "displayName": "ALLOWS",
      "maintainPermission": true,
      "pullPermission": true,
      "pushPermission": true,
      "role": "ADMIN",
      "triagePermission": true,
    },
    Object {
      "_class": "ALLOWS",
      "_fromEntityKey": "R_kgDOJ54ckg",
      "_key": "R_kgDOJ54ckg|allows|MDQ6VXNlcjEyODM4ODQ=",
      "_toEntityKey": "MDQ6VXNlcjEyODM4ODQ=",
      "_type": "github_repo_allows_user",
      "adminPermission": true,
      "displayName": "ALLOWS",
      "maintainPermission": true,
      "pullPermission": true,
      "pushPermission": true,
      "role": "ADMIN",
      "triagePermission": true,
    },
    Object {
      "_class": "ALLOWS",
      "_fromEntityKey": "R_kgDOJ54ckg",
      "_key": "R_kgDOJ54ckg|allows|MDQ6VXNlcjIzMzYyNjI=",
      "_toEntityKey": "MDQ6VXNlcjIzMzYyNjI=",
      "_type": "github_repo_allows_user",
      "adminPermission": true,
      "displayName": "ALLOWS",
      "maintainPermission": true,
      "pullPermission": true,
      "pushPermission": true,
      "role": "ADMIN",
      "triagePermission": true,
    },
    Object {
      "_class": "ALLOWS",
      "_fromEntityKey": "R_kgDOJ54ckg",
      "_key": "R_kgDOJ54ckg|allows|MDQ6VXNlcjU5MjMwMDI=",
      "_toEntityKey": "MDQ6VXNlcjU5MjMwMDI=",
      "_type": "github_repo_allows_user",
      "adminPermission": true,
      "displayName": "ALLOWS",
      "maintainPermission": true,
      "pullPermission": true,
      "pushPermission": true,
      "role": "ADMIN",
      "triagePermission": true,
    },
    Object {
      "_class": "ALLOWS",
      "_fromEntityKey": "R_kgDOJ54ckg",
      "_key": "R_kgDOJ54ckg|allows|MDQ6VXNlcjcxOTA2OTY=",
      "_toEntityKey": "MDQ6VXNlcjcxOTA2OTY=",
      "_type": "github_repo_allows_user",
      "adminPermission": true,
      "displayName": "ALLOWS",
      "maintainPermission": true,
      "pullPermission": true,
      "pushPermission": true,
      "role": "ADMIN",
      "triagePermission": true,
    },
    Object {
      "_class": "ALLOWS",
      "_fromEntityKey": "R_kgDOJ54ckg",
      "_key": "R_kgDOJ54ckg|allows|MDQ6VXNlcjEwMDkwNjQ3",
      "_toEntityKey": "MDQ6VXNlcjEwMDkwNjQ3",
      "_type": "github_repo_allows_user",
      "adminPermission": true,
      "displayName": "ALLOWS",
      "maintainPermission": true,
      "pullPermission": true,
      "pushPermission": true,
      "role": "ADMIN",
      "triagePermission": true,
    },
    Object {
      "_class": "ALLOWS",
      "_fromEntityKey": "R_kgDOJ54ckg",
      "_key": "R_kgDOJ54ckg|allows|MDQ6VXNlcjE2NTYyMDg1",
      "_toEntityKey": "MDQ6VXNlcjE2NTYyMDg1",
      "_type": "github_repo_allows_user",
      "adminPermission": true,
      "displayName": "ALLOWS",
      "maintainPermission": true,
      "pullPermission": true,
      "pushPermission": true,
      "role": "ADMIN",
      "triagePermission": true,
    },
    Object {
      "_class": "ALLOWS",
      "_fromEntityKey": "R_kgDOJ54ckg",
      "_key": "R_kgDOJ54ckg|allows|MDQ6VXNlcjMxMjE4NTA3",
      "_toEntityKey": "MDQ6VXNlcjMxMjE4NTA3",
      "_type": "github_repo_allows_user",
      "adminPermission": true,
      "displayName": "ALLOWS",
      "maintainPermission": true,
      "pullPermission": true,
      "pushPermission": true,
      "role": "ADMIN",
      "triagePermission": true,
    },
    Object {
      "_class": "ALLOWS",
      "_fromEntityKey": "R_kgDOJ54ckg",
      "_key": "R_kgDOJ54ckg|allows|MDQ6VXNlcjU1NzcxODIz",
      "_toEntityKey": "MDQ6VXNlcjU1NzcxODIz",
      "_type": "github_repo_allows_user",
      "adminPermission": true,
      "displayName": "ALLOWS",
      "maintainPermission": true,
      "pullPermission": true,
      "pushPermission": true,
      "role": "ADMIN",
      "triagePermission": true,
    },
    Object {
      "_class": "ALLOWS",
      "_fromEntityKey": "R_kgDOJ54ckg",
      "_key": "R_kgDOJ54ckg|allows|MDQ6VXNlcjczODM2MDA4",
      "_toEntityKey": "MDQ6VXNlcjczODM2MDA4",
      "_type": "github_repo_allows_user",
      "adminPermission": true,
      "displayName": "ALLOWS",
      "maintainPermission": true,
      "pullPermission": true,
      "pushPermission": true,
      "role": "ADMIN",
      "triagePermission": true,
    },
    Object {
      "_class": "ALLOWS",
      "_fromEntityKey": "R_kgDOJ54ckg",
      "_key": "R_kgDOJ54ckg|allows|U_kgDOBaVAgQ",
      "_toEntityKey": "U_kgDOBaVAgQ",
      "_type": "github_repo_allows_user",
      "adminPermission": false,
      "displayName": "ALLOWS",
      "maintainPermission": false,
      "pullPermission": true,
      "pushPermission": false,
      "role": "READ",
      "triagePermission": false,
    },
    Object {
      "_class": "ALLOWS",
      "_fromEntityKey": "R_kgDOJ54ckg",
      "_key": "R_kgDOJ54ckg|allows|U_kgDOB-K3TQ",
      "_toEntityKey": "U_kgDOB-K3TQ",
      "_type": "github_repo_allows_user",
      "adminPermission": true,
      "displayName": "ALLOWS",
      "maintainPermission": true,
      "pullPermission": true,
      "pushPermission": true,
      "role": "ADMIN",
      "triagePermission": true,
    },
    Object {
      "_class": "ALLOWS",
      "_fromEntityKey": "R_kgDOKN6ggA",
      "_key": "R_kgDOKN6ggA|allows|MDQ6VXNlcjEyODM4ODQ=",
      "_toEntityKey": "MDQ6VXNlcjEyODM4ODQ=",
      "_type": "github_repo_allows_user",
      "adminPermission": true,
      "displayName": "ALLOWS",
      "maintainPermission": true,
      "pullPermission": true,
      "pushPermission": true,
      "role": "ADMIN",
      "triagePermission": true,
    },
    Object {
      "_class": "ALLOWS",
      "_fromEntityKey": "R_kgDOKN6ggA",
      "_key": "R_kgDOKN6ggA|allows|MDQ6VXNlcjIzMzYyNjI=",
      "_toEntityKey": "MDQ6VXNlcjIzMzYyNjI=",
      "_type": "github_repo_allows_user",
      "adminPermission": true,
      "displayName": "ALLOWS",
      "maintainPermission": true,
      "pullPermission": true,
      "pushPermission": true,
      "role": "ADMIN",
      "triagePermission": true,
    },
    Object {
      "_class": "ALLOWS",
      "_fromEntityKey": "R_kgDOKN6ggA",
      "_key": "R_kgDOKN6ggA|allows|MDQ6VXNlcjU5MjMwMDI=",
      "_toEntityKey": "MDQ6VXNlcjU5MjMwMDI=",
      "_type": "github_repo_allows_user",
      "adminPermission": true,
      "displayName": "ALLOWS",
      "maintainPermission": true,
      "pullPermission": true,
      "pushPermission": true,
      "role": "ADMIN",
      "triagePermission": true,
    },
    Object {
      "_class": "ALLOWS",
      "_fromEntityKey": "R_kgDOKN6ggA",
      "_key": "R_kgDOKN6ggA|allows|MDQ6VXNlcjcxOTA2OTY=",
      "_toEntityKey": "MDQ6VXNlcjcxOTA2OTY=",
      "_type": "github_repo_allows_user",
      "adminPermission": true,
      "displayName": "ALLOWS",
      "maintainPermission": true,
      "pullPermission": true,
      "pushPermission": true,
      "role": "ADMIN",
      "triagePermission": true,
    },
    Object {
      "_class": "ALLOWS",
      "_fromEntityKey": "R_kgDOKN6ggA",
      "_key": "R_kgDOKN6ggA|allows|MDQ6VXNlcjEwMDkwNjQ3",
      "_toEntityKey": "MDQ6VXNlcjEwMDkwNjQ3",
      "_type": "github_repo_allows_user",
      "adminPermission": true,
      "displayName": "ALLOWS",
      "maintainPermission": true,
      "pullPermission": true,
      "pushPermission": true,
      "role": "ADMIN",
      "triagePermission": true,
    },
    Object {
      "_class": "ALLOWS",
      "_fromEntityKey": "R_kgDOKN6ggA",
      "_key": "R_kgDOKN6ggA|allows|MDQ6VXNlcjE2NTYyMDg1",
      "_toEntityKey": "MDQ6VXNlcjE2NTYyMDg1",
      "_type": "github_repo_allows_user",
      "adminPermission": true,
      "displayName": "ALLOWS",
      "maintainPermission": true,
      "pullPermission": true,
      "pushPermission": true,
      "role": "ADMIN",
      "triagePermission": true,
    },
    Object {
      "_class": "ALLOWS",
      "_fromEntityKey": "R_kgDOKN6ggA",
      "_key": "R_kgDOKN6ggA|allows|MDQ6VXNlcjMxMjE4NTA3",
      "_toEntityKey": "MDQ6VXNlcjMxMjE4NTA3",
      "_type": "github_repo_allows_user",
      "adminPermission": true,
      "displayName": "ALLOWS",
      "maintainPermission": true,
      "pullPermission": true,
      "pushPermission": true,
      "role": "ADMIN",
      "triagePermission": true,
    },
    Object {
      "_class": "ALLOWS",
      "_fromEntityKey": "R_kgDOKN6ggA",
      "_key": "R_kgDOKN6ggA|allows|MDQ6VXNlcjU1NzcxODIz",
      "_toEntityKey": "MDQ6VXNlcjU1NzcxODIz",
      "_type": "github_repo_allows_user",
      "adminPermission": true,
      "displayName": "ALLOWS",
      "maintainPermission": true,
      "pullPermission": true,
      "pushPermission": true,
      "role": "ADMIN",
      "triagePermission": true,
    },
    Object {
      "_class": "ALLOWS",
      "_fromEntityKey": "R_kgDOKN6ggA",
      "_key": "R_kgDOKN6ggA|allows|MDQ6VXNlcjczODM2MDA4",
      "_toEntityKey": "MDQ6VXNlcjczODM2MDA4",
      "_type": "github_repo_allows_user",
      "adminPermission": true,
      "displayName": "ALLOWS",
      "maintainPermission": true,
      "pullPermission": true,
      "pushPermission": true,
      "role": "ADMIN",
      "triagePermission": true,
    },
    Object {
      "_class": "ALLOWS",
      "_fromEntityKey": "R_kgDOKN6ggA",
      "_key": "R_kgDOKN6ggA|allows|U_kgDOBaVAgQ",
      "_toEntityKey": "U_kgDOBaVAgQ",
      "_type": "github_repo_allows_user",
      "adminPermission": false,
      "displayName": "ALLOWS",
      "maintainPermission": false,
      "pullPermission": true,
      "pushPermission": false,
      "role": "READ",
      "triagePermission": false,
    },
    Object {
      "_class": "ALLOWS",
      "_fromEntityKey": "R_kgDOKN6ggA",
      "_key": "R_kgDOKN6ggA|allows|U_kgDOB-K3TQ",
      "_toEntityKey": "U_kgDOB-K3TQ",
      "_type": "github_repo_allows_user",
      "adminPermission": true,
      "displayName": "ALLOWS",
      "maintainPermission": true,
      "pullPermission": true,
      "pushPermission": true,
      "role": "ADMIN",
      "triagePermission": true,
    },
  ],
  "encounteredTypes": Array [
    "github_account",
    "github_repo",
    "github_user",
    "github_account_owns_repo",
    "github_account_has_user",
    "github_user_manages_account",
    "github_repo_allows_user",
  ],
  "numCollectedEntities": 1,
  "numCollectedRelationships": 155,
}
`;
