// Jest Snapshot v1, https://goo.gl/fbAQLP

exports[`fetchMembers exec handler 1`] = `
Object {
  "collectedEntities": Array [
    Object {
      "_class": Array [
        "User",
      ],
      "_key": "MDQ6VXNlcjU5MjMwMDI=",
      "_rawData": Array [
        Object {
          "name": "default",
          "rawData": Object {
            "company": "JupiterOne",
            "createdAt": "2013-11-12T20:20:50Z",
            "databaseId": 5923002,
            "email": "samuel.poulton@jupiterone.com",
            "hasTwoFactorEnabled": null,
            "id": "MDQ6VXNlcjU5MjMwMDI=",
            "isEmployee": false,
            "isSiteAdmin": false,
            "location": null,
            "login": "VDubber",
            "name": "Samuel Poulton",
            "organization": "O_kgDOBfl5ZQ",
            "role": "ADMIN",
            "updatedAt": "2022-03-15T15:43:54Z",
            "url": "https://github.com/VDubber",
            "websiteUrl": null,
          },
        },
      ],
      "_type": "github_user",
      "active": true,
      "company": "JupiterOne",
      "createdOn": 1384287650000,
      "databaseId": 5923002,
      "displayName": "Samuel Poulton",
      "email": "samuel.poulton@jupiterone.com",
      "employee": false,
      "id": "MDQ6VXNlcjU5MjMwMDI=",
      "location": "",
      "login": "VDubber",
      "mfaEnabled": undefined,
      "name": "Samuel Poulton",
      "node": "MDQ6VXNlcjU5MjMwMDI=",
      "organizationId": "O_kgDOBfl5ZQ",
      "role": "ADMIN",
      "siteAdmin": false,
      "updatedOn": 1647359034000,
      "username": "VDubber",
      "webLink": "https://github.com/VDubber",
      "websiteUrl": "",
    },
    Object {
      "_class": Array [
        "User",
      ],
      "_key": "U_kgDOBgq4WA",
      "_rawData": Array [
        Object {
          "name": "default",
          "rawData": Object {
            "company": null,
            "createdAt": "2022-03-10T21:30:13Z",
            "databaseId": 101365848,
            "email": "",
            "hasTwoFactorEnabled": null,
            "id": "U_kgDOBgq4WA",
            "isEmployee": false,
            "isSiteAdmin": false,
            "location": null,
            "login": "spoultonV2",
            "name": "SamBot",
            "organization": "O_kgDOBfl5ZQ",
            "role": "MEMBER",
            "updatedAt": "2022-03-23T21:21:30Z",
            "url": "https://github.com/spoultonV2",
            "websiteUrl": null,
          },
        },
      ],
      "_type": "github_user",
      "active": true,
      "company": "",
      "createdOn": 1646947813000,
      "databaseId": 101365848,
      "displayName": "SamBot",
      "employee": false,
      "id": "U_kgDOBgq4WA",
      "location": "",
      "login": "spoultonV2",
      "mfaEnabled": undefined,
      "name": "SamBot",
      "node": "U_kgDOBgq4WA",
      "organizationId": "O_kgDOBfl5ZQ",
      "role": "MEMBER",
      "siteAdmin": false,
      "updatedOn": 1648070490000,
      "username": "spoultonV2",
      "webLink": "https://github.com/spoultonV2",
      "websiteUrl": "",
    },
  ],
  "collectedRelationships": Array [
    Object {
      "_class": "HAS",
      "_fromEntityKey": "O_kgDOBfl5ZQ",
      "_key": "O_kgDOBfl5ZQ|has|MDQ6VXNlcjU5MjMwMDI=",
      "_toEntityKey": "MDQ6VXNlcjU5MjMwMDI=",
      "_type": "github_account_has_user",
      "displayName": "HAS",
    },
    Object {
      "_class": "MANAGES",
      "_fromEntityKey": "MDQ6VXNlcjU5MjMwMDI=",
      "_key": "MDQ6VXNlcjU5MjMwMDI=|manages|O_kgDOBfl5ZQ",
      "_toEntityKey": "O_kgDOBfl5ZQ",
      "_type": "github_user_manages_account",
      "displayName": "MANAGES",
    },
    Object {
      "_class": "HAS",
      "_fromEntityKey": "O_kgDOBfl5ZQ",
      "_key": "O_kgDOBfl5ZQ|has|U_kgDOBgq4WA",
      "_toEntityKey": "U_kgDOBgq4WA",
      "_type": "github_account_has_user",
      "displayName": "HAS",
    },
  ],
  "encounteredTypes": Array [
    "github_account",
    "github_user",
    "github_account_has_user",
    "github_user_manages_account",
  ],
  "numCollectedEntities": 2,
  "numCollectedRelationships": 3,
}
`;
