// Jest Snapshot v1, https://goo.gl/fbAQLP

exports[`fetchOrgSecrets exec handler 1`] = `
Object {
  "collectedEntities": Array [
    Object {
      "_class": Array [
        "Secret",
      ],
      "_key": "GitHub_Org_JupiterOne-Sandbox_Secret_ORG_SECRET_11",
      "_rawData": Array [
        Object {
          "name": "default",
          "rawData": Object {
            "created_at": "2023-02-09T23:10:00Z",
            "name": "ORG_SECRET_11",
            "repos": Array [
              Object {
                "_key": "R_kgDOI8BHIg",
                "databaseId": 599803682,
                "name": "literate-waffle",
              },
              Object {
                "_key": "R_kgDOI2pL-A",
                "databaseId": 594168824,
                "name": "reimagined-barnacle",
              },
              Object {
                "_key": "R_kgDOI2pNdw",
                "databaseId": 594169207,
                "name": "ubiquitous-umbrella",
              },
            ],
            "selected_repositories_url": "https://api.github.com/orgs/JupiterOne-Sandbox/actions/secrets/ORG_SECRET_11/repositories",
            "updated_at": "2023-02-09T23:10:00Z",
            "visibility": "selected",
          },
        },
      ],
      "_type": "github_org_secret",
      "createdOn": 1675984200000,
      "displayName": "ORG_SECRET_11",
      "name": "ORG_SECRET_11",
      "selectedRepositoriesLink": "https://api.github.com/orgs/JupiterOne-Sandbox/actions/secrets/ORG_SECRET_11/repositories",
      "updatedOn": 1675984200000,
      "visibility": "selected",
      "webLink": "https://github.com/organizations/JupiterOne-Sandbox/settings/secrets/actions/ORG_SECRET_11",
    },
    Object {
      "_class": Array [
        "Secret",
      ],
      "_key": "GitHub_Org_JupiterOne-Sandbox_Secret_SECRET_ONE",
      "_rawData": Array [
        Object {
          "name": "default",
          "rawData": Object {
            "created_at": "2023-01-27T19:07:35Z",
            "name": "SECRET_ONE",
            "repos": Array [
              Object {
                "_key": "R_kgDOHNYdzQ",
                "databaseId": 483794381,
                "name": "archived-web-testing-playground",
              },
              Object {
                "_key": "R_kgDOIudGfA",
                "databaseId": 585582204,
                "name": "test-repo1",
              },
              Object {
                "_key": "R_kgDOIudewQ",
                "databaseId": 585588417,
                "name": ".github",
              },
              Object {
                "_key": "R_kgDOIwifvQ",
                "databaseId": 587767741,
                "name": "test-repo2",
              },
              Object {
                "_key": "R_kgDOIx9bTw",
                "databaseId": 589257551,
                "name": "austin-test",
              },
              Object {
                "_key": "R_kgDOI2pIIA",
                "databaseId": 594167840,
                "name": "intentionally-vulnerable-golang-project",
              },
              Object {
                "_key": "R_kgDOI2pLFA",
                "databaseId": 594168596,
                "name": "RepoWithPages",
              },
              Object {
                "_key": "R_kgDOI2pL-A",
                "databaseId": 594168824,
                "name": "reimagined-barnacle",
              },
              Object {
                "_key": "R_kgDOI2pNdw",
                "databaseId": 594169207,
                "name": "ubiquitous-umbrella",
              },
              Object {
                "_key": "R_kgDOI8BHIg",
                "databaseId": 599803682,
                "name": "literate-waffle",
              },
              Object {
                "_key": "R_kgDOJjTBjA",
                "databaseId": 640991628,
                "name": "ops-platform-jobs",
              },
              Object {
                "_key": "R_kgDOJyTpow",
                "databaseId": 656730531,
                "name": "integration-deployments-test",
              },
              Object {
                "_key": "R_kgDOJ54ckg",
                "databaseId": 664673426,
                "name": "oauth-apps-service-test",
              },
            ],
            "updated_at": "2023-02-09T23:11:31Z",
            "visibility": "all",
          },
        },
      ],
      "_type": "github_org_secret",
      "createdOn": 1674846455000,
      "displayName": "SECRET_ONE",
      "name": "SECRET_ONE",
      "selectedRepositoriesLink": undefined,
      "updatedOn": 1675984291000,
      "visibility": "all",
      "webLink": "https://github.com/organizations/JupiterOne-Sandbox/settings/secrets/actions/SECRET_ONE",
    },
  ],
  "collectedRelationships": Array [
    Object {
      "_class": "HAS",
      "_fromEntityKey": "O_kgDOB0VI3Q",
      "_key": "O_kgDOB0VI3Q|has|GitHub_Org_JupiterOne-Sandbox_Secret_ORG_SECRET_11",
      "_toEntityKey": "GitHub_Org_JupiterOne-Sandbox_Secret_ORG_SECRET_11",
      "_type": "github_account_has_org_secret",
      "displayName": "HAS",
    },
    Object {
      "_class": "USES",
      "_fromEntityKey": "R_kgDOI8BHIg",
      "_key": "R_kgDOI8BHIg|uses|GitHub_Org_JupiterOne-Sandbox_Secret_ORG_SECRET_11",
      "_toEntityKey": "GitHub_Org_JupiterOne-Sandbox_Secret_ORG_SECRET_11",
      "_type": "github_repo_uses_org_secret",
      "displayName": "USES",
    },
    Object {
      "_class": "USES",
      "_fromEntityKey": "R_kgDOI2pL-A",
      "_key": "R_kgDOI2pL-A|uses|GitHub_Org_JupiterOne-Sandbox_Secret_ORG_SECRET_11",
      "_toEntityKey": "GitHub_Org_JupiterOne-Sandbox_Secret_ORG_SECRET_11",
      "_type": "github_repo_uses_org_secret",
      "displayName": "USES",
    },
    Object {
      "_class": "USES",
      "_fromEntityKey": "R_kgDOI2pNdw",
      "_key": "R_kgDOI2pNdw|uses|GitHub_Org_JupiterOne-Sandbox_Secret_ORG_SECRET_11",
      "_toEntityKey": "GitHub_Org_JupiterOne-Sandbox_Secret_ORG_SECRET_11",
      "_type": "github_repo_uses_org_secret",
      "displayName": "USES",
    },
    Object {
      "_class": "HAS",
      "_fromEntityKey": "O_kgDOB0VI3Q",
      "_key": "O_kgDOB0VI3Q|has|GitHub_Org_JupiterOne-Sandbox_Secret_SECRET_ONE",
      "_toEntityKey": "GitHub_Org_JupiterOne-Sandbox_Secret_SECRET_ONE",
      "_type": "github_account_has_org_secret",
      "displayName": "HAS",
    },
    Object {
      "_class": "USES",
      "_fromEntityKey": "R_kgDOHNYdzQ",
      "_key": "R_kgDOHNYdzQ|uses|GitHub_Org_JupiterOne-Sandbox_Secret_SECRET_ONE",
      "_toEntityKey": "GitHub_Org_JupiterOne-Sandbox_Secret_SECRET_ONE",
      "_type": "github_repo_uses_org_secret",
      "displayName": "USES",
    },
    Object {
      "_class": "USES",
      "_fromEntityKey": "R_kgDOIudGfA",
      "_key": "R_kgDOIudGfA|uses|GitHub_Org_JupiterOne-Sandbox_Secret_SECRET_ONE",
      "_toEntityKey": "GitHub_Org_JupiterOne-Sandbox_Secret_SECRET_ONE",
      "_type": "github_repo_uses_org_secret",
      "displayName": "USES",
    },
    Object {
      "_class": "USES",
      "_fromEntityKey": "R_kgDOIudewQ",
      "_key": "R_kgDOIudewQ|uses|GitHub_Org_JupiterOne-Sandbox_Secret_SECRET_ONE",
      "_toEntityKey": "GitHub_Org_JupiterOne-Sandbox_Secret_SECRET_ONE",
      "_type": "github_repo_uses_org_secret",
      "displayName": "USES",
    },
    Object {
      "_class": "USES",
      "_fromEntityKey": "R_kgDOIwifvQ",
      "_key": "R_kgDOIwifvQ|uses|GitHub_Org_JupiterOne-Sandbox_Secret_SECRET_ONE",
      "_toEntityKey": "GitHub_Org_JupiterOne-Sandbox_Secret_SECRET_ONE",
      "_type": "github_repo_uses_org_secret",
      "displayName": "USES",
    },
    Object {
      "_class": "USES",
      "_fromEntityKey": "R_kgDOIx9bTw",
      "_key": "R_kgDOIx9bTw|uses|GitHub_Org_JupiterOne-Sandbox_Secret_SECRET_ONE",
      "_toEntityKey": "GitHub_Org_JupiterOne-Sandbox_Secret_SECRET_ONE",
      "_type": "github_repo_uses_org_secret",
      "displayName": "USES",
    },
    Object {
      "_class": "USES",
      "_fromEntityKey": "R_kgDOI2pIIA",
      "_key": "R_kgDOI2pIIA|uses|GitHub_Org_JupiterOne-Sandbox_Secret_SECRET_ONE",
      "_toEntityKey": "GitHub_Org_JupiterOne-Sandbox_Secret_SECRET_ONE",
      "_type": "github_repo_uses_org_secret",
      "displayName": "USES",
    },
    Object {
      "_class": "USES",
      "_fromEntityKey": "R_kgDOI2pLFA",
      "_key": "R_kgDOI2pLFA|uses|GitHub_Org_JupiterOne-Sandbox_Secret_SECRET_ONE",
      "_toEntityKey": "GitHub_Org_JupiterOne-Sandbox_Secret_SECRET_ONE",
      "_type": "github_repo_uses_org_secret",
      "displayName": "USES",
    },
    Object {
      "_class": "USES",
      "_fromEntityKey": "R_kgDOI2pL-A",
      "_key": "R_kgDOI2pL-A|uses|GitHub_Org_JupiterOne-Sandbox_Secret_SECRET_ONE",
      "_toEntityKey": "GitHub_Org_JupiterOne-Sandbox_Secret_SECRET_ONE",
      "_type": "github_repo_uses_org_secret",
      "displayName": "USES",
    },
    Object {
      "_class": "USES",
      "_fromEntityKey": "R_kgDOI2pNdw",
      "_key": "R_kgDOI2pNdw|uses|GitHub_Org_JupiterOne-Sandbox_Secret_SECRET_ONE",
      "_toEntityKey": "GitHub_Org_JupiterOne-Sandbox_Secret_SECRET_ONE",
      "_type": "github_repo_uses_org_secret",
      "displayName": "USES",
    },
    Object {
      "_class": "USES",
      "_fromEntityKey": "R_kgDOI8BHIg",
      "_key": "R_kgDOI8BHIg|uses|GitHub_Org_JupiterOne-Sandbox_Secret_SECRET_ONE",
      "_toEntityKey": "GitHub_Org_JupiterOne-Sandbox_Secret_SECRET_ONE",
      "_type": "github_repo_uses_org_secret",
      "displayName": "USES",
    },
    Object {
      "_class": "USES",
      "_fromEntityKey": "R_kgDOJjTBjA",
      "_key": "R_kgDOJjTBjA|uses|GitHub_Org_JupiterOne-Sandbox_Secret_SECRET_ONE",
      "_toEntityKey": "GitHub_Org_JupiterOne-Sandbox_Secret_SECRET_ONE",
      "_type": "github_repo_uses_org_secret",
      "displayName": "USES",
    },
    Object {
      "_class": "USES",
      "_fromEntityKey": "R_kgDOJyTpow",
      "_key": "R_kgDOJyTpow|uses|GitHub_Org_JupiterOne-Sandbox_Secret_SECRET_ONE",
      "_toEntityKey": "GitHub_Org_JupiterOne-Sandbox_Secret_SECRET_ONE",
      "_type": "github_repo_uses_org_secret",
      "displayName": "USES",
    },
    Object {
      "_class": "USES",
      "_fromEntityKey": "R_kgDOJ54ckg",
      "_key": "R_kgDOJ54ckg|uses|GitHub_Org_JupiterOne-Sandbox_Secret_SECRET_ONE",
      "_toEntityKey": "GitHub_Org_JupiterOne-Sandbox_Secret_SECRET_ONE",
      "_type": "github_repo_uses_org_secret",
      "displayName": "USES",
    },
  ],
  "encounteredTypes": Array [
    "github_account",
    "github_repo",
    "github_account_owns_repo",
    "github_org_secret",
    "github_account_has_org_secret",
    "github_repo_uses_org_secret",
  ],
  "numCollectedEntities": 2,
  "numCollectedRelationships": 18,
}
`;
