// Jest Snapshot v1, https://goo.gl/fbAQLP

exports[`fetchPrs exec handler 1`] = `
Object {
  "collectedEntities": Array [
    Object {
      "_class": Array [
        "PR",
      ],
      "_key": "Kei-Institute/Test-repo/pull-requests/4",
      "_rawData": Array [
        Object {
          "name": "default",
          "rawData": Object {
            "additions": 2,
            "author": Object {
              "login": "kevincasey1222",
              "name": "Kevin Casey",
            },
            "authorAssociation": "MEMBER",
            "baseRefName": "main",
            "baseRefOid": "c0cdb61ee135a15d7394d2acea22b50686521f62",
            "baseRepository": Object {
              "name": "Test-repo",
              "owner": Object {
                "id": "MDEyOk9yZ2FuaXphdGlvbjg0OTIzNTAz",
                "login": "Kei-Institute",
                "url": "https://github.com/Kei-Institute",
              },
              "url": "https://github.com/Kei-Institute/Test-repo",
            },
            "body": "",
            "changedFiles": 1,
            "checksUrl": "https://github.com/Kei-Institute/Test-repo/pull/4/checks",
            "closed": true,
            "closedAt": "2021-12-29T17:18:24Z",
            "commits": Array [
              Object {
                "author": Object {
                  "date": "2021-12-29T10:18:13-07:00",
                  "user": Object {
                    "login": "kevincasey1222",
                  },
                },
                "authoredDate": "2021-12-29T17:18:13Z",
                "changedFiles": 1,
                "commitUrl": "https://github.com/Kei-Institute/Test-repo/commit/76cf476bccac6f6ac4d49c188731d02034f68834",
                "id": "C_kwDOFiNpztoAKDc2Y2Y0NzZiY2NhYzZmNmFjNGQ0OWMxODg3MzFkMDIwMzRmNjg4MzQ",
                "message": "Update README.md",
                "oid": "76cf476bccac6f6ac4d49c188731d02034f68834",
              },
            ],
            "createdAt": "2021-12-29T17:18:17Z",
            "databaseId": 811594297,
            "deletions": 0,
            "editor": null,
            "headRefName": "kevincasey1222-patch-1",
            "headRefOid": "76cf476bccac6f6ac4d49c188731d02034f68834",
            "headRepository": Object {
              "name": "Test-repo",
              "owner": Object {
                "id": "MDEyOk9yZ2FuaXphdGlvbjg0OTIzNTAz",
                "login": "Kei-Institute",
                "url": "https://github.com/Kei-Institute",
              },
            },
            "id": "PR_kwDOFiNpzs4wX_I5",
            "isDraft": false,
            "labels": Array [],
            "lastEditedAt": null,
            "locked": false,
            "mergeCommit": Object {
              "author": Object {
                "date": "2021-12-29T10:18:24-07:00",
                "user": Object {
                  "login": "kevincasey1222",
                },
              },
              "authoredDate": "2021-12-29T17:18:24Z",
              "changedFiles": 1,
              "commitUrl": "https://github.com/Kei-Institute/Test-repo/commit/ca0a6bf44a8d2d319c9b99f71d7ef341036ba137",
              "id": "C_kwDOFiNpztoAKGNhMGE2YmY0NGE4ZDJkMzE5YzliOTlmNzFkN2VmMzQxMDM2YmExMzc",
              "message": "Merge pull request #4 from Kei-Institute/kevincasey1222-patch-1

Update README.md",
              "oid": "ca0a6bf44a8d2d319c9b99f71d7ef341036ba137",
            },
            "mergeable": "UNKNOWN",
            "merged": true,
            "mergedAt": "2021-12-29T17:18:24Z",
            "mergedBy": Object {
              "login": "kevincasey1222",
              "name": "Kevin Casey",
            },
            "number": 4,
            "permalink": "https://github.com/Kei-Institute/Test-repo/pull/4",
            "publishedAt": "2021-12-29T17:18:17Z",
            "reviewDecision": null,
            "reviews": Array [],
            "state": "MERGED",
            "title": "Update README.md",
            "updatedAt": "2021-12-29T17:18:24Z",
            "url": "https://github.com/Kei-Institute/Test-repo/pull/4",
          },
        },
      ],
      "_type": "github_pullrequest",
      "accountLogin": "Kei-Institute",
      "allCommitsApproved": false,
      "approvalLastAt": undefined,
      "approvalsCount": 0,
      "approved": false,
      "approverLogins": Array [],
      "approvers": Array [],
      "author": "Kevin Casey",
      "authorLogin": "kevincasey1222",
      "commitMessages": Array [
        "Update README.md",
      ],
      "commits": Array [
        "76cf476bccac6f6ac4d49c188731d02034f68834",
      ],
      "commitsApproved": Array [],
      "commitsByUnknownAuthor": Array [],
      "commitsCount": 1,
      "commitsNotApproved": Array [
        "76cf476bccac6f6ac4d49c188731d02034f68834",
      ],
      "createdOn": 1640798297000,
      "databaseId": 811594297,
      "declined": false,
      "description": undefined,
      "displayName": "Test-repo/4",
      "id": "4",
      "labels": Array [],
      "mergeCommitHash": "ca0a6bf44a8d2d319c9b99f71d7ef341036ba137",
      "merged": true,
      "mergedOn": 1640798304000,
      "name": "Update README.md",
      "node": "PR_kwDOFiNpzs4wX_I5",
      "number": 4,
      "open": false,
      "pullRequestId": "PR_kwDOFiNpzs4wX_I5",
      "repository": "Test-repo",
      "reviewerLogins": Array [],
      "reviewers": Array [],
      "source": "kevincasey1222-patch-1",
      "state": "MERGED",
      "target": "main",
      "title": "Update README.md",
      "updatedOn": 1640798304000,
      "validated": true,
      "webLink": "https://github.com/Kei-Institute/Test-repo/pull/4",
    },
    Object {
      "_class": Array [
        "PR",
      ],
      "_key": "Kei-Institute/Test-repo/pull-requests/2",
      "_rawData": Array [
        Object {
          "name": "default",
          "rawData": Object {
            "additions": 2,
            "author": Object {
              "login": "kevincasey1222",
              "name": "Kevin Casey",
            },
            "authorAssociation": "MEMBER",
            "baseRefName": "main",
            "baseRefOid": "c0cdb61ee135a15d7394d2acea22b50686521f62",
            "baseRepository": Object {
              "name": "Test-repo",
              "owner": Object {
                "id": "MDEyOk9yZ2FuaXphdGlvbjg0OTIzNTAz",
                "login": "Kei-Institute",
                "url": "https://github.com/Kei-Institute",
              },
              "url": "https://github.com/Kei-Institute/Test-repo",
            },
            "body": "Here are some things which are less important, but still things, nonetheless.",
            "changedFiles": 2,
            "checksUrl": "https://github.com/Kei-Institute/Test-repo/pull/2/checks",
            "closed": false,
            "closedAt": null,
            "commits": Array [
              Object {
                "author": Object {
                  "date": "2021-06-08T12:09:44-06:00",
                  "user": Object {
                    "login": "kevincasey1222",
                  },
                },
                "authoredDate": "2021-06-08T18:09:44Z",
                "changedFiles": 1,
                "commitUrl": "https://github.com/Kei-Institute/Test-repo/commit/fccd3f6493c1117f884d4915e285a2d6263fbe7c",
                "id": "MDY6Q29tbWl0MzcxNDE5NTk4OmZjY2QzZjY0OTNjMTExN2Y4ODRkNDkxNWUyODVhMmQ2MjYzZmJlN2M=",
                "message": "Some things to seriously consider",
                "oid": "fccd3f6493c1117f884d4915e285a2d6263fbe7c",
              },
              Object {
                "author": Object {
                  "date": "2021-06-08T12:11:53-06:00",
                  "user": Object {
                    "login": "kevincasey1222",
                  },
                },
                "authoredDate": "2021-06-08T18:11:53Z",
                "changedFiles": 1,
                "commitUrl": "https://github.com/Kei-Institute/Test-repo/commit/49e7dc63370c0573e0415c1a75d5208a7a3cbeb7",
                "id": "MDY6Q29tbWl0MzcxNDE5NTk4OjQ5ZTdkYzYzMzcwYzA1NzNlMDQxNWMxYTc1ZDUyMDhhN2EzY2JlYjc=",
                "message": "Things which can be considered less seriously",
                "oid": "49e7dc63370c0573e0415c1a75d5208a7a3cbeb7",
              },
            ],
            "createdAt": "2021-06-08T18:12:39Z",
            "databaseId": 665153170,
            "deletions": 0,
            "editor": null,
            "headRefName": "anotherBranch",
            "headRefOid": "49e7dc63370c0573e0415c1a75d5208a7a3cbeb7",
            "headRepository": Object {
              "name": "Test-repo",
              "owner": Object {
                "id": "MDEyOk9yZ2FuaXphdGlvbjg0OTIzNTAz",
                "login": "Kei-Institute",
                "url": "https://github.com/Kei-Institute",
              },
            },
            "id": "MDExOlB1bGxSZXF1ZXN0NjY1MTUzMTcw",
            "isDraft": false,
            "labels": Array [
              Object {
                "id": "MDU6TGFiZWwzMDM2NTU5NTY3",
                "name": "good first issue",
                "node": undefined,
                "pullRequests": "MDExOlB1bGxSZXF1ZXN0NjY1MTUzMTcw",
              },
            ],
            "lastEditedAt": null,
            "locked": false,
            "mergeCommit": null,
            "mergeable": "MERGEABLE",
            "merged": false,
            "mergedAt": null,
            "mergedBy": null,
            "number": 2,
            "permalink": "https://github.com/Kei-Institute/Test-repo/pull/2",
            "publishedAt": "2021-06-08T18:12:39Z",
            "reviewDecision": "APPROVED",
            "reviews": Array [
              Object {
                "author": Object {
                  "login": "mknoedel",
                  "name": "Michael Knoedel",
                },
                "commit": Object {
                  "oid": "49e7dc63370c0573e0415c1a75d5208a7a3cbeb7",
                },
                "id": "MDE3OlB1bGxSZXF1ZXN0UmV2aWV3NzQ1NjEyNTAw",
                "node": undefined,
                "pullRequests": "MDExOlB1bGxSZXF1ZXN0NjY1MTUzMTcw",
                "state": "APPROVED",
                "submittedAt": "2021-09-03T00:10:55Z",
                "updatedAt": "2021-09-03T00:10:55Z",
                "url": "https://github.com/Kei-Institute/Test-repo/pull/2#pullrequestreview-745612500",
              },
            ],
            "state": "OPEN",
            "title": "Another branch",
            "updatedAt": "2021-10-02T18:26:38Z",
            "url": "https://github.com/Kei-Institute/Test-repo/pull/2",
          },
        },
      ],
      "_type": "github_pullrequest",
      "accountLogin": "Kei-Institute",
      "allCommitsApproved": true,
      "approvalLastAt": 1623175913000,
      "approvalsCount": 1,
      "approved": true,
      "approverLogins": Array [
        "mknoedel",
      ],
      "approvers": Array [
        "Michael Knoedel",
      ],
      "author": "Kevin Casey",
      "authorLogin": "kevincasey1222",
      "commitMessages": Array [
        "Some things to seriously consider",
        "Things which can be considered less seriously",
      ],
      "commits": Array [
        "fccd3f6493c1117f884d4915e285a2d6263fbe7c",
        "49e7dc63370c0573e0415c1a75d5208a7a3cbeb7",
      ],
      "commitsApproved": Array [
        "fccd3f6493c1117f884d4915e285a2d6263fbe7c",
        "49e7dc63370c0573e0415c1a75d5208a7a3cbeb7",
      ],
      "commitsByUnknownAuthor": Array [],
      "commitsCount": 2,
      "commitsNotApproved": Array [],
      "createdOn": 1623175959000,
      "databaseId": 665153170,
      "declined": false,
      "description": "Here are some things which are less important, but still things, nonetheless....",
      "displayName": "Test-repo/2",
      "id": "2",
      "labels": Array [
        "good first issue",
      ],
      "mergeCommitHash": undefined,
      "merged": false,
      "mergedOn": undefined,
      "name": "Another branch",
      "node": "MDExOlB1bGxSZXF1ZXN0NjY1MTUzMTcw",
      "number": 2,
      "open": true,
      "pullRequestId": "MDExOlB1bGxSZXF1ZXN0NjY1MTUzMTcw",
      "repository": "Test-repo",
      "reviewerLogins": Array [
        "mknoedel",
      ],
      "reviewers": Array [
        "Michael Knoedel",
      ],
      "source": "anotherBranch",
      "state": "OPEN",
      "target": "main",
      "title": "Another branch",
      "updatedOn": 1633199198000,
      "validated": true,
      "webLink": "https://github.com/Kei-Institute/Test-repo/pull/2",
    },
    Object {
      "_class": Array [
        "PR",
      ],
      "_key": "Kei-Institute/Test-repo/pull-requests/1",
      "_rawData": Array [
        Object {
          "name": "default",
          "rawData": Object {
            "additions": 1,
            "author": Object {
              "login": "kevincasey1222",
              "name": "Kevin Casey",
            },
            "authorAssociation": "MEMBER",
            "baseRefName": "main",
            "baseRefOid": "c0cdb61ee135a15d7394d2acea22b50686521f62",
            "baseRepository": Object {
              "name": "Test-repo",
              "owner": Object {
                "id": "MDEyOk9yZ2FuaXphdGlvbjg0OTIzNTAz",
                "login": "Kei-Institute",
                "url": "https://github.com/Kei-Institute",
              },
              "url": "https://github.com/Kei-Institute/Test-repo",
            },
            "body": "This is a test pull request, with things to seriously consider.",
            "changedFiles": 1,
            "checksUrl": "https://github.com/Kei-Institute/Test-repo/pull/1/checks",
            "closed": false,
            "closedAt": null,
            "commits": Array [
              Object {
                "author": Object {
                  "date": "2021-06-08T12:09:44-06:00",
                  "user": Object {
                    "login": "kevincasey1222",
                  },
                },
                "authoredDate": "2021-06-08T18:09:44Z",
                "changedFiles": 1,
                "commitUrl": "https://github.com/Kei-Institute/Test-repo/commit/fccd3f6493c1117f884d4915e285a2d6263fbe7c",
                "id": "MDY6Q29tbWl0MzcxNDE5NTk4OmZjY2QzZjY0OTNjMTExN2Y4ODRkNDkxNWUyODVhMmQ2MjYzZmJlN2M=",
                "message": "Some things to seriously consider",
                "oid": "fccd3f6493c1117f884d4915e285a2d6263fbe7c",
              },
            ],
            "createdAt": "2021-06-08T18:10:20Z",
            "databaseId": 665150699,
            "deletions": 0,
            "editor": null,
            "headRefName": "testBranch",
            "headRefOid": "fccd3f6493c1117f884d4915e285a2d6263fbe7c",
            "headRepository": Object {
              "name": "Test-repo",
              "owner": Object {
                "id": "MDEyOk9yZ2FuaXphdGlvbjg0OTIzNTAz",
                "login": "Kei-Institute",
                "url": "https://github.com/Kei-Institute",
              },
            },
            "id": "MDExOlB1bGxSZXF1ZXN0NjY1MTUwNjk5",
            "isDraft": false,
            "labels": Array [
              Object {
                "id": "MDU6TGFiZWwzMDM2NTU5NTYw",
                "name": "documentation",
                "node": undefined,
                "pullRequests": "MDExOlB1bGxSZXF1ZXN0NjY1MTUwNjk5",
              },
              Object {
                "id": "MDU6TGFiZWwzMDM2NTU5NTY0",
                "name": "enhancement",
                "node": undefined,
                "pullRequests": "MDExOlB1bGxSZXF1ZXN0NjY1MTUwNjk5",
              },
            ],
            "lastEditedAt": null,
            "locked": false,
            "mergeCommit": null,
            "mergeable": "MERGEABLE",
            "merged": false,
            "mergedAt": null,
            "mergedBy": null,
            "number": 1,
            "permalink": "https://github.com/Kei-Institute/Test-repo/pull/1",
            "publishedAt": "2021-06-08T18:10:20Z",
            "reviewDecision": null,
            "reviews": Array [],
            "state": "OPEN",
            "title": "Some things to seriously consider",
            "updatedAt": "2021-10-02T18:26:13Z",
            "url": "https://github.com/Kei-Institute/Test-repo/pull/1",
          },
        },
      ],
      "_type": "github_pullrequest",
      "accountLogin": "Kei-Institute",
      "allCommitsApproved": false,
      "approvalLastAt": undefined,
      "approvalsCount": 0,
      "approved": false,
      "approverLogins": Array [],
      "approvers": Array [],
      "author": "Kevin Casey",
      "authorLogin": "kevincasey1222",
      "commitMessages": Array [
        "Some things to seriously consider",
      ],
      "commits": Array [
        "fccd3f6493c1117f884d4915e285a2d6263fbe7c",
      ],
      "commitsApproved": Array [],
      "commitsByUnknownAuthor": Array [],
      "commitsCount": 1,
      "commitsNotApproved": Array [
        "fccd3f6493c1117f884d4915e285a2d6263fbe7c",
      ],
      "createdOn": 1623175820000,
      "databaseId": 665150699,
      "declined": false,
      "description": "This is a test pull request, with things to seriously consider....",
      "displayName": "Test-repo/1",
      "id": "1",
      "labels": Array [
        "documentation",
        "enhancement",
      ],
      "mergeCommitHash": undefined,
      "merged": false,
      "mergedOn": undefined,
      "name": "Some things to seriously consider",
      "node": "MDExOlB1bGxSZXF1ZXN0NjY1MTUwNjk5",
      "number": 1,
      "open": true,
      "pullRequestId": "MDExOlB1bGxSZXF1ZXN0NjY1MTUwNjk5",
      "repository": "Test-repo",
      "reviewerLogins": Array [],
      "reviewers": Array [],
      "source": "testBranch",
      "state": "OPEN",
      "target": "main",
      "title": "Some things to seriously consider",
      "updatedOn": 1633199173000,
      "validated": true,
      "webLink": "https://github.com/Kei-Institute/Test-repo/pull/1",
    },
    Object {
      "_class": Array [
        "PR",
      ],
      "_key": "Kei-Institute/AnotherRepo/pull-requests/1",
      "_rawData": Array [
        Object {
          "name": "default",
          "rawData": Object {
            "additions": 3,
            "author": Object {
              "login": "kevincasey1222",
              "name": "Kevin Casey",
            },
            "authorAssociation": "CONTRIBUTOR",
            "baseRefName": "main",
            "baseRefOid": "d7ecf2b7a29d0504547bf7b0ab1feacbd1ff610b",
            "baseRepository": Object {
              "name": "AnotherRepo",
              "owner": Object {
                "id": "MDEyOk9yZ2FuaXphdGlvbjg0OTIzNTAz",
                "login": "Kei-Institute",
                "url": "https://github.com/Kei-Institute",
              },
              "url": "https://github.com/Kei-Institute/AnotherRepo",
            },
            "body": "",
            "changedFiles": 1,
            "checksUrl": "https://github.com/Kei-Institute/AnotherRepo/pull/1/checks",
            "closed": true,
            "closedAt": "2021-12-29T21:25:22Z",
            "commits": Array [],
            "createdAt": "2021-12-29T21:22:23Z",
            "databaseId": 811681423,
            "deletions": 1,
            "editor": null,
            "headRefName": "kevincasey1222-patch-1",
            "headRefOid": "25ab61da9e74f402356487d81c813502682dd673",
            "headRepository": Object {
              "name": "AnotherRepo",
              "owner": Object {
                "id": "MDEyOk9yZ2FuaXphdGlvbjg0OTIzNTAz",
                "login": "Kei-Institute",
                "url": "https://github.com/Kei-Institute",
              },
            },
            "id": "PR_kwDOGNg0ZM4wYUaP",
            "isDraft": false,
            "labels": Array [],
            "lastEditedAt": null,
            "locked": false,
            "mergeable": "UNKNOWN",
            "merged": true,
            "mergedAt": "2021-12-29T21:25:22Z",
            "mergedBy": Object {
              "login": "kevincasey1222",
              "name": "Kevin Casey",
            },
            "number": 1,
            "permalink": "https://github.com/Kei-Institute/AnotherRepo/pull/1",
            "publishedAt": "2021-12-29T21:22:23Z",
            "reviewDecision": null,
            "reviews": Array [
              Object {
                "author": Object {
                  "login": "kevincasey1222",
                  "name": "Kevin Casey",
                },
                "id": "PRR_kwDOGNg0ZM4yKjfh",
                "node": undefined,
                "pullRequests": "PR_kwDOGNg0ZM4wYUaP",
                "state": "COMMENTED",
                "submittedAt": "2021-12-29T21:25:09Z",
                "updatedAt": "2021-12-29T21:25:09Z",
                "url": "https://github.com/Kei-Institute/AnotherRepo/pull/1#pullrequestreview-841627617",
              },
            ],
            "state": "MERGED",
            "title": "Update README.md",
            "updatedAt": "2021-12-29T21:25:22Z",
            "url": "https://github.com/Kei-Institute/AnotherRepo/pull/1",
          },
        },
      ],
      "_type": "github_pullrequest",
      "accountLogin": "Kei-Institute",
      "allCommitsApproved": true,
      "approvalLastAt": undefined,
      "approvalsCount": 0,
      "approved": false,
      "approverLogins": Array [],
      "approvers": Array [],
      "author": "Kevin Casey",
      "authorLogin": "kevincasey1222",
      "commitMessages": Array [],
      "commits": Array [],
      "commitsApproved": Array [],
      "commitsByUnknownAuthor": Array [],
      "commitsCount": 0,
      "commitsNotApproved": Array [],
      "createdOn": 1640812943000,
      "databaseId": 811681423,
      "declined": false,
      "description": undefined,
      "displayName": "AnotherRepo/1",
      "id": "1",
      "labels": Array [],
      "mergeCommitHash": undefined,
      "merged": true,
      "mergedOn": 1640813122000,
      "name": "Update README.md",
      "node": "PR_kwDOGNg0ZM4wYUaP",
      "number": 1,
      "open": false,
      "pullRequestId": "PR_kwDOGNg0ZM4wYUaP",
      "repository": "AnotherRepo",
      "reviewerLogins": Array [
        "kevincasey1222",
      ],
      "reviewers": Array [
        "Kevin Casey",
      ],
      "source": "kevincasey1222-patch-1",
      "state": "MERGED",
      "target": "main",
      "title": "Update README.md",
      "updatedOn": 1640813122000,
      "validated": true,
      "webLink": "https://github.com/Kei-Institute/AnotherRepo/pull/1",
    },
  ],
  "collectedRelationships": Array [
    Object {
      "_class": "HAS",
      "_fromEntityKey": "MDEwOlJlcG9zaXRvcnkzNzE0MTk1OTg=",
      "_key": "MDEwOlJlcG9zaXRvcnkzNzE0MTk1OTg=|has|Kei-Institute/Test-repo/pull-requests/4",
      "_toEntityKey": "Kei-Institute/Test-repo/pull-requests/4",
      "_type": "github_repo_has_pullrequest",
      "displayName": "HAS",
    },
    Object {
      "_class": "OPENED",
      "_fromEntityKey": "MDQ6VXNlcjYyNDkyMDk3",
      "_key": "MDQ6VXNlcjYyNDkyMDk3|opened|Kei-Institute/Test-repo/pull-requests/4",
      "_toEntityKey": "Kei-Institute/Test-repo/pull-requests/4",
      "_type": "github_user_opened_pullrequest",
      "displayName": "OPENED",
    },
    Object {
      "_class": "HAS",
      "_fromEntityKey": "MDEwOlJlcG9zaXRvcnkzNzE0MTk1OTg=",
      "_key": "MDEwOlJlcG9zaXRvcnkzNzE0MTk1OTg=|has|Kei-Institute/Test-repo/pull-requests/2",
      "_toEntityKey": "Kei-Institute/Test-repo/pull-requests/2",
      "_type": "github_repo_has_pullrequest",
      "displayName": "HAS",
    },
    Object {
      "_class": "OPENED",
      "_fromEntityKey": "MDQ6VXNlcjYyNDkyMDk3",
      "_key": "MDQ6VXNlcjYyNDkyMDk3|opened|Kei-Institute/Test-repo/pull-requests/2",
      "_toEntityKey": "Kei-Institute/Test-repo/pull-requests/2",
      "_type": "github_user_opened_pullrequest",
      "displayName": "OPENED",
    },
    Object {
      "_class": "REVIEWED",
      "_fromEntityKey": "MDQ6VXNlcjI1NDg5NDgy",
      "_key": "MDQ6VXNlcjI1NDg5NDgy|reviewed|Kei-Institute/Test-repo/pull-requests/2",
      "_toEntityKey": "Kei-Institute/Test-repo/pull-requests/2",
      "_type": "github_user_reviewed_pullrequest",
      "displayName": "REVIEWED",
    },
    Object {
      "_class": "APPROVED",
      "_fromEntityKey": "MDQ6VXNlcjI1NDg5NDgy",
      "_key": "MDQ6VXNlcjI1NDg5NDgy|approved|Kei-Institute/Test-repo/pull-requests/2",
      "_toEntityKey": "Kei-Institute/Test-repo/pull-requests/2",
      "_type": "github_user_approved_pullrequest",
      "displayName": "APPROVED",
    },
    Object {
      "_class": "HAS",
      "_fromEntityKey": "MDEwOlJlcG9zaXRvcnkzNzE0MTk1OTg=",
      "_key": "MDEwOlJlcG9zaXRvcnkzNzE0MTk1OTg=|has|Kei-Institute/Test-repo/pull-requests/1",
      "_toEntityKey": "Kei-Institute/Test-repo/pull-requests/1",
      "_type": "github_repo_has_pullrequest",
      "displayName": "HAS",
    },
    Object {
      "_class": "OPENED",
      "_fromEntityKey": "MDQ6VXNlcjYyNDkyMDk3",
      "_key": "MDQ6VXNlcjYyNDkyMDk3|opened|Kei-Institute/Test-repo/pull-requests/1",
      "_toEntityKey": "Kei-Institute/Test-repo/pull-requests/1",
      "_type": "github_user_opened_pullrequest",
      "displayName": "OPENED",
    },
    Object {
      "_class": "HAS",
      "_fromEntityKey": "R_kgDOGNg0ZA",
      "_key": "R_kgDOGNg0ZA|has|Kei-Institute/AnotherRepo/pull-requests/1",
      "_toEntityKey": "Kei-Institute/AnotherRepo/pull-requests/1",
      "_type": "github_repo_has_pullrequest",
      "displayName": "HAS",
    },
    Object {
      "_class": "OPENED",
      "_fromEntityKey": "MDQ6VXNlcjYyNDkyMDk3",
      "_key": "MDQ6VXNlcjYyNDkyMDk3|opened|Kei-Institute/AnotherRepo/pull-requests/1",
      "_toEntityKey": "Kei-Institute/AnotherRepo/pull-requests/1",
      "_type": "github_user_opened_pullrequest",
      "displayName": "OPENED",
    },
    Object {
      "_class": "REVIEWED",
      "_fromEntityKey": "MDQ6VXNlcjYyNDkyMDk3",
      "_key": "MDQ6VXNlcjYyNDkyMDk3|reviewed|Kei-Institute/AnotherRepo/pull-requests/1",
      "_toEntityKey": "Kei-Institute/AnotherRepo/pull-requests/1",
      "_type": "github_user_reviewed_pullrequest",
      "displayName": "REVIEWED",
    },
  ],
  "encounteredTypes": Array [
    "github_account",
    "github_repo",
    "github_user",
    "github_account_owns_repo",
    "github_account_has_user",
    "github_user_manages_account",
    "github_repo_allows_user",
    "github_pullrequest",
    "github_repo_has_pullrequest",
    "github_user_opened_pullrequest",
    "github_user_reviewed_pullrequest",
    "github_user_approved_pullrequest",
  ],
  "numCollectedEntities": 4,
  "numCollectedRelationships": 11,
}
`;
