// Jest Snapshot v1, https://goo.gl/fbAQLP

exports[`fetchPrs exec handler 1`] = `
Object {
  "collectedEntities": Array [
    Object {
      "_class": Array [
        "PR",
      ],
      "_key": "j1-ingest/scaling-lamp/pull-requests/1",
      "_rawData": Array [
        Object {
          "name": "default",
          "rawData": Object {
            "additions": 5,
            "author": Object {
              "login": "VDubber",
              "name": "Samuel Poulton",
            },
            "authorAssociation": "CONTRIBUTOR",
            "baseRefName": "main",
            "baseRefOid": "7f11595d630e26f3e4590cbf1e1bd346226f8677",
            "baseRepository": Object {
              "name": "scaling-lamp",
              "owner": Object {
                "id": "O_kgDOBfl5ZQ",
                "login": "j1-ingest",
                "url": "https://github.com/j1-ingest",
              },
              "url": "https://github.com/j1-ingest/scaling-lamp",
            },
            "body": "",
            "changedFiles": 1,
            "checksUrl": "https://github.com/j1-ingest/scaling-lamp/pull/1/checks",
            "closed": false,
            "closedAt": null,
            "commits": Array [],
            "createdAt": "2022-02-24T18:05:17Z",
            "databaseId": 862700153,
            "deletions": 1,
            "editor": null,
            "headRefName": "VDubber-patch-1",
            "headRefOid": "61ed7901d3cb0b183c47cd1849a09ab62dcddbb9",
            "headRepository": Object {
              "name": "scaling-lamp",
              "owner": Object {
                "id": "O_kgDOBfl5ZQ",
                "login": "j1-ingest",
                "url": "https://github.com/j1-ingest",
              },
            },
            "id": "PR_kwDOG5ypUc4za8J5",
            "isDraft": false,
            "labels": Array [],
            "lastEditedAt": null,
            "locked": false,
            "mergeable": "MERGEABLE",
            "merged": false,
            "mergedAt": null,
            "mergedBy": null,
            "number": 1,
            "permalink": "https://github.com/j1-ingest/scaling-lamp/pull/1",
            "publishedAt": "2022-02-24T18:05:17Z",
            "reviewDecision": null,
            "reviews": Array [],
            "state": "OPEN",
            "title": "Update README.md",
            "updatedAt": "2022-03-04T22:22:14Z",
            "url": "https://github.com/j1-ingest/scaling-lamp/pull/1",
          },
        },
      ],
      "_type": "github_pullrequest",
      "accountLogin": "j1-ingest",
      "allCommitsApproved": true,
      "approvalLastAt": undefined,
      "approvalsCount": 0,
      "approved": false,
      "approverLogins": Array [],
      "approvers": Array [],
      "author": "Samuel Poulton",
      "authorLogin": "VDubber",
      "commitMessages": Array [],
      "commits": Array [],
      "commitsApproved": Array [],
      "commitsByUnknownAuthor": Array [],
      "commitsCount": 0,
      "commitsNotApproved": Array [],
      "createdOn": 1645725917000,
      "databaseId": 862700153,
      "declined": false,
      "description": undefined,
      "displayName": "scaling-lamp/1",
      "id": "1",
      "labels": Array [],
      "mergeCommitHash": undefined,
      "merged": false,
      "mergedOn": undefined,
      "name": "Update README.md",
      "node": "PR_kwDOG5ypUc4za8J5",
      "number": 1,
      "open": true,
      "pullRequestId": "PR_kwDOG5ypUc4za8J5",
      "repository": "scaling-lamp",
      "reviewerLogins": Array [],
      "reviewers": Array [],
      "source": "VDubber-patch-1",
      "state": "OPEN",
      "target": "main",
      "title": "Update README.md",
      "updatedOn": 1646432534000,
      "validated": true,
      "webLink": "https://github.com/j1-ingest/scaling-lamp/pull/1",
    },
    Object {
      "_class": Array [
        "PR",
      ],
      "_key": "j1-ingest/reimagined-barnacle/pull-requests/4",
      "_rawData": Array [
        Object {
          "name": "default",
          "rawData": Object {
            "additions": 5,
            "author": Object {
              "login": "VDubber",
              "name": "Samuel Poulton",
            },
            "authorAssociation": "MEMBER",
            "baseRefName": "main",
            "baseRefOid": "df6d2f7b2ffab4d719385eb2194b0fa91e898107",
            "baseRepository": Object {
              "name": "reimagined-barnacle",
              "owner": Object {
                "id": "O_kgDOBfl5ZQ",
                "login": "j1-ingest",
                "url": "https://github.com/j1-ingest",
              },
              "url": "https://github.com/j1-ingest/reimagined-barnacle",
            },
            "body": "",
            "changedFiles": 1,
            "checksUrl": "https://github.com/j1-ingest/reimagined-barnacle/pull/4/checks",
            "closed": true,
            "closedAt": "2022-03-10T20:42:35Z",
            "commits": Array [
              Object {
                "author": Object {
                  "date": "2022-03-10T13:42:05-07:00",
                  "user": Object {
                    "login": "VDubber",
                  },
                },
                "authoredDate": "2022-03-10T20:42:05Z",
                "changedFiles": 1,
                "commitUrl": "https://github.com/j1-ingest/reimagined-barnacle/commit/667a6ec5a0d5be8a33940a21cadae2971565f0c5",
                "id": "C_kwDOG-zMhNoAKDY2N2E2ZWM1YTBkNWJlOGEzMzk0MGEyMWNhZGFlMjk3MTU2NWYwYzU",
                "message": "Update README.md",
                "oid": "667a6ec5a0d5be8a33940a21cadae2971565f0c5",
              },
            ],
            "createdAt": "2022-03-10T20:42:19Z",
            "databaseId": 876819500,
            "deletions": 0,
            "editor": null,
            "headRefName": "VDubber-patch-2",
            "headRefOid": "667a6ec5a0d5be8a33940a21cadae2971565f0c5",
            "headRepository": Object {
              "name": "reimagined-barnacle",
              "owner": Object {
                "id": "O_kgDOBfl5ZQ",
                "login": "j1-ingest",
                "url": "https://github.com/j1-ingest",
              },
            },
            "id": "PR_kwDOG-zMhM40QzQs",
            "isDraft": false,
            "labels": Array [],
            "lastEditedAt": null,
            "locked": false,
            "mergeCommit": Object {
              "author": Object {
                "date": "2022-03-10T13:42:35-07:00",
                "user": Object {
                  "login": "VDubber",
                },
              },
              "authoredDate": "2022-03-10T20:42:35Z",
              "changedFiles": 1,
              "commitUrl": "https://github.com/j1-ingest/reimagined-barnacle/commit/8a55e90f30287d6762c4027444719c2e9e42a8af",
              "id": "C_kwDOG-zMhNoAKDhhNTVlOTBmMzAyODdkNjc2MmM0MDI3NDQ0NzE5YzJlOWU0MmE4YWY",
              "message": "Merge pull request #4 from j1-ingest/VDubber-patch-2

Update README.md",
              "oid": "8a55e90f30287d6762c4027444719c2e9e42a8af",
            },
            "mergeable": "UNKNOWN",
            "merged": true,
            "mergedAt": "2022-03-10T20:42:35Z",
            "mergedBy": Object {
              "login": "VDubber",
              "name": "Samuel Poulton",
            },
            "number": 4,
            "permalink": "https://github.com/j1-ingest/reimagined-barnacle/pull/4",
            "publishedAt": "2022-03-10T20:42:19Z",
            "reviewDecision": null,
            "reviews": Array [],
            "state": "MERGED",
            "title": "Update README.md",
            "updatedAt": "2022-03-10T20:42:35Z",
            "url": "https://github.com/j1-ingest/reimagined-barnacle/pull/4",
          },
        },
      ],
      "_type": "github_pullrequest",
      "accountLogin": "j1-ingest",
      "allCommitsApproved": false,
      "approvalLastAt": undefined,
      "approvalsCount": 0,
      "approved": false,
      "approverLogins": Array [],
      "approvers": Array [],
      "author": "Samuel Poulton",
      "authorLogin": "VDubber",
      "commitMessages": Array [
        "Update README.md",
      ],
      "commits": Array [
        "667a6ec5a0d5be8a33940a21cadae2971565f0c5",
      ],
      "commitsApproved": Array [],
      "commitsByUnknownAuthor": Array [],
      "commitsCount": 1,
      "commitsNotApproved": Array [
        "667a6ec5a0d5be8a33940a21cadae2971565f0c5",
      ],
      "createdOn": 1646944939000,
      "databaseId": 876819500,
      "declined": false,
      "description": undefined,
      "displayName": "reimagined-barnacle/4",
      "id": "4",
      "labels": Array [],
      "mergeCommitHash": "8a55e90f30287d6762c4027444719c2e9e42a8af",
      "merged": true,
      "mergedOn": 1646944955000,
      "name": "Update README.md",
      "node": "PR_kwDOG-zMhM40QzQs",
      "number": 4,
      "open": false,
      "pullRequestId": "PR_kwDOG-zMhM40QzQs",
      "repository": "reimagined-barnacle",
      "reviewerLogins": Array [],
      "reviewers": Array [],
      "source": "VDubber-patch-2",
      "state": "MERGED",
      "target": "main",
      "title": "Update README.md",
      "updatedOn": 1646944955000,
      "validated": true,
      "webLink": "https://github.com/j1-ingest/reimagined-barnacle/pull/4",
    },
    Object {
      "_class": Array [
        "PR",
      ],
      "_key": "j1-ingest/reimagined-barnacle/pull-requests/3",
      "_rawData": Array [
        Object {
          "name": "default",
          "rawData": Object {
            "additions": 2,
            "author": Object {
              "login": "VDubber",
              "name": "Samuel Poulton",
            },
            "authorAssociation": "MEMBER",
            "baseRefName": "main",
            "baseRefOid": "df6d2f7b2ffab4d719385eb2194b0fa91e898107",
            "baseRepository": Object {
              "name": "reimagined-barnacle",
              "owner": Object {
                "id": "O_kgDOBfl5ZQ",
                "login": "j1-ingest",
                "url": "https://github.com/j1-ingest",
              },
              "url": "https://github.com/j1-ingest/reimagined-barnacle",
            },
            "body": "",
            "changedFiles": 1,
            "checksUrl": "https://github.com/j1-ingest/reimagined-barnacle/pull/3/checks",
            "closed": false,
            "closedAt": null,
            "commits": Array [
              Object {
                "author": Object {
                  "date": "2022-03-10T13:41:30-07:00",
                  "user": Object {
                    "login": "VDubber",
                  },
                },
                "authoredDate": "2022-03-10T20:41:30Z",
                "changedFiles": 1,
                "commitUrl": "https://github.com/j1-ingest/reimagined-barnacle/commit/4ced1e9a055754c91986b3026803cff279a231cd",
                "id": "C_kwDOG-zMhNoAKDRjZWQxZTlhMDU1NzU0YzkxOTg2YjMwMjY4MDNjZmYyNzlhMjMxY2Q",
                "message": "Update README.md",
                "oid": "4ced1e9a055754c91986b3026803cff279a231cd",
              },
            ],
            "createdAt": "2022-03-10T20:41:33Z",
            "databaseId": 876818954,
            "deletions": 0,
            "editor": null,
            "headRefName": "VDubber-patch-1",
            "headRefOid": "4ced1e9a055754c91986b3026803cff279a231cd",
            "headRepository": Object {
              "name": "reimagined-barnacle",
              "owner": Object {
                "id": "O_kgDOBfl5ZQ",
                "login": "j1-ingest",
                "url": "https://github.com/j1-ingest",
              },
            },
            "id": "PR_kwDOG-zMhM40QzIK",
            "isDraft": false,
            "labels": Array [],
            "lastEditedAt": null,
            "locked": false,
            "mergeCommit": null,
            "mergeable": "CONFLICTING",
            "merged": false,
            "mergedAt": null,
            "mergedBy": null,
            "number": 3,
            "permalink": "https://github.com/j1-ingest/reimagined-barnacle/pull/3",
            "publishedAt": "2022-03-10T20:41:33Z",
            "reviewDecision": null,
            "reviews": Array [
              Object {
                "author": Object {
                  "login": "spoultonV2",
                  "name": null,
                },
                "commit": Object {
                  "oid": "4ced1e9a055754c91986b3026803cff279a231cd",
                },
                "id": "PRR_kwDOG-zMhM42CCGw",
                "state": "APPROVED",
                "submittedAt": "2022-03-10T21:32:05Z",
                "updatedAt": "2022-03-10T21:32:06Z",
                "url": "https://github.com/j1-ingest/reimagined-barnacle/pull/3#pullrequestreview-906502576",
              },
              Object {
                "author": Object {
                  "login": "spoultonV2",
                  "name": null,
                },
                "commit": Object {
                  "oid": "4ced1e9a055754c91986b3026803cff279a231cd",
                },
                "id": "PRR_kwDOG-zMhM42CD03",
                "state": "APPROVED",
                "submittedAt": "2022-03-10T21:35:04Z",
                "updatedAt": "2022-03-10T21:35:04Z",
                "url": "https://github.com/j1-ingest/reimagined-barnacle/pull/3#pullrequestreview-906509623",
              },
            ],
            "state": "OPEN",
            "title": "Update README.md",
            "updatedAt": "2022-03-10T21:35:04Z",
            "url": "https://github.com/j1-ingest/reimagined-barnacle/pull/3",
          },
        },
      ],
      "_type": "github_pullrequest",
      "accountLogin": "j1-ingest",
      "allCommitsApproved": true,
      "approvalLastAt": 1646944890000,
      "approvalsCount": 2,
      "approved": false,
      "approverLogins": Array [
        "spoultonV2",
      ],
      "approvers": Array [],
      "author": "Samuel Poulton",
      "authorLogin": "VDubber",
      "commitMessages": Array [
        "Update README.md",
      ],
      "commits": Array [
        "4ced1e9a055754c91986b3026803cff279a231cd",
      ],
      "commitsApproved": Array [
        "4ced1e9a055754c91986b3026803cff279a231cd",
      ],
      "commitsByUnknownAuthor": Array [],
      "commitsCount": 1,
      "commitsNotApproved": Array [],
      "createdOn": 1646944893000,
      "databaseId": 876818954,
      "declined": false,
      "description": undefined,
      "displayName": "reimagined-barnacle/3",
      "id": "3",
      "labels": Array [],
      "mergeCommitHash": undefined,
      "merged": false,
      "mergedOn": undefined,
      "name": "Update README.md",
      "node": "PR_kwDOG-zMhM40QzIK",
      "number": 3,
      "open": true,
      "pullRequestId": "PR_kwDOG-zMhM40QzIK",
      "repository": "reimagined-barnacle",
      "reviewerLogins": Array [
        "spoultonV2",
      ],
      "reviewers": Array [],
      "source": "VDubber-patch-1",
      "state": "OPEN",
      "target": "main",
      "title": "Update README.md",
      "updatedOn": 1646948104000,
      "validated": true,
      "webLink": "https://github.com/j1-ingest/reimagined-barnacle/pull/3",
    },
  ],
  "collectedRelationships": Array [
    Object {
      "_class": "HAS",
      "_fromEntityKey": "R_kgDOG5ypUQ",
      "_key": "R_kgDOG5ypUQ|has|j1-ingest/scaling-lamp/pull-requests/1",
      "_toEntityKey": "j1-ingest/scaling-lamp/pull-requests/1",
      "_type": "github_repo_has_pullrequest",
      "displayName": "HAS",
    },
    Object {
      "_class": "OPENED",
      "_fromEntityKey": "MDQ6VXNlcjU5MjMwMDI=",
      "_key": "MDQ6VXNlcjU5MjMwMDI=|opened|j1-ingest/scaling-lamp/pull-requests/1",
      "_toEntityKey": "j1-ingest/scaling-lamp/pull-requests/1",
      "_type": "github_user_opened_pullrequest",
      "displayName": "OPENED",
    },
    Object {
      "_class": "HAS",
      "_fromEntityKey": "R_kgDOG-zMhA",
      "_key": "R_kgDOG-zMhA|has|j1-ingest/reimagined-barnacle/pull-requests/4",
      "_toEntityKey": "j1-ingest/reimagined-barnacle/pull-requests/4",
      "_type": "github_repo_has_pullrequest",
      "displayName": "HAS",
    },
    Object {
      "_class": "OPENED",
      "_fromEntityKey": "MDQ6VXNlcjU5MjMwMDI=",
      "_key": "MDQ6VXNlcjU5MjMwMDI=|opened|j1-ingest/reimagined-barnacle/pull-requests/4",
      "_toEntityKey": "j1-ingest/reimagined-barnacle/pull-requests/4",
      "_type": "github_user_opened_pullrequest",
      "displayName": "OPENED",
    },
    Object {
      "_class": "HAS",
      "_fromEntityKey": "R_kgDOG-zMhA",
      "_key": "R_kgDOG-zMhA|has|j1-ingest/reimagined-barnacle/pull-requests/3",
      "_toEntityKey": "j1-ingest/reimagined-barnacle/pull-requests/3",
      "_type": "github_repo_has_pullrequest",
      "displayName": "HAS",
    },
    Object {
      "_class": "OPENED",
      "_fromEntityKey": "MDQ6VXNlcjU5MjMwMDI=",
      "_key": "MDQ6VXNlcjU5MjMwMDI=|opened|j1-ingest/reimagined-barnacle/pull-requests/3",
      "_toEntityKey": "j1-ingest/reimagined-barnacle/pull-requests/3",
      "_type": "github_user_opened_pullrequest",
      "displayName": "OPENED",
    },
    Object {
      "_class": "REVIEWED",
      "_fromEntityKey": "U_kgDOBgq4WA",
      "_key": "U_kgDOBgq4WA|reviewed|j1-ingest/reimagined-barnacle/pull-requests/3",
      "_toEntityKey": "j1-ingest/reimagined-barnacle/pull-requests/3",
      "_type": "github_user_reviewed_pullrequest",
      "displayName": "REVIEWED",
    },
    Object {
      "_class": "APPROVED",
      "_fromEntityKey": "U_kgDOBgq4WA",
      "_key": "U_kgDOBgq4WA|approved|j1-ingest/reimagined-barnacle/pull-requests/3",
      "_toEntityKey": "j1-ingest/reimagined-barnacle/pull-requests/3",
      "_type": "github_user_approved_pullrequest",
      "displayName": "APPROVED",
    },
  ],
  "encounteredTypes": Array [
    "github_account",
    "github_repo",
    "github_user",
    "github_account_owns_repo",
    "github_account_has_user",
    "github_user_manages_account",
    "github_repo_allows_user",
    "github_pullrequest",
    "github_repo_has_pullrequest",
    "github_user_opened_pullrequest",
    "github_user_reviewed_pullrequest",
    "github_user_approved_pullrequest",
  ],
  "numCollectedEntities": 3,
  "numCollectedRelationships": 8,
}
`;
