// Jest Snapshot v1, https://goo.gl/fbAQLP

exports[`fetchRepos exec handler 1`] = `
Object {
  "collectedEntities": Array [
    Object {
      "_class": Array [
        "CodeRepo",
      ],
      "_key": "R_kgDOIudGfA",
      "_rawData": Array [
        Object {
          "name": "default",
          "rawData": Object {
            "autoMergeAllowed": false,
            "createdAt": "2023-01-05T14:39:43Z",
            "databaseId": 585582204,
            "deleteBranchOnMerge": false,
            "description": null,
            "forkCount": 0,
            "forkingAllowed": false,
            "homepageUrl": null,
            "id": "R_kgDOIudGfA",
            "isArchived": false,
            "isDisabled": false,
            "isEmpty": false,
            "isFork": false,
            "isInOrganization": true,
            "isLocked": false,
            "isMirror": false,
            "isPrivate": true,
            "isSecurityPolicyEnabled": false,
            "isTemplate": false,
            "isUserConfigurationRepository": false,
            "lockReason": null,
            "mergeCommitAllowed": true,
            "name": "test-repo1",
            "nameWithOwner": "JupiterOne-Sandbox/test-repo1",
            "pushedAt": "2023-01-11T15:48:09Z",
            "rebaseMergeAllowed": true,
            "updatedAt": "2023-01-05T14:49:35Z",
            "url": "https://github.com/JupiterOne-Sandbox/test-repo1",
          },
        },
      ],
      "_type": "github_repo",
      "archived": false,
      "autoMergeAllowed": false,
      "createdOn": 1672929583000,
      "databaseId": 585582204,
      "deleteBranchOnMerge": false,
      "description": "",
      "disabled": false,
      "displayName": "test-repo1",
      "empty": false,
      "fork": false,
      "forkCount": 0,
      "forkingAllowed": false,
      "fullName": "jupiterone-sandbox/test-repo1",
      "hasPages": false,
      "homepageUrl": "",
      "inOrganization": true,
      "lockReason": "",
      "locked": false,
      "mergeCommitAllowed": true,
      "mirror": false,
      "name": "test-repo1",
      "node": "R_kgDOIudGfA",
      "owner": "jupiterone-sandbox",
      "pagesUrl": undefined,
      "public": false,
      "pushedOn": 1673452089000,
      "rebaseMergeAllowed": true,
      "securityPolicyEnabled": false,
      "template": false,
      "updatedOn": 1672930175000,
      "userConfigurationRepository": false,
      "webLink": "https://github.com/JupiterOne-Sandbox/test-repo1",
    },
    Object {
      "_class": Array [
        "CodeRepo",
      ],
      "_key": "R_kgDOIudewQ",
      "_rawData": Array [
        Object {
          "name": "default",
          "rawData": Object {
            "autoMergeAllowed": false,
            "createdAt": "2023-01-05T14:57:33Z",
            "databaseId": 585588417,
            "deleteBranchOnMerge": false,
            "description": null,
            "forkCount": 0,
            "forkingAllowed": true,
            "homepageUrl": null,
            "id": "R_kgDOIudewQ",
            "isArchived": false,
            "isDisabled": false,
            "isEmpty": false,
            "isFork": false,
            "isInOrganization": true,
            "isLocked": false,
            "isMirror": false,
            "isPrivate": false,
            "isSecurityPolicyEnabled": false,
            "isTemplate": false,
            "isUserConfigurationRepository": false,
            "lockReason": null,
            "mergeCommitAllowed": true,
            "name": ".github",
            "nameWithOwner": "JupiterOne-Sandbox/.github",
            "pushedAt": "2023-01-05T14:59:52Z",
            "rebaseMergeAllowed": true,
            "updatedAt": "2023-01-05T14:57:33Z",
            "url": "https://github.com/JupiterOne-Sandbox/.github",
          },
        },
      ],
      "_type": "github_repo",
      "archived": false,
      "autoMergeAllowed": false,
      "createdOn": 1672930653000,
      "databaseId": 585588417,
      "deleteBranchOnMerge": false,
      "description": "",
      "disabled": false,
      "displayName": ".github",
      "empty": false,
      "fork": false,
      "forkCount": 0,
      "forkingAllowed": true,
      "fullName": "jupiterone-sandbox/.github",
      "hasPages": false,
      "homepageUrl": "",
      "inOrganization": true,
      "lockReason": "",
      "locked": false,
      "mergeCommitAllowed": true,
      "mirror": false,
      "name": ".github",
      "node": "R_kgDOIudewQ",
      "owner": "jupiterone-sandbox",
      "pagesUrl": undefined,
      "public": true,
      "pushedOn": 1672930792000,
      "rebaseMergeAllowed": true,
      "securityPolicyEnabled": false,
      "template": false,
      "updatedOn": 1672930653000,
      "userConfigurationRepository": false,
      "webLink": "https://github.com/JupiterOne-Sandbox/.github",
    },
    Object {
      "_class": Array [
        "CodeRepo",
      ],
      "_key": "R_kgDOIwifvQ",
      "_rawData": Array [
        Object {
          "name": "default",
          "rawData": Object {
            "autoMergeAllowed": false,
            "createdAt": "2023-01-11T14:41:12Z",
            "databaseId": 587767741,
            "deleteBranchOnMerge": false,
            "description": null,
            "forkCount": 0,
            "forkingAllowed": false,
            "homepageUrl": null,
            "id": "R_kgDOIwifvQ",
            "isArchived": false,
            "isDisabled": false,
            "isEmpty": false,
            "isFork": false,
            "isInOrganization": true,
            "isLocked": false,
            "isMirror": false,
            "isPrivate": true,
            "isSecurityPolicyEnabled": false,
            "isTemplate": false,
            "isUserConfigurationRepository": false,
            "lockReason": null,
            "mergeCommitAllowed": true,
            "name": "test-repo2",
            "nameWithOwner": "JupiterOne-Sandbox/test-repo2",
            "pushedAt": "2023-01-11T14:57:55Z",
            "rebaseMergeAllowed": true,
            "updatedAt": "2023-01-11T14:42:57Z",
            "url": "https://github.com/JupiterOne-Sandbox/test-repo2",
          },
        },
      ],
      "_type": "github_repo",
      "archived": false,
      "autoMergeAllowed": false,
      "createdOn": 1673448072000,
      "databaseId": 587767741,
      "deleteBranchOnMerge": false,
      "description": "",
      "disabled": false,
      "displayName": "test-repo2",
      "empty": false,
      "fork": false,
      "forkCount": 0,
      "forkingAllowed": false,
      "fullName": "jupiterone-sandbox/test-repo2",
      "hasPages": false,
      "homepageUrl": "",
      "inOrganization": true,
      "lockReason": "",
      "locked": false,
      "mergeCommitAllowed": true,
      "mirror": false,
      "name": "test-repo2",
      "node": "R_kgDOIwifvQ",
      "owner": "jupiterone-sandbox",
      "pagesUrl": undefined,
      "public": false,
      "pushedOn": 1673449075000,
      "rebaseMergeAllowed": true,
      "securityPolicyEnabled": false,
      "template": false,
      "updatedOn": 1673448177000,
      "userConfigurationRepository": false,
      "webLink": "https://github.com/JupiterOne-Sandbox/test-repo2",
    },
    Object {
      "_class": Array [
        "CodeRepo",
      ],
      "_key": "R_kgDOIx9bTw",
      "_rawData": Array [
        Object {
          "name": "default",
          "rawData": Object {
            "autoMergeAllowed": false,
            "createdAt": "2023-01-15T15:44:58Z",
            "databaseId": 589257551,
            "deleteBranchOnMerge": false,
            "description": null,
            "forkCount": 0,
            "forkingAllowed": false,
            "homepageUrl": null,
            "id": "R_kgDOIx9bTw",
            "isArchived": false,
            "isDisabled": false,
            "isEmpty": false,
            "isFork": false,
            "isInOrganization": true,
            "isLocked": false,
            "isMirror": false,
            "isPrivate": true,
            "isSecurityPolicyEnabled": false,
            "isTemplate": false,
            "isUserConfigurationRepository": false,
            "lockReason": null,
            "mergeCommitAllowed": true,
            "name": "austin-test",
            "nameWithOwner": "JupiterOne-Sandbox/austin-test",
            "pushedAt": "2023-01-15T15:44:59Z",
            "rebaseMergeAllowed": true,
            "updatedAt": "2023-01-15T15:44:58Z",
            "url": "https://github.com/JupiterOne-Sandbox/austin-test",
          },
        },
      ],
      "_type": "github_repo",
      "archived": false,
      "autoMergeAllowed": false,
      "createdOn": 1673797498000,
      "databaseId": 589257551,
      "deleteBranchOnMerge": false,
      "description": "",
      "disabled": false,
      "displayName": "austin-test",
      "empty": false,
      "fork": false,
      "forkCount": 0,
      "forkingAllowed": false,
      "fullName": "jupiterone-sandbox/austin-test",
      "hasPages": false,
      "homepageUrl": "",
      "inOrganization": true,
      "lockReason": "",
      "locked": false,
      "mergeCommitAllowed": true,
      "mirror": false,
      "name": "austin-test",
      "node": "R_kgDOIx9bTw",
      "owner": "jupiterone-sandbox",
      "pagesUrl": undefined,
      "public": false,
      "pushedOn": 1673797499000,
      "rebaseMergeAllowed": true,
      "securityPolicyEnabled": false,
      "template": false,
      "updatedOn": 1673797498000,
      "userConfigurationRepository": false,
      "webLink": "https://github.com/JupiterOne-Sandbox/austin-test",
    },
    Object {
      "_class": Array [
        "CodeRepo",
      ],
      "_key": "R_kgDOI2pIIA",
      "_rawData": Array [
        Object {
          "name": "default",
          "rawData": Object {
            "autoMergeAllowed": false,
            "createdAt": "2023-01-27T19:00:10Z",
            "databaseId": 594167840,
            "deleteBranchOnMerge": false,
            "description": "This is a project we created that has dependencies with vulnerabilities, for us to test out integrations",
            "forkCount": 0,
            "forkingAllowed": true,
            "homepageUrl": null,
            "id": "R_kgDOI2pIIA",
            "isArchived": false,
            "isDisabled": false,
            "isEmpty": false,
            "isFork": true,
            "isInOrganization": true,
            "isLocked": false,
            "isMirror": false,
            "isPrivate": false,
            "isSecurityPolicyEnabled": false,
            "isTemplate": false,
            "isUserConfigurationRepository": false,
            "lockReason": null,
            "mergeCommitAllowed": true,
            "name": "intentionally-vulnerable-golang-project",
            "nameWithOwner": "JupiterOne-Sandbox/intentionally-vulnerable-golang-project",
            "pushedAt": "2023-01-31T15:46:24Z",
            "rebaseMergeAllowed": true,
            "updatedAt": "2023-01-30T20:58:23Z",
            "url": "https://github.com/JupiterOne-Sandbox/intentionally-vulnerable-golang-project",
          },
        },
      ],
      "_type": "github_repo",
      "archived": false,
      "autoMergeAllowed": false,
      "createdOn": 1674846010000,
      "databaseId": 594167840,
      "deleteBranchOnMerge": false,
      "description": "This is a project we created that has dependencies with vulnerabilities, for us to test out integrations",
      "disabled": false,
      "displayName": "intentionally-vulnerable-golang-project",
      "empty": false,
      "fork": true,
      "forkCount": 0,
      "forkingAllowed": true,
      "fullName": "jupiterone-sandbox/intentionally-vulnerable-golang-project",
      "hasPages": false,
      "homepageUrl": "",
      "inOrganization": true,
      "lockReason": "",
      "locked": false,
      "mergeCommitAllowed": true,
      "mirror": false,
      "name": "intentionally-vulnerable-golang-project",
      "node": "R_kgDOI2pIIA",
      "owner": "jupiterone-sandbox",
      "pagesUrl": undefined,
      "public": true,
      "pushedOn": 1675179984000,
      "rebaseMergeAllowed": true,
      "securityPolicyEnabled": false,
      "template": false,
      "updatedOn": 1675112303000,
      "userConfigurationRepository": false,
      "webLink": "https://github.com/JupiterOne-Sandbox/intentionally-vulnerable-golang-project",
    },
    Object {
      "_class": Array [
        "CodeRepo",
      ],
      "_key": "R_kgDOI2pLFA",
      "_rawData": Array [
        Object {
          "name": "default",
          "rawData": Object {
            "autoMergeAllowed": false,
            "createdAt": "2023-01-27T19:02:32Z",
            "databaseId": 594168596,
            "deleteBranchOnMerge": false,
            "description": "This Repo has pages enabled, which the github integration should ingest",
            "forkCount": 0,
            "forkingAllowed": true,
            "homepageUrl": null,
            "id": "R_kgDOI2pLFA",
            "isArchived": false,
            "isDisabled": false,
            "isEmpty": false,
            "isFork": true,
            "isInOrganization": true,
            "isLocked": false,
            "isMirror": false,
            "isPrivate": false,
            "isSecurityPolicyEnabled": false,
            "isTemplate": false,
            "isUserConfigurationRepository": false,
            "lockReason": null,
            "mergeCommitAllowed": true,
            "name": "RepoWithPages",
            "nameWithOwner": "JupiterOne-Sandbox/RepoWithPages",
            "pushedAt": "2022-10-10T17:59:52Z",
            "rebaseMergeAllowed": true,
            "updatedAt": "2022-10-10T17:54:56Z",
            "url": "https://github.com/JupiterOne-Sandbox/RepoWithPages",
          },
        },
      ],
      "_type": "github_repo",
      "archived": false,
      "autoMergeAllowed": false,
      "createdOn": 1674846152000,
      "databaseId": 594168596,
      "deleteBranchOnMerge": false,
      "description": "This Repo has pages enabled, which the github integration should ingest",
      "disabled": false,
      "displayName": "RepoWithPages",
      "empty": false,
      "fork": true,
      "forkCount": 0,
      "forkingAllowed": true,
      "fullName": "jupiterone-sandbox/repowithpages",
      "hasPages": false,
      "homepageUrl": "",
      "inOrganization": true,
      "lockReason": "",
      "locked": false,
      "mergeCommitAllowed": true,
      "mirror": false,
      "name": "RepoWithPages",
      "node": "R_kgDOI2pLFA",
      "owner": "jupiterone-sandbox",
      "pagesUrl": undefined,
      "public": true,
      "pushedOn": 1665424792000,
      "rebaseMergeAllowed": true,
      "securityPolicyEnabled": false,
      "template": false,
      "updatedOn": 1665424496000,
      "userConfigurationRepository": false,
      "webLink": "https://github.com/JupiterOne-Sandbox/RepoWithPages",
    },
    Object {
      "_class": Array [
        "CodeRepo",
      ],
      "_key": "R_kgDOI2pL-A",
      "_rawData": Array [
        Object {
          "name": "default",
          "rawData": Object {
            "autoMergeAllowed": false,
            "createdAt": "2023-01-27T19:03:15Z",
            "databaseId": 594168824,
            "deleteBranchOnMerge": false,
            "description": "Testing for data ingestion",
            "forkCount": 0,
            "forkingAllowed": true,
            "homepageUrl": "",
            "id": "R_kgDOI2pL-A",
            "isArchived": false,
            "isDisabled": false,
            "isEmpty": false,
            "isFork": true,
            "isInOrganization": true,
            "isLocked": false,
            "isMirror": false,
            "isPrivate": false,
            "isSecurityPolicyEnabled": false,
            "isTemplate": false,
            "isUserConfigurationRepository": false,
            "lockReason": null,
            "mergeCommitAllowed": true,
            "name": "reimagined-barnacle",
            "nameWithOwner": "JupiterOne-Sandbox/reimagined-barnacle",
            "pushedAt": "2023-02-09T22:56:38Z",
            "rebaseMergeAllowed": true,
            "updatedAt": "2023-01-30T23:24:33Z",
            "url": "https://github.com/JupiterOne-Sandbox/reimagined-barnacle",
          },
        },
      ],
      "_type": "github_repo",
      "archived": false,
      "autoMergeAllowed": false,
      "createdOn": 1674846195000,
      "databaseId": 594168824,
      "deleteBranchOnMerge": false,
      "description": "Testing for data ingestion",
      "disabled": false,
      "displayName": "reimagined-barnacle",
      "empty": false,
      "fork": true,
      "forkCount": 0,
      "forkingAllowed": true,
      "fullName": "jupiterone-sandbox/reimagined-barnacle",
      "hasPages": false,
      "homepageUrl": "",
      "inOrganization": true,
      "lockReason": "",
      "locked": false,
      "mergeCommitAllowed": true,
      "mirror": false,
      "name": "reimagined-barnacle",
      "node": "R_kgDOI2pL-A",
      "owner": "jupiterone-sandbox",
      "pagesUrl": undefined,
      "public": true,
      "pushedOn": 1675983398000,
      "rebaseMergeAllowed": true,
      "securityPolicyEnabled": false,
      "template": false,
      "updatedOn": 1675121073000,
      "userConfigurationRepository": false,
      "webLink": "https://github.com/JupiterOne-Sandbox/reimagined-barnacle",
    },
    Object {
      "_class": Array [
        "CodeRepo",
      ],
      "_key": "R_kgDOI2pNdw",
      "_rawData": Array [
        Object {
          "name": "default",
          "rawData": Object {
            "autoMergeAllowed": false,
            "createdAt": "2023-01-27T19:04:25Z",
            "databaseId": 594169207,
            "deleteBranchOnMerge": false,
            "description": "For testing GitHub API",
            "forkCount": 0,
            "forkingAllowed": true,
            "homepageUrl": null,
            "id": "R_kgDOI2pNdw",
            "isArchived": false,
            "isDisabled": false,
            "isEmpty": false,
            "isFork": true,
            "isInOrganization": true,
            "isLocked": false,
            "isMirror": false,
            "isPrivate": false,
            "isSecurityPolicyEnabled": false,
            "isTemplate": false,
            "isUserConfigurationRepository": false,
            "lockReason": null,
            "mergeCommitAllowed": true,
            "name": "ubiquitous-umbrella",
            "nameWithOwner": "JupiterOne-Sandbox/ubiquitous-umbrella",
            "pushedAt": "2022-09-15T22:07:08Z",
            "rebaseMergeAllowed": true,
            "updatedAt": "2022-09-15T22:05:20Z",
            "url": "https://github.com/JupiterOne-Sandbox/ubiquitous-umbrella",
          },
        },
      ],
      "_type": "github_repo",
      "archived": false,
      "autoMergeAllowed": false,
      "createdOn": 1674846265000,
      "databaseId": 594169207,
      "deleteBranchOnMerge": false,
      "description": "For testing GitHub API",
      "disabled": false,
      "displayName": "ubiquitous-umbrella",
      "empty": false,
      "fork": true,
      "forkCount": 0,
      "forkingAllowed": true,
      "fullName": "jupiterone-sandbox/ubiquitous-umbrella",
      "hasPages": false,
      "homepageUrl": "",
      "inOrganization": true,
      "lockReason": "",
      "locked": false,
      "mergeCommitAllowed": true,
      "mirror": false,
      "name": "ubiquitous-umbrella",
      "node": "R_kgDOI2pNdw",
      "owner": "jupiterone-sandbox",
      "pagesUrl": undefined,
      "public": true,
      "pushedOn": 1663279628000,
      "rebaseMergeAllowed": true,
      "securityPolicyEnabled": false,
      "template": false,
      "updatedOn": 1663279520000,
      "userConfigurationRepository": false,
      "webLink": "https://github.com/JupiterOne-Sandbox/ubiquitous-umbrella",
    },
    Object {
      "_class": Array [
        "CodeRepo",
      ],
      "_key": "R_kgDOI8BHIg",
      "_rawData": Array [
        Object {
          "name": "default",
          "rawData": Object {
            "autoMergeAllowed": false,
            "createdAt": "2023-02-09T23:03:38Z",
            "databaseId": 599803682,
            "deleteBranchOnMerge": false,
            "description": "Ingestion testion ",
            "forkCount": 0,
            "forkingAllowed": false,
            "homepageUrl": null,
            "id": "R_kgDOI8BHIg",
            "isArchived": false,
            "isDisabled": false,
            "isEmpty": false,
            "isFork": false,
            "isInOrganization": true,
            "isLocked": false,
            "isMirror": false,
            "isPrivate": true,
            "isSecurityPolicyEnabled": false,
            "isTemplate": false,
            "isUserConfigurationRepository": false,
            "lockReason": null,
            "mergeCommitAllowed": true,
            "name": "literate-waffle",
            "nameWithOwner": "JupiterOne-Sandbox/literate-waffle",
            "pushedAt": "2023-02-09T23:03:38Z",
            "rebaseMergeAllowed": true,
            "updatedAt": "2023-02-09T23:03:38Z",
            "url": "https://github.com/JupiterOne-Sandbox/literate-waffle",
          },
        },
      ],
      "_type": "github_repo",
      "archived": false,
      "autoMergeAllowed": false,
      "createdOn": 1675983818000,
      "databaseId": 599803682,
      "deleteBranchOnMerge": false,
      "description": "Ingestion testion ",
      "disabled": false,
      "displayName": "literate-waffle",
      "empty": false,
      "fork": false,
      "forkCount": 0,
      "forkingAllowed": false,
      "fullName": "jupiterone-sandbox/literate-waffle",
      "hasPages": false,
      "homepageUrl": "",
      "inOrganization": true,
      "lockReason": "",
      "locked": false,
      "mergeCommitAllowed": true,
      "mirror": false,
      "name": "literate-waffle",
      "node": "R_kgDOI8BHIg",
      "owner": "jupiterone-sandbox",
      "pagesUrl": undefined,
      "public": false,
      "pushedOn": 1675983818000,
      "rebaseMergeAllowed": true,
      "securityPolicyEnabled": false,
      "template": false,
      "updatedOn": 1675983818000,
      "userConfigurationRepository": false,
      "webLink": "https://github.com/JupiterOne-Sandbox/literate-waffle",
    },
  ],
  "collectedRelationships": Array [
    Object {
      "_class": "OWNS",
      "_fromEntityKey": "O_kgDOB0VI3Q",
      "_key": "O_kgDOB0VI3Q|owns|R_kgDOIudGfA",
      "_toEntityKey": "R_kgDOIudGfA",
      "_type": "github_account_owns_repo",
      "displayName": "OWNS",
    },
    Object {
      "_class": "OWNS",
      "_fromEntityKey": "O_kgDOB0VI3Q",
      "_key": "O_kgDOB0VI3Q|owns|R_kgDOIudewQ",
      "_toEntityKey": "R_kgDOIudewQ",
      "_type": "github_account_owns_repo",
      "displayName": "OWNS",
    },
    Object {
      "_class": "OWNS",
      "_fromEntityKey": "O_kgDOB0VI3Q",
      "_key": "O_kgDOB0VI3Q|owns|R_kgDOIwifvQ",
      "_toEntityKey": "R_kgDOIwifvQ",
      "_type": "github_account_owns_repo",
      "displayName": "OWNS",
    },
    Object {
      "_class": "OWNS",
      "_fromEntityKey": "O_kgDOB0VI3Q",
      "_key": "O_kgDOB0VI3Q|owns|R_kgDOIx9bTw",
      "_toEntityKey": "R_kgDOIx9bTw",
      "_type": "github_account_owns_repo",
      "displayName": "OWNS",
    },
    Object {
      "_class": "OWNS",
      "_fromEntityKey": "O_kgDOB0VI3Q",
      "_key": "O_kgDOB0VI3Q|owns|R_kgDOI2pIIA",
      "_toEntityKey": "R_kgDOI2pIIA",
      "_type": "github_account_owns_repo",
      "displayName": "OWNS",
    },
    Object {
      "_class": "OWNS",
      "_fromEntityKey": "O_kgDOB0VI3Q",
      "_key": "O_kgDOB0VI3Q|owns|R_kgDOI2pLFA",
      "_toEntityKey": "R_kgDOI2pLFA",
      "_type": "github_account_owns_repo",
      "displayName": "OWNS",
    },
    Object {
      "_class": "OWNS",
      "_fromEntityKey": "O_kgDOB0VI3Q",
      "_key": "O_kgDOB0VI3Q|owns|R_kgDOI2pL-A",
      "_toEntityKey": "R_kgDOI2pL-A",
      "_type": "github_account_owns_repo",
      "displayName": "OWNS",
    },
    Object {
      "_class": "OWNS",
      "_fromEntityKey": "O_kgDOB0VI3Q",
      "_key": "O_kgDOB0VI3Q|owns|R_kgDOI2pNdw",
      "_toEntityKey": "R_kgDOI2pNdw",
      "_type": "github_account_owns_repo",
      "displayName": "OWNS",
    },
    Object {
      "_class": "OWNS",
      "_fromEntityKey": "O_kgDOB0VI3Q",
      "_key": "O_kgDOB0VI3Q|owns|R_kgDOI8BHIg",
      "_toEntityKey": "R_kgDOI8BHIg",
      "_type": "github_account_owns_repo",
      "displayName": "OWNS",
    },
  ],
  "encounteredTypes": Array [
    "github_account",
    "github_repo",
    "github_account_owns_repo",
  ],
  "numCollectedEntities": 9,
  "numCollectedRelationships": 9,
}
`;
