// Jest Snapshot v1, https://goo.gl/fbAQLP

exports[`fetchTeamMembers exec handler 1`] = `
Object {
  "collectedEntities": Array [],
  "collectedRelationships": Array [
    Object {
      "_class": "HAS",
      "_fromEntityKey": "T_kwDOB0VI3c4Ab0na",
      "_key": "T_kwDOB0VI3c4Ab0na|has|MDQ6VXNlcjM3NzE5MjQ=",
      "_toEntityKey": "MDQ6VXNlcjM3NzE5MjQ=",
      "_type": "github_team_has_user",
      "displayName": "HAS",
    },
    Object {
      "_class": "MANAGES",
      "_fromEntityKey": "MDQ6VXNlcjM3NzE5MjQ=",
      "_key": "MDQ6VXNlcjM3NzE5MjQ=|manages|T_kwDOB0VI3c4Ab0na",
      "_toEntityKey": "T_kwDOB0VI3c4Ab0na",
      "_type": "github_user_manages_team",
      "displayName": "MANAGES",
    },
    Object {
      "_class": "HAS",
      "_fromEntityKey": "T_kwDOB0VI3c4Ab0na",
      "_key": "T_kwDOB0VI3c4Ab0na|has|MDQ6VXNlcjU5MjMwMDI=",
      "_toEntityKey": "MDQ6VXNlcjU5MjMwMDI=",
      "_type": "github_team_has_user",
      "displayName": "HAS",
    },
    Object {
      "_class": "MANAGES",
      "_fromEntityKey": "MDQ6VXNlcjU5MjMwMDI=",
      "_key": "MDQ6VXNlcjU5MjMwMDI=|manages|T_kwDOB0VI3c4Ab0na",
      "_toEntityKey": "T_kwDOB0VI3c4Ab0na",
      "_type": "github_user_manages_team",
      "displayName": "MANAGES",
    },
    Object {
      "_class": "HAS",
      "_fromEntityKey": "T_kwDOB0VI3c4Ab0na",
      "_key": "T_kwDOB0VI3c4Ab0na|has|MDQ6VXNlcjcxOTA2OTY=",
      "_toEntityKey": "MDQ6VXNlcjcxOTA2OTY=",
      "_type": "github_team_has_user",
      "displayName": "HAS",
    },
    Object {
      "_class": "MANAGES",
      "_fromEntityKey": "MDQ6VXNlcjcxOTA2OTY=",
      "_key": "MDQ6VXNlcjcxOTA2OTY=|manages|T_kwDOB0VI3c4Ab0na",
      "_toEntityKey": "T_kwDOB0VI3c4Ab0na",
      "_type": "github_user_manages_team",
      "displayName": "MANAGES",
    },
    Object {
      "_class": "HAS",
      "_fromEntityKey": "T_kwDOB0VI3c4Ab0na",
      "_key": "T_kwDOB0VI3c4Ab0na|has|MDQ6VXNlcjU1NzcxODIz",
      "_toEntityKey": "MDQ6VXNlcjU1NzcxODIz",
      "_type": "github_team_has_user",
      "displayName": "HAS",
    },
    Object {
      "_class": "MANAGES",
      "_fromEntityKey": "MDQ6VXNlcjU1NzcxODIz",
      "_key": "MDQ6VXNlcjU1NzcxODIz|manages|T_kwDOB0VI3c4Ab0na",
      "_toEntityKey": "T_kwDOB0VI3c4Ab0na",
      "_type": "github_user_manages_team",
      "displayName": "MANAGES",
    },
    Object {
      "_class": "HAS",
      "_fromEntityKey": "T_kwDOB0VI3c4Ab0na",
      "_key": "T_kwDOB0VI3c4Ab0na|has|U_kgDOBaVAgQ",
      "_toEntityKey": "U_kgDOBaVAgQ",
      "_type": "github_team_has_user",
      "displayName": "HAS",
    },
    Object {
      "_class": "HAS",
      "_fromEntityKey": "T_kwDOB0VI3c4AeONM",
      "_key": "T_kwDOB0VI3c4AeONM|has|MDQ6VXNlcjE2NTYyMDg1",
      "_toEntityKey": "MDQ6VXNlcjE2NTYyMDg1",
      "_type": "github_team_has_user",
      "displayName": "HAS",
    },
    Object {
      "_class": "MANAGES",
      "_fromEntityKey": "MDQ6VXNlcjE2NTYyMDg1",
      "_key": "MDQ6VXNlcjE2NTYyMDg1|manages|T_kwDOB0VI3c4AeONM",
      "_toEntityKey": "T_kwDOB0VI3c4AeONM",
      "_type": "github_user_manages_team",
      "displayName": "MANAGES",
    },
    Object {
      "_class": "HAS",
      "_fromEntityKey": "T_kwDOB0VI3c4AeONM",
      "_key": "T_kwDOB0VI3c4AeONM|has|MDQ6VXNlcjMxMjE4NTA3",
      "_toEntityKey": "MDQ6VXNlcjMxMjE4NTA3",
      "_type": "github_team_has_user",
      "displayName": "HAS",
    },
    Object {
      "_class": "MANAGES",
      "_fromEntityKey": "MDQ6VXNlcjMxMjE4NTA3",
      "_key": "MDQ6VXNlcjMxMjE4NTA3|manages|T_kwDOB0VI3c4AeONM",
      "_toEntityKey": "T_kwDOB0VI3c4AeONM",
      "_type": "github_user_manages_team",
      "displayName": "MANAGES",
    },
    Object {
      "_class": "HAS",
      "_fromEntityKey": "T_kwDOB0VI3c4AeONM",
      "_key": "T_kwDOB0VI3c4AeONM|has|U_kgDOBaVAgQ",
      "_toEntityKey": "U_kgDOBaVAgQ",
      "_type": "github_team_has_user",
      "displayName": "HAS",
    },
  ],
  "encounteredTypes": Array [
    "github_account",
    "github_team",
    "github_user",
    "github_account_has_team",
    "github_account_has_user",
    "github_user_manages_account",
    "github_team_has_user",
    "github_user_manages_team",
  ],
  "numCollectedEntities": 0,
  "numCollectedRelationships": 14,
}
`;
