// Jest Snapshot v1, https://goo.gl/fbAQLP

exports[`fetchTeams exec handler 1`] = `
Object {
  "collectedEntities": Array [
    Object {
      "_class": Array [
        "UserGroup",
      ],
      "_key": "T_kwDOB0VI3c4Ab0na",
      "_rawData": Array [
        Object {
          "name": "default",
          "rawData": Object {
            "createdAt": "2023-01-27T19:00:50Z",
            "databaseId": 7293402,
            "description": "Team for integration engineers",
            "id": "T_kwDOB0VI3c4Ab0na",
            "name": "Integrations Team",
            "privacy": "VISIBLE",
            "slug": "integrations-team",
            "updatedAt": "2023-01-27T19:00:50Z",
            "url": "https://github.com/orgs/JupiterOne-Sandbox/teams/integrations-team",
          },
        },
      ],
      "_type": "github_team",
      "createdOn": 1674846050000,
      "databaseId": 7293402,
      "description": "Team for integration engineers",
      "displayName": "Integrations Team",
      "fullName": "Integrations Team",
      "name": "integrations-team",
      "node": "T_kwDOB0VI3c4Ab0na",
      "privacy": "VISIBLE",
      "updatedOn": 1674846050000,
      "webLink": "https://github.com/orgs/JupiterOne-Sandbox/teams/integrations-team",
    },
  ],
  "collectedRelationships": Array [
    Object {
      "_class": "HAS",
      "_fromEntityKey": "O_kgDOB0VI3Q",
      "_key": "O_kgDOB0VI3Q|has|T_kwDOB0VI3c4Ab0na",
      "_toEntityKey": "T_kwDOB0VI3c4Ab0na",
      "_type": "github_account_has_team",
      "displayName": "HAS",
    },
  ],
  "encounteredTypes": Array [
    "github_account",
    "github_team",
    "github_account_has_team",
  ],
  "numCollectedEntities": 1,
  "numCollectedRelationships": 1,
}
`;
