// Jest Snapshot v1, https://goo.gl/fbAQLP

exports[`fetchTeamMembers exec handler 1`] = `
Object {
  "collectedEntities": Array [],
  "collectedRelationships": Array [
    Object {
      "_class": "HAS",
      "_fromEntityKey": "T_kwDOBfl5Zc4AWHaA",
      "_key": "T_kwDOBfl5Zc4AWHaA|has|MDQ6VXNlcjU5MjMwMDI=",
      "_toEntityKey": "MDQ6VXNlcjU5MjMwMDI=",
      "_type": "github_team_has_user",
      "displayName": "HAS",
    },
    Object {
      "_class": "MANAGES",
      "_fromEntityKey": "MDQ6VXNlcjU5MjMwMDI=",
      "_key": "MDQ6VXNlcjU5MjMwMDI=|manages|T_kwDOBfl5Zc4AWHaA",
      "_toEntityKey": "T_kwDOBfl5Zc4AWHaA",
      "_type": "github_user_manages_team",
      "displayName": "MANAGES",
    },
    Object {
      "_class": "HAS",
      "_fromEntityKey": "T_kwDOBfl5Zc4AV-Cl",
      "_key": "T_kwDOBfl5Zc4AV-Cl|has|MDQ6VXNlcjM3NzE5MjQ=",
      "_toEntityKey": "MDQ6VXNlcjM3NzE5MjQ=",
      "_type": "github_team_has_user",
      "displayName": "HAS",
    },
    Object {
      "_class": "MANAGES",
      "_fromEntityKey": "MDQ6VXNlcjM3NzE5MjQ=",
      "_key": "MDQ6VXNlcjM3NzE5MjQ=|manages|T_kwDOBfl5Zc4AV-Cl",
      "_toEntityKey": "T_kwDOBfl5Zc4AV-Cl",
      "_type": "github_user_manages_team",
      "displayName": "MANAGES",
    },
    Object {
      "_class": "HAS",
      "_fromEntityKey": "T_kwDOBfl5Zc4AV-Cl",
      "_key": "T_kwDOBfl5Zc4AV-Cl|has|MDQ6VXNlcjQyMDI5OTM=",
      "_toEntityKey": "MDQ6VXNlcjQyMDI5OTM=",
      "_type": "github_team_has_user",
      "displayName": "HAS",
    },
    Object {
      "_class": "MANAGES",
      "_fromEntityKey": "MDQ6VXNlcjQyMDI5OTM=",
      "_key": "MDQ6VXNlcjQyMDI5OTM=|manages|T_kwDOBfl5Zc4AV-Cl",
      "_toEntityKey": "T_kwDOBfl5Zc4AV-Cl",
      "_type": "github_user_manages_team",
      "displayName": "MANAGES",
    },
    Object {
      "_class": "HAS",
      "_fromEntityKey": "T_kwDOBfl5Zc4AV-Cl",
      "_key": "T_kwDOBfl5Zc4AV-Cl|has|MDQ6VXNlcjU5MjMwMDI=",
      "_toEntityKey": "MDQ6VXNlcjU5MjMwMDI=",
      "_type": "github_team_has_user",
      "displayName": "HAS",
    },
    Object {
      "_class": "MANAGES",
      "_fromEntityKey": "MDQ6VXNlcjU5MjMwMDI=",
      "_key": "MDQ6VXNlcjU5MjMwMDI=|manages|T_kwDOBfl5Zc4AV-Cl",
      "_toEntityKey": "T_kwDOBfl5Zc4AV-Cl",
      "_type": "github_user_manages_team",
      "displayName": "MANAGES",
    },
    Object {
      "_class": "HAS",
      "_fromEntityKey": "T_kwDOBfl5Zc4AV-Cl",
      "_key": "T_kwDOBfl5Zc4AV-Cl|has|MDQ6VXNlcjYxMzIzMDA=",
      "_toEntityKey": "MDQ6VXNlcjYxMzIzMDA=",
      "_type": "github_team_has_user",
      "displayName": "HAS",
    },
    Object {
      "_class": "MANAGES",
      "_fromEntityKey": "MDQ6VXNlcjYxMzIzMDA=",
      "_key": "MDQ6VXNlcjYxMzIzMDA=|manages|T_kwDOBfl5Zc4AV-Cl",
      "_toEntityKey": "T_kwDOBfl5Zc4AV-Cl",
      "_type": "github_user_manages_team",
      "displayName": "MANAGES",
    },
    Object {
      "_class": "HAS",
      "_fromEntityKey": "T_kwDOBfl5Zc4AV-Cl",
      "_key": "T_kwDOBfl5Zc4AV-Cl|has|U_kgDOBgq4WA",
      "_toEntityKey": "U_kgDOBgq4WA",
      "_type": "github_team_has_user",
      "displayName": "HAS",
    },
    Object {
      "_class": "HAS",
      "_fromEntityKey": "T_kwDOBfl5Zc4AWFtb",
      "_key": "T_kwDOBfl5Zc4AWFtb|has|MDQ6VXNlcjU5MjMwMDI=",
      "_toEntityKey": "MDQ6VXNlcjU5MjMwMDI=",
      "_type": "github_team_has_user",
      "displayName": "HAS",
    },
    Object {
      "_class": "MANAGES",
      "_fromEntityKey": "MDQ6VXNlcjU5MjMwMDI=",
      "_key": "MDQ6VXNlcjU5MjMwMDI=|manages|T_kwDOBfl5Zc4AWFtb",
      "_toEntityKey": "T_kwDOBfl5Zc4AWFtb",
      "_type": "github_user_manages_team",
      "displayName": "MANAGES",
    },
    Object {
      "_class": "HAS",
      "_fromEntityKey": "T_kwDOBfl5Zc4AWFtb",
      "_key": "T_kwDOBfl5Zc4AWFtb|has|MDQ6VXNlcjU1NzcxODIz",
      "_toEntityKey": "MDQ6VXNlcjU1NzcxODIz",
      "_type": "github_team_has_user",
      "displayName": "HAS",
    },
    Object {
      "_class": "MANAGES",
      "_fromEntityKey": "MDQ6VXNlcjU1NzcxODIz",
      "_key": "MDQ6VXNlcjU1NzcxODIz|manages|T_kwDOBfl5Zc4AWFtb",
      "_toEntityKey": "T_kwDOBfl5Zc4AWFtb",
      "_type": "github_user_manages_team",
      "displayName": "MANAGES",
    },
    Object {
      "_class": "HAS",
      "_fromEntityKey": "T_kwDOBfl5Zc4AWFta",
      "_key": "T_kwDOBfl5Zc4AWFta|has|MDQ6VXNlcjU5MjMwMDI=",
      "_toEntityKey": "MDQ6VXNlcjU5MjMwMDI=",
      "_type": "github_team_has_user",
      "displayName": "HAS",
    },
    Object {
      "_class": "MANAGES",
      "_fromEntityKey": "MDQ6VXNlcjU5MjMwMDI=",
      "_key": "MDQ6VXNlcjU5MjMwMDI=|manages|T_kwDOBfl5Zc4AWFta",
      "_toEntityKey": "T_kwDOBfl5Zc4AWFta",
      "_type": "github_user_manages_team",
      "displayName": "MANAGES",
    },
  ],
  "encounteredTypes": Array [
    "github_account",
    "github_team",
    "github_user",
    "github_account_has_team",
    "github_account_has_user",
    "github_user_manages_account",
    "github_team_has_user",
    "github_user_manages_team",
  ],
  "numCollectedEntities": 0,
  "numCollectedRelationships": 17,
}
`;
