// Jest Snapshot v1, https://goo.gl/fbAQLP

exports[`OrgMemberQuery pagination of org members 1`] = `
"
    query ($login: String!, $maxLimit: Int!, $memberCursor: String) {
      organization(login: $login) {
        id
        membersWithRole(first: $maxLimit, after: $memberCursor) {
          edges {
            node {
              id
              ...on User {
    login
    name
    isSiteAdmin
    company
    createdAt
    databaseId
    email
    isEmployee
    location
    updatedAt
    url
    websiteUrl
  }
            }
            ...on OrganizationMemberEdge {
    hasTwoFactorEnabled
    role
  }
          }
          pageInfo {
            endCursor
            hasNextPage
          }
        }
      }
      ...on Query {
    rateLimit {
      limit
      cost
      remaining
      resetAt
    }
  }
    }"
`;
