// Jest Snapshot v1, https://goo.gl/fbAQLP

exports[`toPullRequestEntity with all commits approved 1`] = `
Object {
  "_class": Array [
    "PR",
  ],
  "_key": "JupiterOne/jupiter-integration-aws/pull-requests/45",
  "_rawData": Array [
    Object {
      "name": "default",
      "rawData": Object {
        "author": Object {
          "login": "somebody",
          "name": "Some Body",
        },
        "baseRefName": "main",
        "baseRefOid": "989c2e36df5b7d2e77ff1ab33aaee49bea705066",
        "baseRepository": Object {
          "name": "jupiter-integration-aws",
          "owner": Object {
            "login": "JupiterOne",
          },
        },
        "body": "This is some discription or something",
        "changedFiles": 7,
        "createdAt": "2021-08-31T22:15:07Z",
        "headRefName": "autoscaling-policies",
        "headRefOid": "1103a7a2e976439ca184f775196759084f16e42f",
        "headRepository": Object {
          "name": "jupiter-integration-aws",
          "owner": Object {
            "login": "JupiterOne",
          },
        },
        "id": "MDExOlB1bGxSZXF1ZXN0NzIzODE1Nzc1",
        "mergeCommit": Object {
          "commitUrl": "https://github.com/JupiterOne/jupiter-integration-aws/commit/39483af8a356b5684513bf56c044dab0ed4c0c7a",
          "oid": "39483af8a356b5684513bf56c044dab0ed4c0c7a",
        },
        "merged": true,
        "mergedAt": "2021-09-01T01:53:34Z",
        "mergedBy": Object {
          "login": "somebody",
          "name": "Some Body",
        },
        "number": 45,
        "reviewDecision": "APPROVED",
        "state": "MERGED",
        "title": "Ingest AutoScaling Policies and build relationships",
        "updatedAt": "2021-09-01T01:53:35Z",
        "url": "https://github.com/JupiterOne/jupiter-integration-aws/pull/45",
      },
    },
  ],
  "_type": "github_pullrequest",
  "accountLogin": "JupiterOne",
  "allCommitsApproved": true,
  "approvalLastAt": 1630448379000,
  "approvalsCount": 1,
  "approved": true,
  "approverLogins": Array [
    "reviewer-user",
  ],
  "approvers": Array [
    "Reviewer User",
  ],
  "author": "Some Body",
  "authorLogin": "somebody",
  "commitMessages": Array [
    "Ingest AutoScaling Policies and build \`aws_autoscaling_group\` \`USES\` \`aws_autoscaling_policy\` relationships",
    "Merge branch 'main' of github.com:jupiterone/jupiter-integration-aws into autoscaling-policies",
    "fix _type and _class",
  ],
  "commits": Array [
    "890af24d913107194e9ce9439b7e71ea2b1b17c4",
    "69b3d5771a50752acf9310fd93b7a176d6cffaa2",
    "1103a7a2e976439ca184f775196759084f16e42f",
  ],
  "commitsApproved": Array [
    "890af24d913107194e9ce9439b7e71ea2b1b17c4",
    "69b3d5771a50752acf9310fd93b7a176d6cffaa2",
    "1103a7a2e976439ca184f775196759084f16e42f",
  ],
  "commitsByUnknownAuthor": Array [],
  "commitsCount": 3,
  "commitsNotApproved": Array [],
  "createdOn": 1630448107000,
  "databaseId": undefined,
  "declined": false,
  "description": "This is some discription or something...",
  "displayName": "jupiter-integration-aws/45",
  "filesChangedCount": 7,
  "id": "45",
  "labels": Array [],
  "mergeCommitHash": "39483af8a356b5684513bf56c044dab0ed4c0c7a",
  "merged": true,
  "mergedBy": "Some Body",
  "mergedByLogin": "somebody",
  "mergedOn": 1630461214000,
  "name": "Ingest AutoScaling Policies and build relationships",
  "node": "MDExOlB1bGxSZXF1ZXN0NzIzODE1Nzc1",
  "number": 45,
  "open": false,
  "pullRequestId": "MDExOlB1bGxSZXF1ZXN0NzIzODE1Nzc1",
  "repository": "jupiter-integration-aws",
  "reviewerLogins": Array [
    "reviewer-user",
  ],
  "reviewers": Array [
    "Reviewer User",
  ],
  "source": "autoscaling-policies",
  "sourceRefOid": "1103a7a2e976439ca184f775196759084f16e42f",
  "state": "MERGED",
  "target": "main",
  "targetRefOid": "989c2e36df5b7d2e77ff1ab33aaee49bea705066",
  "title": "Ingest AutoScaling Policies and build relationships",
  "updatedOn": 1630461215000,
  "validated": true,
  "webLink": "https://github.com/JupiterOne/jupiter-integration-aws/pull/45",
}
`;
