// Jest Snapshot v1, https://goo.gl/fbAQLP

exports[`toPullRequestEntity with all commits approved 1`] = `
Object {
  "_class": Array [
    "PR",
  ],
  "_key": "JupiterOne/jupiter-integration-aws/pull-requests/45",
  "_rawData": Array [
    Object {
      "name": "default",
      "rawData": Object {
        "additions": 156,
        "author": Object {
          "isSiteAdmin": true,
          "login": "somebody",
          "name": "Some Body",
        },
        "authorAssociation": "CONTRIBUTOR",
        "baseRefName": "main",
        "baseRefOid": "989c2e36df5b7d2e77ff1ab33aaee49bea705066",
        "baseRepository": Object {
          "name": "jupiter-integration-aws",
          "owner": Object {
            "id": "MDEyOk9yZ2FuaXphdGlvbjQ0NjQ2NTEy",
            "login": "JupiterOne",
            "url": "https://github.com/JupiterOne",
          },
        },
        "body": "This is some discription or something",
        "changedFiles": 7,
        "checksUrl": "https://github.com/JupiterOne/jupiter-integration-aws/pull/45/checks",
        "closed": true,
        "closedAt": "2021-09-01T01:53:34Z",
        "commits": Array [
          Object {
            "author": Object {
              "date": "2021-08-31T18:14:38-04:00",
              "user": Object {
                "isSiteAdmin": true,
                "login": "somebody",
                "name": "Some Body",
              },
            },
            "authoredDate": "2021-08-31T22:14:45Z",
            "changedFiles": 7,
            "commitUrl": "https://github.com/JupiterOne/jupiter-integration-aws/commit/890af24d913107194e9ce9439b7e71ea2b1b17c4",
            "id": "MDY6Q29tbWl0Mzg4ODgwNzEwOjg5MGFmMjRkOTEzMTA3MTk0ZTljZTk0MzliN2U3MWVhMmIxYjE3YzQ=",
            "message": "Ingest AutoScaling Policies and build \`aws_autoscaling_group\` \`USES\` \`aws_autoscaling_policy\` relationships",
            "oid": "890af24d913107194e9ce9439b7e71ea2b1b17c4",
          },
          Object {
            "author": Object {
              "date": "2021-08-31T18:17:39-04:00",
              "user": Object {
                "isSiteAdmin": true,
                "login": "somebody",
                "name": "Some Body",
              },
            },
            "authoredDate": "2021-08-31T22:17:46Z",
            "changedFiles": 0,
            "commitUrl": "https://github.com/JupiterOne/jupiter-integration-aws/commit/69b3d5771a50752acf9310fd93b7a176d6cffaa2",
            "id": "MDY6Q29tbWl0Mzg4ODgwNzEwOjY5YjNkNTc3MWE1MDc1MmFjZjkzMTBmZDkzYjdhMTc2ZDZjZmZhYTI=",
            "message": "Merge branch 'main' of github.com:jupiterone/jupiter-integration-aws into autoscaling-policies",
            "oid": "69b3d5771a50752acf9310fd93b7a176d6cffaa2",
          },
          Object {
            "author": Object {
              "date": "2021-08-31T18:19:34-04:00",
              "user": Object {
                "isSiteAdmin": true,
                "login": "somebody",
                "name": "Some Body",
              },
            },
            "authoredDate": "2021-08-31T22:19:39Z",
            "changedFiles": 2,
            "commitUrl": "https://github.com/JupiterOne/jupiter-integration-aws/commit/1103a7a2e976439ca184f775196759084f16e42f",
            "id": "MDY6Q29tbWl0Mzg4ODgwNzEwOjExMDNhN2EyZTk3NjQzOWNhMTg0Zjc3NTE5Njc1OTA4NGYxNmU0MmY=",
            "message": "fix _type and _class",
            "oid": "1103a7a2e976439ca184f775196759084f16e42f",
          },
        ],
        "createdAt": "2021-08-31T22:15:07Z",
        "deletions": 27,
        "headRefName": "autoscaling-policies",
        "headRefOid": "1103a7a2e976439ca184f775196759084f16e42f",
        "headRepository": Object {
          "name": "jupiter-integration-aws",
          "owner": Object {
            "id": "MDEyOk9yZ2FuaXphdGlvbjQ0NjQ2NTEy",
            "login": "JupiterOne",
            "url": "https://github.com/JupiterOne",
          },
        },
        "id": "MDExOlB1bGxSZXF1ZXN0NzIzODE1Nzc1",
        "isDraft": false,
        "labels": Array [],
        "lastEditedAt": undefined,
        "locked": false,
        "mergeCommit": Object {
          "author": Object {
            "date": "2021-08-31T21:53:34-04:00",
            "user": Object {
              "isSiteAdmin": true,
              "login": "somebody",
              "name": "Some Body",
            },
          },
          "authoredDate": "2021-09-01T01:53:35Z",
          "changedFiles": 7,
          "commitUrl": "https://github.com/JupiterOne/jupiter-integration-aws/commit/39483af8a356b5684513bf56c044dab0ed4c0c7a",
          "id": "MDY6Q29tbWl0Mzg4ODgwNzEwOjM5NDgzYWY4YTM1NmI1Njg0NTEzYmY1NmMwNDRkYWIwZWQ0YzBjN2E=",
          "message": "Merge pull request #45 from JupiterOne/autoscaling-policies",
          "oid": "39483af8a356b5684513bf56c044dab0ed4c0c7a",
        },
        "mergeable": "UNKNOWN",
        "merged": true,
        "mergedAt": "2021-09-01T01:53:34Z",
        "mergedBy": Object {
          "isSiteAdmin": true,
          "login": "somebody",
          "name": "Some Body",
        },
        "number": 45,
        "permalink": "https://github.com/JupiterOne/jupiter-integration-aws/pull/45",
        "publishedAt": "2021-08-31T22:15:07Z",
        "reviewDecision": "APPROVED",
        "reviews": Array [
          Object {
            "author": Object {
              "isSiteAdmin": false,
              "login": "reviewer-user",
              "name": "Reviewer User",
            },
            "commit": Object {
              "oid": "1103a7a2e976439ca184f775196759084f16e42f",
            },
            "id": "MDE3OlB1bGxSZXF1ZXN0UmV2aWV3NzQzMjk0Njkx",
            "state": "APPROVED",
            "submittedAt": "2021-09-01T00:19:38Z",
            "updatedAt": "2021-09-01T00:19:38Z",
            "url": "https://github.com/JupiterOne/jupiter-integration-aws/pull/45#pullrequestreview-743294691",
          },
        ],
        "state": "MERGED",
        "title": "Ingest AutoScaling Policies and build relationships",
        "updatedAt": "2021-09-01T01:53:35Z",
        "url": "https://github.com/JupiterOne/jupiter-integration-aws/pull/45",
      },
    },
  ],
  "_type": "github_pullrequest",
  "accountLogin": "JupiterOne",
  "allCommitsApproved": true,
  "approvalLastAt": 1630448379000,
  "approvalsCount": 1,
  "approved": true,
  "approverLogins": Array [
    "reviewer-user",
  ],
  "approvers": Array [
    "Reviewer User",
  ],
  "author": "Some Body",
  "authorLogin": "somebody",
  "commitMessages": Array [
    "Ingest AutoScaling Policies and build \`aws_autoscaling_group\` \`USES\` \`aws_autoscaling_policy\` relationships",
    "Merge branch 'main' of github.com:jupiterone/jupiter-integration-aws into autoscaling-policies",
    "fix _type and _class",
  ],
  "commits": Array [
    "890af24d913107194e9ce9439b7e71ea2b1b17c4",
    "69b3d5771a50752acf9310fd93b7a176d6cffaa2",
    "1103a7a2e976439ca184f775196759084f16e42f",
  ],
  "commitsApproved": Array [
    "890af24d913107194e9ce9439b7e71ea2b1b17c4",
    "69b3d5771a50752acf9310fd93b7a176d6cffaa2",
    "1103a7a2e976439ca184f775196759084f16e42f",
  ],
  "commitsByUnknownAuthor": Array [],
  "commitsCount": 3,
  "commitsNotApproved": Array [],
  "createdOn": 1630448107000,
  "databaseId": undefined,
  "declined": false,
  "description": "This is some discription or something...",
  "displayName": "jupiter-integration-aws/45",
  "id": "45",
  "labels": Array [],
  "mergeCommitHash": "39483af8a356b5684513bf56c044dab0ed4c0c7a",
  "merged": true,
  "mergedOn": 1630461214000,
  "name": "Ingest AutoScaling Policies and build relationships",
  "node": "MDExOlB1bGxSZXF1ZXN0NzIzODE1Nzc1",
  "number": 45,
  "open": false,
  "pullRequestId": "MDExOlB1bGxSZXF1ZXN0NzIzODE1Nzc1",
  "repository": "jupiter-integration-aws",
  "reviewerLogins": Array [
    "reviewer-user",
  ],
  "reviewers": Array [
    "Reviewer User",
  ],
  "source": "autoscaling-policies",
  "state": "MERGED",
  "target": "main",
  "title": "Ingest AutoScaling Policies and build relationships",
  "updatedOn": 1630461215000,
  "validated": true,
  "webLink": "https://github.com/JupiterOne/jupiter-integration-aws/pull/45",
}
`;
