// Jest Snapshot v1, https://goo.gl/fbAQLP

exports[`OrgRepositoriesQuery pagination of org repos 1`] = `
"
      query ($login: String!, $maxLimit: Int!, $repoCursor: String) {
        organization(login: $login) {
          id
          repositories(first: $maxLimit, after: $repoCursor) {
            nodes {
              id
              ...on Repository {
    name
    nameWithOwner
    url
    isPrivate
    isArchived
    createdAt
    updatedAt
    autoMergeAllowed
    databaseId
    deleteBranchOnMerge
    description
    forkCount
    forkingAllowed
    homepageUrl
    isDisabled
    isEmpty
    isFork
    isInOrganization
    isLocked
    isMirror
    isSecurityPolicyEnabled
    isTemplate
    isUserConfigurationRepository
    lockReason
    mergeCommitAllowed
    pushedAt
    rebaseMergeAllowed
    url
    visibility
    branchProtectionRules {
      totalCount
    }
    collaborators {
      totalCount
    }
    vulnerabilityAlerts(states: [FIXED, DISMISSED, OPEN]) {
  totalCount
}

    
  issues(filterBy: { since: \\"1970-01-01T00:00:00.000Z\\" }) {
    totalCount
  }

  }
            }
            pageInfo {
              endCursor
              hasNextPage
            }
          }
        }
        ...on Query {
    rateLimit {
      limit
      cost
      remaining
      resetAt
    }
  }
      }"
`;
