// Jest Snapshot v1, https://goo.gl/fbAQLP

exports[`pull request resources pullRequest pagination only 1`] = `
Array [
  Object {
    "additions": 2,
    "author": Object {
      "login": "kevincasey1222",
      "name": "Kevin Casey",
    },
    "authorAssociation": "MEMBER",
    "baseRefName": "main",
    "baseRefOid": "c0cdb61ee135a15d7394d2acea22b50686521f62",
    "baseRepository": Object {
      "name": "Test-repo",
      "owner": Object {
        "id": "MDEyOk9yZ2FuaXphdGlvbjg0OTIzNTAz",
        "login": "Kei-Institute",
        "url": "https://github.com/Kei-Institute",
      },
      "url": "https://github.com/Kei-Institute/Test-repo",
    },
    "body": "Here are some things which are less important, but still things, nonetheless.",
    "changedFiles": 2,
    "checksUrl": "https://github.com/Kei-Institute/Test-repo/pull/2/checks",
    "closed": false,
    "closedAt": null,
    "commits": Array [
      Object {
        "author": Object {
          "date": "2021-06-08T12:09:44-06:00",
          "user": Object {
            "login": "kevincasey1222",
          },
        },
        "authoredDate": "2021-06-08T18:09:44Z",
        "changedFiles": 1,
        "commitUrl": "https://github.com/Kei-Institute/Test-repo/commit/fccd3f6493c1117f884d4915e285a2d6263fbe7c",
        "id": "MDY6Q29tbWl0MzcxNDE5NTk4OmZjY2QzZjY0OTNjMTExN2Y4ODRkNDkxNWUyODVhMmQ2MjYzZmJlN2M=",
        "message": "Some things to seriously consider",
        "oid": "fccd3f6493c1117f884d4915e285a2d6263fbe7c",
      },
      Object {
        "author": Object {
          "date": "2021-06-08T12:11:53-06:00",
          "user": Object {
            "login": "kevincasey1222",
          },
        },
        "authoredDate": "2021-06-08T18:11:53Z",
        "changedFiles": 1,
        "commitUrl": "https://github.com/Kei-Institute/Test-repo/commit/49e7dc63370c0573e0415c1a75d5208a7a3cbeb7",
        "id": "MDY6Q29tbWl0MzcxNDE5NTk4OjQ5ZTdkYzYzMzcwYzA1NzNlMDQxNWMxYTc1ZDUyMDhhN2EzY2JlYjc=",
        "message": "Things which can be considered less seriously",
        "oid": "49e7dc63370c0573e0415c1a75d5208a7a3cbeb7",
      },
    ],
    "createdAt": "2021-06-08T18:12:39Z",
    "databaseId": 665153170,
    "deletions": 0,
    "editor": null,
    "headRefName": "anotherBranch",
    "headRefOid": "49e7dc63370c0573e0415c1a75d5208a7a3cbeb7",
    "headRepository": Object {
      "name": "Test-repo",
      "owner": Object {
        "id": "MDEyOk9yZ2FuaXphdGlvbjg0OTIzNTAz",
        "login": "Kei-Institute",
        "url": "https://github.com/Kei-Institute",
      },
    },
    "id": "MDExOlB1bGxSZXF1ZXN0NjY1MTUzMTcw",
    "isDraft": false,
    "labels": Array [
      Object {
        "id": "MDU6TGFiZWwzMDM2NTU5NTY3",
        "name": "good first issue",
        "node": undefined,
        "pullRequests": "MDExOlB1bGxSZXF1ZXN0NjY1MTUzMTcw",
      },
    ],
    "lastEditedAt": null,
    "locked": false,
    "mergeCommit": null,
    "mergeable": "MERGEABLE",
    "merged": false,
    "mergedAt": null,
    "mergedBy": null,
    "number": 2,
    "permalink": "https://github.com/Kei-Institute/Test-repo/pull/2",
    "publishedAt": "2021-06-08T18:12:39Z",
    "reviewDecision": "APPROVED",
    "reviews": Array [
      Object {
        "author": Object {
          "login": "mknoedel",
          "name": "Michael Knoedel",
        },
        "commit": Object {
          "oid": "49e7dc63370c0573e0415c1a75d5208a7a3cbeb7",
        },
        "id": "MDE3OlB1bGxSZXF1ZXN0UmV2aWV3NzQ1NjEyNTAw",
        "node": undefined,
        "pullRequests": "MDExOlB1bGxSZXF1ZXN0NjY1MTUzMTcw",
        "state": "APPROVED",
        "submittedAt": "2021-09-03T00:10:55Z",
        "updatedAt": "2021-09-03T00:10:55Z",
        "url": "https://github.com/Kei-Institute/Test-repo/pull/2#pullrequestreview-745612500",
      },
    ],
    "state": "OPEN",
    "title": "Another branch",
    "updatedAt": "2021-10-02T18:26:38Z",
    "url": "https://github.com/Kei-Institute/Test-repo/pull/2",
  },
  Object {
    "additions": 1,
    "author": Object {
      "login": "kevincasey1222",
      "name": "Kevin Casey",
    },
    "authorAssociation": "MEMBER",
    "baseRefName": "main",
    "baseRefOid": "c0cdb61ee135a15d7394d2acea22b50686521f62",
    "baseRepository": Object {
      "name": "Test-repo",
      "owner": Object {
        "id": "MDEyOk9yZ2FuaXphdGlvbjg0OTIzNTAz",
        "login": "Kei-Institute",
        "url": "https://github.com/Kei-Institute",
      },
      "url": "https://github.com/Kei-Institute/Test-repo",
    },
    "body": "This is a test pull request, with things to seriously consider.",
    "changedFiles": 1,
    "checksUrl": "https://github.com/Kei-Institute/Test-repo/pull/1/checks",
    "closed": false,
    "closedAt": null,
    "commits": Array [
      Object {
        "author": Object {
          "date": "2021-06-08T12:09:44-06:00",
          "user": Object {
            "login": "kevincasey1222",
          },
        },
        "authoredDate": "2021-06-08T18:09:44Z",
        "changedFiles": 1,
        "commitUrl": "https://github.com/Kei-Institute/Test-repo/commit/fccd3f6493c1117f884d4915e285a2d6263fbe7c",
        "id": "MDY6Q29tbWl0MzcxNDE5NTk4OmZjY2QzZjY0OTNjMTExN2Y4ODRkNDkxNWUyODVhMmQ2MjYzZmJlN2M=",
        "message": "Some things to seriously consider",
        "oid": "fccd3f6493c1117f884d4915e285a2d6263fbe7c",
      },
    ],
    "createdAt": "2021-06-08T18:10:20Z",
    "databaseId": 665150699,
    "deletions": 0,
    "editor": null,
    "headRefName": "testBranch",
    "headRefOid": "fccd3f6493c1117f884d4915e285a2d6263fbe7c",
    "headRepository": Object {
      "name": "Test-repo",
      "owner": Object {
        "id": "MDEyOk9yZ2FuaXphdGlvbjg0OTIzNTAz",
        "login": "Kei-Institute",
        "url": "https://github.com/Kei-Institute",
      },
    },
    "id": "MDExOlB1bGxSZXF1ZXN0NjY1MTUwNjk5",
    "isDraft": false,
    "labels": Array [
      Object {
        "id": "MDU6TGFiZWwzMDM2NTU5NTYw",
        "name": "documentation",
        "node": undefined,
        "pullRequests": "MDExOlB1bGxSZXF1ZXN0NjY1MTUwNjk5",
      },
      Object {
        "id": "MDU6TGFiZWwzMDM2NTU5NTY0",
        "name": "enhancement",
        "node": undefined,
        "pullRequests": "MDExOlB1bGxSZXF1ZXN0NjY1MTUwNjk5",
      },
    ],
    "lastEditedAt": null,
    "locked": false,
    "mergeCommit": null,
    "mergeable": "MERGEABLE",
    "merged": false,
    "mergedAt": null,
    "mergedBy": null,
    "number": 1,
    "permalink": "https://github.com/Kei-Institute/Test-repo/pull/1",
    "publishedAt": "2021-06-08T18:10:20Z",
    "reviewDecision": null,
    "reviews": Array [],
    "state": "OPEN",
    "title": "Some things to seriously consider",
    "updatedAt": "2021-10-02T18:26:13Z",
    "url": "https://github.com/Kei-Institute/Test-repo/pull/1",
  },
]
`;
