// Jest Snapshot v1, https://goo.gl/fbAQLP

exports[`organization resources child resource only 1`] = `
Array [
  Object {
    "id": "MDQ6VXNlcjU5MjMwMDI=",
    "login": "VDubber",
    "name": "Samuel Poulton",
    "node": undefined,
    "role": "MAINTAINER",
    "teams": "T_kwDOBfl5Zc4AV-Cl",
  },
  Object {
    "id": "U_kgDOBgq4WA",
    "login": "spoultonV2",
    "name": "SamBot",
    "node": undefined,
    "role": "MEMBER",
    "teams": "T_kwDOBfl5Zc4AV-Cl",
  },
]
`;
